[0.009s] Invoking command in '/home/mi/FishRos/chapter3/topic_ws/build/demo_cpp_topic': CMAKE_PREFIX_PATH=${CMAKE_PREFIX_PATH}:/opt/ros/humble:/home/mi/dev_ws/install/learning_urdf:/home/mi/dev_ws/install/learning_topic:/home/mi/dev_ws/install/learning_tf:/home/mi/dev_ws/install/learning_service:/home/mi/dev_ws/install/learning_qos:/home/mi/dev_ws/install/learning_pkg_python:/home/mi/dev_ws/install/learning_parameter:/home/mi/dev_ws/install/learning_node:/home/mi/dev_ws/install/learning_launch:/home/mi/dev_ws/install/learning_action:/home/mi/dev_ws/install/learning_gazebo_harmonic:/home/mi/dev_ws/install/learning_gazebo:/home/mi/dev_ws/install/learning_cv CONDA_PROMPT_MODIFIER=(base) /usr/bin/cmake /home/mi/FishRos/chapter3/topic_ws/src/demo_cpp_topic -DCMAKE_INSTALL_PREFIX=/home/mi/FishRos/chapter3/topic_ws/install/demo_cpp_topic
[0.018s] -- Found ament_cmake: 1.3.11 (/opt/ros/humble/share/ament_cmake/cmake)
[0.111s] -- Found rclcpp: 16.0.11 (/opt/ros/humble/share/rclcpp/cmake)
[0.128s] -- Found rosidl_generator_c: 3.1.6 (/opt/ros/humble/share/rosidl_generator_c/cmake)
[0.129s] -- Found rosidl_adapter: 3.1.6 (/opt/ros/humble/share/rosidl_adapter/cmake)
[0.132s] -- Found rosidl_generator_cpp: 3.1.6 (/opt/ros/humble/share/rosidl_generator_cpp/cmake)
[0.138s] -- Using all available rosidl_typesupport_c: rosidl_typesupport_fastrtps_c;rosidl_typesupport_introspection_c
[0.145s] -- Using all available rosidl_typesupport_cpp: rosidl_typesupport_fastrtps_cpp;rosidl_typesupport_introspection_cpp
[0.164s] -- Found rmw_implementation_cmake: 6.1.2 (/opt/ros/humble/share/rmw_implementation_cmake/cmake)
[0.165s] -- Found rmw_cyclonedds_cpp: 1.3.4 (/opt/ros/humble/share/rmw_cyclonedds_cpp/cmake)
[0.176s] -- Using RMW implementation 'rmw_cyclonedds_cpp' as default
[0.202s] -- Found geometry_msgs: 4.2.4 (/opt/ros/humble/share/geometry_msgs/cmake)
[0.209s] -- Found turtlesim: 1.4.2 (/opt/ros/humble/share/turtlesim/cmake)
[0.229s] -- Found ament_lint_auto: 0.12.11 (/opt/ros/humble/share/ament_lint_auto/cmake)
[0.248s] Traceback (most recent call last):
[0.248s]   File "/opt/ros/humble/share/ament_cmake_core/cmake/core/package_xml_2_cmake.py", line 22, in <module>
[0.248s]     from catkin_pkg.package import parse_package_string
[0.248s] ModuleNotFoundError: No module named 'catkin_pkg'
[0.250s] [31mCMake Error at /opt/ros/humble/share/ament_cmake_core/cmake/core/ament_package_xml.cmake:95 (message):
[0.250s]   execute_process(/home/mi/miniconda3/bin/python3
[0.250s]   /opt/ros/humble/share/ament_cmake_core/cmake/core/package_xml_2_cmake.py
[0.250s]   /home/mi/FishRos/chapter3/topic_ws/src/demo_cpp_topic/package.xml
[0.250s]   /home/mi/FishRos/chapter3/topic_ws/build/demo_cpp_topic/ament_cmake_core/package.cmake)
[0.250s]   returned error code 1
[0.250s] Call Stack (most recent call first):
[0.250s]   /opt/ros/humble/share/ament_cmake_core/cmake/core/ament_package_xml.cmake:49 (_ament_package_xml)
[0.250s]   /opt/ros/humble/share/ament_lint_auto/cmake/ament_lint_auto_find_test_dependencies.cmake:31 (ament_package_xml)
[0.250s]   CMakeLists.txt:32 (ament_lint_auto_find_test_dependencies)
[0.250s] 
[0.250s] [0m
[0.250s] -- Configuring incomplete, errors occurred!
[0.250s] See also "/home/mi/FishRos/chapter3/topic_ws/build/demo_cpp_topic/CMakeFiles/CMakeOutput.log".
[0.255s] Invoked command in '/home/mi/FishRos/chapter3/topic_ws/build/demo_cpp_topic' returned '1': CMAKE_PREFIX_PATH=${CMAKE_PREFIX_PATH}:/opt/ros/humble:/home/mi/dev_ws/install/learning_urdf:/home/mi/dev_ws/install/learning_topic:/home/mi/dev_ws/install/learning_tf:/home/mi/dev_ws/install/learning_service:/home/mi/dev_ws/install/learning_qos:/home/mi/dev_ws/install/learning_pkg_python:/home/mi/dev_ws/install/learning_parameter:/home/mi/dev_ws/install/learning_node:/home/mi/dev_ws/install/learning_launch:/home/mi/dev_ws/install/learning_action:/home/mi/dev_ws/install/learning_gazebo_harmonic:/home/mi/dev_ws/install/learning_gazebo:/home/mi/dev_ws/install/learning_cv CONDA_PROMPT_MODIFIER=(base) /usr/bin/cmake /home/mi/FishRos/chapter3/topic_ws/src/demo_cpp_topic -DCMAKE_INSTALL_PREFIX=/home/mi/FishRos/chapter3/topic_ws/install/demo_cpp_topic
