[0.325s] Invoking command in '/home/mi/FishRos/chapt7/chapt7_ws/build/fishbot_description': CMAKE_PREFIX_PATH=${CMAKE_PREFIX_PATH}:/home/mi/FishRos/chapt7/chapt7_ws/install/fishbot_application:/home/mi/FishRos/chapt7/chapt7_ws/install/autopatrol_robot:/opt/ros/humble:/home/mi/dev_ws/install/learning_urdf:/home/mi/dev_ws/install/learning_topic:/home/mi/dev_ws/install/learning_tf:/home/mi/dev_ws/install/learning_service:/home/mi/dev_ws/install/learning_qos:/home/mi/dev_ws/install/learning_pkg_python:/home/mi/dev_ws/install/learning_parameter:/home/mi/dev_ws/install/learning_node:/home/mi/dev_ws/install/learning_launch:/home/mi/dev_ws/install/learning_action:/home/mi/dev_ws/install/learning_gazebo_harmonic:/home/mi/dev_ws/install/learning_gazebo:/home/mi/dev_ws/install/learning_cv /usr/bin/cmake --build /home/mi/FishRos/chapt7/chapt7_ws/build/fishbot_description -- -j20 -l20
[0.355s] Invoked command in '/home/mi/FishRos/chapt7/chapt7_ws/build/fishbot_description' returned '0': CMAKE_PREFIX_PATH=${CMAKE_PREFIX_PATH}:/home/mi/FishRos/chapt7/chapt7_ws/install/fishbot_application:/home/mi/FishRos/chapt7/chapt7_ws/install/autopatrol_robot:/opt/ros/humble:/home/mi/dev_ws/install/learning_urdf:/home/mi/dev_ws/install/learning_topic:/home/mi/dev_ws/install/learning_tf:/home/mi/dev_ws/install/learning_service:/home/mi/dev_ws/install/learning_qos:/home/mi/dev_ws/install/learning_pkg_python:/home/mi/dev_ws/install/learning_parameter:/home/mi/dev_ws/install/learning_node:/home/mi/dev_ws/install/learning_launch:/home/mi/dev_ws/install/learning_action:/home/mi/dev_ws/install/learning_gazebo_harmonic:/home/mi/dev_ws/install/learning_gazebo:/home/mi/dev_ws/install/learning_cv /usr/bin/cmake --build /home/mi/FishRos/chapt7/chapt7_ws/build/fishbot_description -- -j20 -l20
[0.356s] Invoking command in '/home/mi/FishRos/chapt7/chapt7_ws/build/fishbot_description': CMAKE_PREFIX_PATH=${CMAKE_PREFIX_PATH}:/home/mi/FishRos/chapt7/chapt7_ws/install/fishbot_application:/home/mi/FishRos/chapt7/chapt7_ws/install/autopatrol_robot:/opt/ros/humble:/home/mi/dev_ws/install/learning_urdf:/home/mi/dev_ws/install/learning_topic:/home/mi/dev_ws/install/learning_tf:/home/mi/dev_ws/install/learning_service:/home/mi/dev_ws/install/learning_qos:/home/mi/dev_ws/install/learning_pkg_python:/home/mi/dev_ws/install/learning_parameter:/home/mi/dev_ws/install/learning_node:/home/mi/dev_ws/install/learning_launch:/home/mi/dev_ws/install/learning_action:/home/mi/dev_ws/install/learning_gazebo_harmonic:/home/mi/dev_ws/install/learning_gazebo:/home/mi/dev_ws/install/learning_cv /usr/bin/cmake --install /home/mi/FishRos/chapt7/chapt7_ws/build/fishbot_description
[0.362s] -- Install configuration: ""
[0.362s] -- Up-to-date: /home/mi/FishRos/chapt7/chapt7_ws/install/fishbot_description/share/fishbot_description/launch
[0.363s] -- Up-to-date: /home/mi/FishRos/chapt7/chapt7_ws/install/fishbot_description/share/fishbot_description/launch/__pycache__
[0.363s] -- Up-to-date: /home/mi/FishRos/chapt7/chapt7_ws/install/fishbot_description/share/fishbot_description/launch/__pycache__/display_robot.launch.cpython-310.pyc
[0.363s] -- Up-to-date: /home/mi/FishRos/chapt7/chapt7_ws/install/fishbot_description/share/fishbot_description/launch/log
[0.363s] -- Up-to-date: /home/mi/FishRos/chapt7/chapt7_ws/install/fishbot_description/share/fishbot_description/launch/log/build_2025-04-11_17-05-19
[0.363s] -- Up-to-date: /home/mi/FishRos/chapt7/chapt7_ws/install/fishbot_description/share/fishbot_description/launch/log/build_2025-04-11_17-05-19/logger_all.log
[0.363s] -- Up-to-date: /home/mi/FishRos/chapt7/chapt7_ws/install/fishbot_description/share/fishbot_description/launch/log/build_2025-04-11_17-05-19/events.log
[0.363s] -- Up-to-date: /home/mi/FishRos/chapt7/chapt7_ws/install/fishbot_description/share/fishbot_description/launch/log/COLCON_IGNORE
[0.363s] -- Up-to-date: /home/mi/FishRos/chapt7/chapt7_ws/install/fishbot_description/share/fishbot_description/launch/log/latest
[0.363s] -- Up-to-date: /home/mi/FishRos/chapt7/chapt7_ws/install/fishbot_description/share/fishbot_description/launch/log/latest_build
[0.363s] -- Up-to-date: /home/mi/FishRos/chapt7/chapt7_ws/install/fishbot_description/share/fishbot_description/launch/install
[0.363s] -- Up-to-date: /home/mi/FishRos/chapt7/chapt7_ws/install/fishbot_description/share/fishbot_description/launch/install/local_setup.bash
[0.363s] -- Up-to-date: /home/mi/FishRos/chapt7/chapt7_ws/install/fishbot_description/share/fishbot_description/launch/install/setup.bash
[0.363s] -- Up-to-date: /home/mi/FishRos/chapt7/chapt7_ws/install/fishbot_description/share/fishbot_description/launch/install/COLCON_IGNORE
[0.364s] -- Up-to-date: /home/mi/FishRos/chapt7/chapt7_ws/install/fishbot_description/share/fishbot_description/launch/install/local_setup.ps1
[0.364s] -- Up-to-date: /home/mi/FishRos/chapt7/chapt7_ws/install/fishbot_description/share/fishbot_description/launch/install/setup.zsh
[0.364s] -- Up-to-date: /home/mi/FishRos/chapt7/chapt7_ws/install/fishbot_description/share/fishbot_description/launch/install/_local_setup_util_sh.py
[0.364s] -- Up-to-date: /home/mi/FishRos/chapt7/chapt7_ws/install/fishbot_description/share/fishbot_description/launch/install/.colcon_install_layout
[0.364s] -- Up-to-date: /home/mi/FishRos/chapt7/chapt7_ws/install/fishbot_description/share/fishbot_description/launch/install/setup.sh
[0.364s] -- Up-to-date: /home/mi/FishRos/chapt7/chapt7_ws/install/fishbot_description/share/fishbot_description/launch/install/local_setup.zsh
[0.364s] -- Up-to-date: /home/mi/FishRos/chapt7/chapt7_ws/install/fishbot_description/share/fishbot_description/launch/install/local_setup.sh
[0.364s] -- Up-to-date: /home/mi/FishRos/chapt7/chapt7_ws/install/fishbot_description/share/fishbot_description/launch/install/_local_setup_util_ps1.py
[0.364s] -- Up-to-date: /home/mi/FishRos/chapt7/chapt7_ws/install/fishbot_description/share/fishbot_description/launch/install/setup.ps1
[0.364s] -- Up-to-date: /home/mi/FishRos/chapt7/chapt7_ws/install/fishbot_description/share/fishbot_description/launch/build
[0.364s] -- Up-to-date: /home/mi/FishRos/chapt7/chapt7_ws/install/fishbot_description/share/fishbot_description/launch/build/COLCON_IGNORE
[0.364s] -- Up-to-date: /home/mi/FishRos/chapt7/chapt7_ws/install/fishbot_description/share/fishbot_description/launch/build/.built_by
[0.364s] -- Up-to-date: /home/mi/FishRos/chapt7/chapt7_ws/install/fishbot_description/share/fishbot_description/launch/gazebo_sim.launch.py
[0.365s] -- Up-to-date: /home/mi/FishRos/chapt7/chapt7_ws/install/fishbot_description/share/fishbot_description/launch/display_robot.launch.py
[0.365s] -- Up-to-date: /home/mi/FishRos/chapt7/chapt7_ws/install/fishbot_description/share/fishbot_description/urdf
[0.365s] -- Up-to-date: /home/mi/FishRos/chapt7/chapt7_ws/install/fishbot_description/share/fishbot_description/urdf/first_robot.pdf
[0.365s] -- Up-to-date: /home/mi/FishRos/chapt7/chapt7_ws/install/fishbot_description/share/fishbot_description/urdf/fishbot
[0.365s] -- Up-to-date: /home/mi/FishRos/chapt7/chapt7_ws/install/fishbot_description/share/fishbot_description/urdf/fishbot/fishbot.ros2_control.xacro
[0.365s] -- Up-to-date: /home/mi/FishRos/chapt7/chapt7_ws/install/fishbot_description/share/fishbot_description/urdf/fishbot/plugins
[0.365s] -- Up-to-date: /home/mi/FishRos/chapt7/chapt7_ws/install/fishbot_description/share/fishbot_description/urdf/fishbot/plugins/gazebo_sensor_plugin.xacro
[0.365s] -- Up-to-date: /home/mi/FishRos/chapt7/chapt7_ws/install/fishbot_description/share/fishbot_description/urdf/fishbot/plugins/gazebo_control_plugin.xacro
[0.365s] -- Up-to-date: /home/mi/FishRos/chapt7/chapt7_ws/install/fishbot_description/share/fishbot_description/urdf/fishbot/base.urdf.xacro
[0.365s] -- Up-to-date: /home/mi/FishRos/chapt7/chapt7_ws/install/fishbot_description/share/fishbot_description/urdf/fishbot/actuator
[0.365s] -- Up-to-date: /home/mi/FishRos/chapt7/chapt7_ws/install/fishbot_description/share/fishbot_description/urdf/fishbot/actuator/caster.urdf.xacro
[0.366s] -- Up-to-date: /home/mi/FishRos/chapt7/chapt7_ws/install/fishbot_description/share/fishbot_description/urdf/fishbot/actuator/wheel.urdf.xacro
[0.366s] -- Up-to-date: /home/mi/FishRos/chapt7/chapt7_ws/install/fishbot_description/share/fishbot_description/urdf/fishbot/common_inertia.xacro
[0.366s] -- Up-to-date: /home/mi/FishRos/chapt7/chapt7_ws/install/fishbot_description/share/fishbot_description/urdf/fishbot/sensor
[0.366s] -- Up-to-date: /home/mi/FishRos/chapt7/chapt7_ws/install/fishbot_description/share/fishbot_description/urdf/fishbot/sensor/imu.urdf.xacro
[0.366s] -- Up-to-date: /home/mi/FishRos/chapt7/chapt7_ws/install/fishbot_description/share/fishbot_description/urdf/fishbot/sensor/camera.urdf.xacro
[0.366s] -- Up-to-date: /home/mi/FishRos/chapt7/chapt7_ws/install/fishbot_description/share/fishbot_description/urdf/fishbot/sensor/laser.urdf.xacro
[0.366s] -- Up-to-date: /home/mi/FishRos/chapt7/chapt7_ws/install/fishbot_description/share/fishbot_description/urdf/fishbot/fishbot.urdf.xacro
[0.366s] -- Up-to-date: /home/mi/FishRos/chapt7/chapt7_ws/install/fishbot_description/share/fishbot_description/urdf/first_robot.urdf
[0.366s] -- Up-to-date: /home/mi/FishRos/chapt7/chapt7_ws/install/fishbot_description/share/fishbot_description/urdf/first_robot.xacro
[0.366s] -- Up-to-date: /home/mi/FishRos/chapt7/chapt7_ws/install/fishbot_description/share/fishbot_description/urdf/first_robot.gv
[0.367s] -- Up-to-date: /home/mi/FishRos/chapt7/chapt7_ws/install/fishbot_description/share/fishbot_description/config
[0.367s] -- Up-to-date: /home/mi/FishRos/chapt7/chapt7_ws/install/fishbot_description/share/fishbot_description/config/fishbot_ros2_controller.yaml
[0.367s] -- Up-to-date: /home/mi/FishRos/chapt7/chapt7_ws/install/fishbot_description/share/fishbot_description/config/display_robot_model.rviz
[0.367s] -- Up-to-date: /home/mi/FishRos/chapt7/chapt7_ws/install/fishbot_description/share/fishbot_description/world
[0.367s] -- Up-to-date: /home/mi/FishRos/chapt7/chapt7_ws/install/fishbot_description/share/fishbot_description/world/custom_room.world
[0.367s] -- Up-to-date: /home/mi/FishRos/chapt7/chapt7_ws/install/fishbot_description/share/fishbot_description/world/room
[0.367s] -- Up-to-date: /home/mi/FishRos/chapt7/chapt7_ws/install/fishbot_description/share/fishbot_description/world/room/model.config
[0.367s] -- Up-to-date: /home/mi/FishRos/chapt7/chapt7_ws/install/fishbot_description/share/fishbot_description/world/room/model.sdf
[0.367s] -- Up-to-date: /home/mi/FishRos/chapt7/chapt7_ws/install/fishbot_description/share/ament_index/resource_index/package_run_dependencies/fishbot_description
[0.367s] -- Up-to-date: /home/mi/FishRos/chapt7/chapt7_ws/install/fishbot_description/share/ament_index/resource_index/parent_prefix_path/fishbot_description
[0.367s] -- Up-to-date: /home/mi/FishRos/chapt7/chapt7_ws/install/fishbot_description/share/fishbot_description/environment/ament_prefix_path.sh
[0.367s] -- Up-to-date: /home/mi/FishRos/chapt7/chapt7_ws/install/fishbot_description/share/fishbot_description/environment/ament_prefix_path.dsv
[0.367s] -- Up-to-date: /home/mi/FishRos/chapt7/chapt7_ws/install/fishbot_description/share/fishbot_description/environment/path.sh
[0.367s] -- Up-to-date: /home/mi/FishRos/chapt7/chapt7_ws/install/fishbot_description/share/fishbot_description/environment/path.dsv
[0.367s] -- Up-to-date: /home/mi/FishRos/chapt7/chapt7_ws/install/fishbot_description/share/fishbot_description/local_setup.bash
[0.367s] -- Up-to-date: /home/mi/FishRos/chapt7/chapt7_ws/install/fishbot_description/share/fishbot_description/local_setup.sh
[0.367s] -- Up-to-date: /home/mi/FishRos/chapt7/chapt7_ws/install/fishbot_description/share/fishbot_description/local_setup.zsh
[0.367s] -- Up-to-date: /home/mi/FishRos/chapt7/chapt7_ws/install/fishbot_description/share/fishbot_description/local_setup.dsv
[0.367s] -- Installing: /home/mi/FishRos/chapt7/chapt7_ws/install/fishbot_description/share/fishbot_description/package.dsv
[0.367s] -- Up-to-date: /home/mi/FishRos/chapt7/chapt7_ws/install/fishbot_description/share/ament_index/resource_index/packages/fishbot_description
[0.367s] -- Up-to-date: /home/mi/FishRos/chapt7/chapt7_ws/install/fishbot_description/share/fishbot_description/cmake/fishbot_descriptionConfig.cmake
[0.367s] -- Up-to-date: /home/mi/FishRos/chapt7/chapt7_ws/install/fishbot_description/share/fishbot_description/cmake/fishbot_descriptionConfig-version.cmake
[0.367s] -- Up-to-date: /home/mi/FishRos/chapt7/chapt7_ws/install/fishbot_description/share/fishbot_description/package.xml
[0.379s] Invoked command in '/home/mi/FishRos/chapt7/chapt7_ws/build/fishbot_description' returned '0': CMAKE_PREFIX_PATH=${CMAKE_PREFIX_PATH}:/home/mi/FishRos/chapt7/chapt7_ws/install/fishbot_application:/home/mi/FishRos/chapt7/chapt7_ws/install/autopatrol_robot:/opt/ros/humble:/home/mi/dev_ws/install/learning_urdf:/home/mi/dev_ws/install/learning_topic:/home/mi/dev_ws/install/learning_tf:/home/mi/dev_ws/install/learning_service:/home/mi/dev_ws/install/learning_qos:/home/mi/dev_ws/install/learning_pkg_python:/home/mi/dev_ws/install/learning_parameter:/home/mi/dev_ws/install/learning_node:/home/mi/dev_ws/install/learning_launch:/home/mi/dev_ws/install/learning_action:/home/mi/dev_ws/install/learning_gazebo_harmonic:/home/mi/dev_ws/install/learning_gazebo:/home/mi/dev_ws/install/learning_cv /usr/bin/cmake --install /home/mi/FishRos/chapt7/chapt7_ws/build/fishbot_description
