[0.811s] Invoking command in '/home/mi/FishRos/chapt7/chapt7_ws/src/autopatrol_robot': PYTHONPATH=/home/mi/FishRos/chapt7/chapt7_ws/build/autopatrol_robot/prefix_override:/usr/lib/python3/dist-packages/colcon_core/task/python/colcon_distutils_commands:/home/mi/FishRos/chapt7/chapt7_ws/install/autopatrol_robot/lib/python3.10/site-packages:${PYTHONPATH} /usr/bin/python3 -W ignore:setup.py install is deprecated -W ignore:easy_install command is deprecated setup.py egg_info --egg-base ../../build/autopatrol_robot build --build-base /home/mi/FishRos/chapt7/chapt7_ws/build/autopatrol_robot/build install --record /home/mi/FishRos/chapt7/chapt7_ws/build/autopatrol_robot/install.log --single-version-externally-managed install_data
[0.986s] running egg_info
[0.995s] writing ../../build/autopatrol_robot/autopatrol_robot.egg-info/PKG-INFO
[0.996s] writing dependency_links to ../../build/autopatrol_robot/autopatrol_robot.egg-info/dependency_links.txt
[0.996s] writing entry points to ../../build/autopatrol_robot/autopatrol_robot.egg-info/entry_points.txt
[0.996s] writing requirements to ../../build/autopatrol_robot/autopatrol_robot.egg-info/requires.txt
[0.996s] writing top-level names to ../../build/autopatrol_robot/autopatrol_robot.egg-info/top_level.txt
[1.019s] reading manifest file '../../build/autopatrol_robot/autopatrol_robot.egg-info/SOURCES.txt'
[1.019s] writing manifest file '../../build/autopatrol_robot/autopatrol_robot.egg-info/SOURCES.txt'
[1.020s] running build
[1.020s] running build_py
[1.020s] copying autopatrol_robot/partol_node.py -> /home/mi/FishRos/chapt7/chapt7_ws/build/autopatrol_robot/build/lib/autopatrol_robot
[1.020s] copying autopatrol_robot/__init__.py -> /home/mi/FishRos/chapt7/chapt7_ws/build/autopatrol_robot/build/lib/autopatrol_robot
[1.020s] copying autopatrol_robot/speaker.py -> /home/mi/FishRos/chapt7/chapt7_ws/build/autopatrol_robot/build/lib/autopatrol_robot
[1.020s] running install
[1.023s] running install_lib
[1.033s] copying /home/mi/FishRos/chapt7/chapt7_ws/build/autopatrol_robot/build/lib/autopatrol_robot/partol_node.py -> /home/mi/FishRos/chapt7/chapt7_ws/install/autopatrol_robot/lib/python3.10/site-packages/autopatrol_robot
[1.034s] byte-compiling /home/mi/FishRos/chapt7/chapt7_ws/install/autopatrol_robot/lib/python3.10/site-packages/autopatrol_robot/partol_node.py to partol_node.cpython-310.pyc
[1.034s] running install_data
[1.035s] copying resource/autopatrol_robot -> /home/mi/FishRos/chapt7/chapt7_ws/install/autopatrol_robot/share/ament_index/resource_index/packages
[1.035s] copying package.xml -> /home/mi/FishRos/chapt7/chapt7_ws/install/autopatrol_robot/share/autopatrol_robot
[1.035s] creating /home/mi/FishRos/chapt7/chapt7_ws/install/autopatrol_robot/share/autopatrol_robot/launch
[1.035s] copying launch/autopartol.launch.py -> /home/mi/FishRos/chapt7/chapt7_ws/install/autopatrol_robot/share/autopatrol_robot/launch
[1.035s] copying config/partol_config.yaml -> /home/mi/FishRos/chapt7/chapt7_ws/install/autopatrol_robot/share/autopatrol_robot/config
[1.035s] running install_egg_info
[1.046s] removing '/home/mi/FishRos/chapt7/chapt7_ws/install/autopatrol_robot/lib/python3.10/site-packages/autopatrol_robot-0.0.0-py3.10.egg-info' (and everything under it)
[1.046s] Copying ../../build/autopatrol_robot/autopatrol_robot.egg-info to /home/mi/FishRos/chapt7/chapt7_ws/install/autopatrol_robot/lib/python3.10/site-packages/autopatrol_robot-0.0.0-py3.10.egg-info
[1.046s] running install_scripts
[1.143s] Installing partol_node script to /home/mi/FishRos/chapt7/chapt7_ws/install/autopatrol_robot/lib/autopatrol_robot
[1.144s] Installing speaker script to /home/mi/FishRos/chapt7/chapt7_ws/install/autopatrol_robot/lib/autopatrol_robot
[1.144s] writing list of installed files to '/home/mi/FishRos/chapt7/chapt7_ws/build/autopatrol_robot/install.log'
[1.164s] Invoked command in '/home/mi/FishRos/chapt7/chapt7_ws/src/autopatrol_robot' returned '0': PYTHONPATH=/home/mi/FishRos/chapt7/chapt7_ws/build/autopatrol_robot/prefix_override:/usr/lib/python3/dist-packages/colcon_core/task/python/colcon_distutils_commands:/home/mi/FishRos/chapt7/chapt7_ws/install/autopatrol_robot/lib/python3.10/site-packages:${PYTHONPATH} /usr/bin/python3 -W ignore:setup.py install is deprecated -W ignore:easy_install command is deprecated setup.py egg_info --egg-base ../../build/autopatrol_robot build --build-base /home/mi/FishRos/chapt7/chapt7_ws/build/autopatrol_robot/build install --record /home/mi/FishRos/chapt7/chapt7_ws/build/autopatrol_robot/install.log --single-version-externally-managed install_data
