[0.538s] Invoking command in '/home/mi/FishRos/chapter3/topic_ws/src/demo_python_topic': CONDA_PROMPT_MODIFIER=(base) PYTHONPATH=/home/mi/FishRos/chapter3/topic_ws/build/demo_python_topic/prefix_override:/usr/lib/python3/dist-packages/colcon_core/task/python/colcon_distutils_commands:/home/mi/FishRos/chapter3/topic_ws/install/demo_python_topic/lib/python3.10/site-packages:${PYTHONPATH} /usr/bin/python3 -W ignore:setup.py install is deprecated -W ignore:easy_install command is deprecated setup.py egg_info --egg-base ../../build/demo_python_topic build --build-base /home/mi/FishRos/chapter3/topic_ws/build/demo_python_topic/build install --record /home/mi/FishRos/chapter3/topic_ws/build/demo_python_topic/install.log --single-version-externally-managed install_data
[0.687s] running egg_info
[0.695s] writing ../../build/demo_python_topic/demo_python_topic.egg-info/PKG-INFO
[0.695s] writing dependency_links to ../../build/demo_python_topic/demo_python_topic.egg-info/dependency_links.txt
[0.696s] writing entry points to ../../build/demo_python_topic/demo_python_topic.egg-info/entry_points.txt
[0.696s] writing requirements to ../../build/demo_python_topic/demo_python_topic.egg-info/requires.txt
[0.696s] writing top-level names to ../../build/demo_python_topic/demo_python_topic.egg-info/top_level.txt
[0.715s] reading manifest file '../../build/demo_python_topic/demo_python_topic.egg-info/SOURCES.txt'
[0.715s] adding license file 'LICENSE'
[0.715s] writing manifest file '../../build/demo_python_topic/demo_python_topic.egg-info/SOURCES.txt'
[0.715s] running build
[0.715s] running build_py
[0.716s] copying demo_python_topic/novel_sub_node.py -> /home/mi/FishRos/chapter3/topic_ws/build/demo_python_topic/build/lib/demo_python_topic
[0.716s] running install
[0.719s] running install_lib
[0.730s] copying /home/mi/FishRos/chapter3/topic_ws/build/demo_python_topic/build/lib/demo_python_topic/novel_sub_node.py -> /home/mi/FishRos/chapter3/topic_ws/install/demo_python_topic/lib/python3.10/site-packages/demo_python_topic
[0.730s] byte-compiling /home/mi/FishRos/chapter3/topic_ws/install/demo_python_topic/lib/python3.10/site-packages/demo_python_topic/novel_sub_node.py to novel_sub_node.cpython-310.pyc
[0.731s] running install_data
[0.731s] running install_egg_info
[0.741s] removing '/home/mi/FishRos/chapter3/topic_ws/install/demo_python_topic/lib/python3.10/site-packages/demo_python_topic-0.0.0-py3.10.egg-info' (and everything under it)
[0.741s] Copying ../../build/demo_python_topic/demo_python_topic.egg-info to /home/mi/FishRos/chapter3/topic_ws/install/demo_python_topic/lib/python3.10/site-packages/demo_python_topic-0.0.0-py3.10.egg-info
[0.741s] running install_scripts
[0.835s] Installing novel_pub_node script to /home/mi/FishRos/chapter3/topic_ws/install/demo_python_topic/lib/demo_python_topic
[0.835s] Installing novel_sub_node script to /home/mi/FishRos/chapter3/topic_ws/install/demo_python_topic/lib/demo_python_topic
[0.835s] writing list of installed files to '/home/mi/FishRos/chapter3/topic_ws/build/demo_python_topic/install.log'
[0.851s] Invoked command in '/home/mi/FishRos/chapter3/topic_ws/src/demo_python_topic' returned '0': CONDA_PROMPT_MODIFIER=(base) PYTHONPATH=/home/mi/FishRos/chapter3/topic_ws/build/demo_python_topic/prefix_override:/usr/lib/python3/dist-packages/colcon_core/task/python/colcon_distutils_commands:/home/mi/FishRos/chapter3/topic_ws/install/demo_python_topic/lib/python3.10/site-packages:${PYTHONPATH} /usr/bin/python3 -W ignore:setup.py install is deprecated -W ignore:easy_install command is deprecated setup.py egg_info --egg-base ../../build/demo_python_topic build --build-base /home/mi/FishRos/chapter3/topic_ws/build/demo_python_topic/build install --record /home/mi/FishRos/chapter3/topic_ws/build/demo_python_topic/install.log --single-version-externally-managed install_data
