[0.018s] Invoking command in '/home/mi/FishRos/chapter3/topic_ws/build/demo_cpp_topic': CMAKE_PREFIX_PATH=${CMAKE_PREFIX_PATH}:/home/mi/FishRos/chapter3/topic_ws/install/demo_python_topic:/opt/ros/humble:/home/mi/dev_ws/install/learning_urdf:/home/mi/dev_ws/install/learning_topic:/home/mi/dev_ws/install/learning_tf:/home/mi/dev_ws/install/learning_service:/home/mi/dev_ws/install/learning_qos:/home/mi/dev_ws/install/learning_pkg_python:/home/mi/dev_ws/install/learning_parameter:/home/mi/dev_ws/install/learning_node:/home/mi/dev_ws/install/learning_launch:/home/mi/dev_ws/install/learning_action:/home/mi/dev_ws/install/learning_gazebo_harmonic:/home/mi/dev_ws/install/learning_gazebo:/home/mi/dev_ws/install/learning_cv CONDA_PROMPT_MODIFIER=(base) /usr/bin/cmake --build /home/mi/FishRos/chapter3/topic_ws/build/demo_cpp_topic -- -j20 -l20
[0.047s] -- Found ament_cmake: 1.3.11 (/opt/ros/humble/share/ament_cmake/cmake)
[0.157s] -- Found rclcpp: 16.0.11 (/opt/ros/humble/share/rclcpp/cmake)
[0.176s] -- Found rosidl_generator_c: 3.1.6 (/opt/ros/humble/share/rosidl_generator_c/cmake)
[0.177s] -- Found rosidl_adapter: 3.1.6 (/opt/ros/humble/share/rosidl_adapter/cmake)
[0.182s] -- Found rosidl_generator_cpp: 3.1.6 (/opt/ros/humble/share/rosidl_generator_cpp/cmake)
[0.188s] -- Using all available rosidl_typesupport_c: rosidl_typesupport_fastrtps_c;rosidl_typesupport_introspection_c
[0.195s] -- Using all available rosidl_typesupport_cpp: rosidl_typesupport_fastrtps_cpp;rosidl_typesupport_introspection_cpp
[0.214s] -- Found rmw_implementation_cmake: 6.1.2 (/opt/ros/humble/share/rmw_implementation_cmake/cmake)
[0.215s] -- Found rmw_cyclonedds_cpp: 1.3.4 (/opt/ros/humble/share/rmw_cyclonedds_cpp/cmake)
[0.226s] -- Using RMW implementation 'rmw_cyclonedds_cpp' as default
[0.256s] -- Found geometry_msgs: 4.2.4 (/opt/ros/humble/share/geometry_msgs/cmake)
[0.263s] -- Found turtlesim: 1.4.2 (/opt/ros/humble/share/turtlesim/cmake)
[0.285s] -- Found ament_lint_auto: 0.12.11 (/opt/ros/humble/share/ament_lint_auto/cmake)
[0.356s] -- Added test 'cppcheck' to perform static code analysis on C / C++ code
[0.356s] -- Configured cppcheck include dirs: 
[0.356s] -- Configured cppcheck exclude dirs and/or files: 
[0.356s] -- Added test 'lint_cmake' to check CMake code style
[0.357s] -- Added test 'uncrustify' to check C / C++ code style
[0.357s] -- Configured uncrustify additional arguments: 
[0.357s] -- Added test 'xmllint' to check XML markup files
[0.357s] -- Configuring done
[0.365s] -- Generating done
[0.368s] -- Build files have been written to: /home/mi/FishRos/chapter3/topic_ws/build/demo_cpp_topic
[0.390s] [35m[1mConsolidate compiler generated dependencies of target turtle_circle[0m
[0.397s] [ 25%] [32mBuilding CXX object CMakeFiles/turtle_control.dir/src/turtle_control.cpp.o[0m
[0.401s] [ 75%] Built target turtle_circle
[6.098s] [100%] [32m[1mLinking CXX executable turtle_control[0m
[6.408s] [100%] Built target turtle_control
[6.417s] Invoked command in '/home/mi/FishRos/chapter3/topic_ws/build/demo_cpp_topic' returned '0': CMAKE_PREFIX_PATH=${CMAKE_PREFIX_PATH}:/home/mi/FishRos/chapter3/topic_ws/install/demo_python_topic:/opt/ros/humble:/home/mi/dev_ws/install/learning_urdf:/home/mi/dev_ws/install/learning_topic:/home/mi/dev_ws/install/learning_tf:/home/mi/dev_ws/install/learning_service:/home/mi/dev_ws/install/learning_qos:/home/mi/dev_ws/install/learning_pkg_python:/home/mi/dev_ws/install/learning_parameter:/home/mi/dev_ws/install/learning_node:/home/mi/dev_ws/install/learning_launch:/home/mi/dev_ws/install/learning_action:/home/mi/dev_ws/install/learning_gazebo_harmonic:/home/mi/dev_ws/install/learning_gazebo:/home/mi/dev_ws/install/learning_cv CONDA_PROMPT_MODIFIER=(base) /usr/bin/cmake --build /home/mi/FishRos/chapter3/topic_ws/build/demo_cpp_topic -- -j20 -l20
[6.426s] Invoking command in '/home/mi/FishRos/chapter3/topic_ws/build/demo_cpp_topic': CMAKE_PREFIX_PATH=${CMAKE_PREFIX_PATH}:/home/mi/FishRos/chapter3/topic_ws/install/demo_python_topic:/opt/ros/humble:/home/mi/dev_ws/install/learning_urdf:/home/mi/dev_ws/install/learning_topic:/home/mi/dev_ws/install/learning_tf:/home/mi/dev_ws/install/learning_service:/home/mi/dev_ws/install/learning_qos:/home/mi/dev_ws/install/learning_pkg_python:/home/mi/dev_ws/install/learning_parameter:/home/mi/dev_ws/install/learning_node:/home/mi/dev_ws/install/learning_launch:/home/mi/dev_ws/install/learning_action:/home/mi/dev_ws/install/learning_gazebo_harmonic:/home/mi/dev_ws/install/learning_gazebo:/home/mi/dev_ws/install/learning_cv CONDA_PROMPT_MODIFIER=(base) /usr/bin/cmake --install /home/mi/FishRos/chapter3/topic_ws/build/demo_cpp_topic
[6.431s] -- Install configuration: ""
[6.432s] -- Installing: /home/mi/FishRos/chapter3/topic_ws/install/demo_cpp_topic/lib/demo_cpp_topic/turtle_circle
[6.432s] -- Set runtime path of "/home/mi/FishRos/chapter3/topic_ws/install/demo_cpp_topic/lib/demo_cpp_topic/turtle_circle" to ""
[6.432s] -- Installing: /home/mi/FishRos/chapter3/topic_ws/install/demo_cpp_topic/lib/demo_cpp_topic/turtle_control
[6.437s] -- Set runtime path of "/home/mi/FishRos/chapter3/topic_ws/install/demo_cpp_topic/lib/demo_cpp_topic/turtle_control" to ""
[6.437s] -- Up-to-date: /home/mi/FishRos/chapter3/topic_ws/install/demo_cpp_topic/share/ament_index/resource_index/package_run_dependencies/demo_cpp_topic
[6.437s] -- Installing: /home/mi/FishRos/chapter3/topic_ws/install/demo_cpp_topic/share/ament_index/resource_index/parent_prefix_path/demo_cpp_topic
[6.437s] -- Up-to-date: /home/mi/FishRos/chapter3/topic_ws/install/demo_cpp_topic/share/demo_cpp_topic/environment/ament_prefix_path.sh
[6.437s] -- Installing: /home/mi/FishRos/chapter3/topic_ws/install/demo_cpp_topic/share/demo_cpp_topic/environment/ament_prefix_path.dsv
[6.437s] -- Up-to-date: /home/mi/FishRos/chapter3/topic_ws/install/demo_cpp_topic/share/demo_cpp_topic/environment/path.sh
[6.437s] -- Installing: /home/mi/FishRos/chapter3/topic_ws/install/demo_cpp_topic/share/demo_cpp_topic/environment/path.dsv
[6.437s] -- Up-to-date: /home/mi/FishRos/chapter3/topic_ws/install/demo_cpp_topic/share/demo_cpp_topic/local_setup.bash
[6.437s] -- Up-to-date: /home/mi/FishRos/chapter3/topic_ws/install/demo_cpp_topic/share/demo_cpp_topic/local_setup.sh
[6.437s] -- Up-to-date: /home/mi/FishRos/chapter3/topic_ws/install/demo_cpp_topic/share/demo_cpp_topic/local_setup.zsh
[6.437s] -- Installing: /home/mi/FishRos/chapter3/topic_ws/install/demo_cpp_topic/share/demo_cpp_topic/local_setup.dsv
[6.437s] -- Installing: /home/mi/FishRos/chapter3/topic_ws/install/demo_cpp_topic/share/demo_cpp_topic/package.dsv
[6.437s] -- Up-to-date: /home/mi/FishRos/chapter3/topic_ws/install/demo_cpp_topic/share/ament_index/resource_index/packages/demo_cpp_topic
[6.437s] -- Up-to-date: /home/mi/FishRos/chapter3/topic_ws/install/demo_cpp_topic/share/demo_cpp_topic/cmake/demo_cpp_topicConfig.cmake
[6.437s] -- Up-to-date: /home/mi/FishRos/chapter3/topic_ws/install/demo_cpp_topic/share/demo_cpp_topic/cmake/demo_cpp_topicConfig-version.cmake
[6.437s] -- Up-to-date: /home/mi/FishRos/chapter3/topic_ws/install/demo_cpp_topic/share/demo_cpp_topic/package.xml
[6.440s] Invoked command in '/home/mi/FishRos/chapter3/topic_ws/build/demo_cpp_topic' returned '0': CMAKE_PREFIX_PATH=${CMAKE_PREFIX_PATH}:/home/mi/FishRos/chapter3/topic_ws/install/demo_python_topic:/opt/ros/humble:/home/mi/dev_ws/install/learning_urdf:/home/mi/dev_ws/install/learning_topic:/home/mi/dev_ws/install/learning_tf:/home/mi/dev_ws/install/learning_service:/home/mi/dev_ws/install/learning_qos:/home/mi/dev_ws/install/learning_pkg_python:/home/mi/dev_ws/install/learning_parameter:/home/mi/dev_ws/install/learning_node:/home/mi/dev_ws/install/learning_launch:/home/mi/dev_ws/install/learning_action:/home/mi/dev_ws/install/learning_gazebo_harmonic:/home/mi/dev_ws/install/learning_gazebo:/home/mi/dev_ws/install/learning_cv CONDA_PROMPT_MODIFIER=(base) /usr/bin/cmake --install /home/mi/FishRos/chapter3/topic_ws/build/demo_cpp_topic
