[0.550s] Invoking command in '/home/mi/FishRos/chapter4/chapt4_ws/src/demo_python_service': CONDA_PROMPT_MODIFIER=(base) LD_LIBRARY_PATH=/home/mi/FishRos/chapter4/chapt4_ws/install/chapt4_interfaces/lib:/home/mi/catkin_ws/devel/lib:/usr/local/cuda/lib64:/opt/ros/humble/opt/rviz_ogre_vendor/lib:/opt/ros/humble/lib/x86_64-linux-gnu:/opt/ros/humble/lib:/home/mi/catkin_ws/devel/lib:/usr/local/cuda/lib64:/home/mi/dev_ws/install/learning_interface/lib:/usr/share/gazebo/../../lib/x86_64-linux-gnu/gazebo-11/plugins:/usr/lib/x86_64-linux-gnu/gazebo-11/plugins:/usr/share/gazebo/../../lib/x86_64-linux-gnu/gazebo-11/plugins:/usr/share/gazebo/../../lib/x86_64-linux-gnu/gazebo-11/plugins:/home/mi/catkin_ws/devel/lib:/usr/lib/x86_64-linux-gnu/gazebo-11/plugins:/usr/share/gazebo/../../lib/x86_64-linux-gnu/gazebo-11/plugins:/usr/lib/x86_64-linux-gnu/gazebo-11/plugins:/usr/share/gazebo/../../lib/x86_64-linux-gnu/gazebo-11/plugins:/home/mi/catkin_ws/devel/lib:/usr/lib/x86_64-linux-gnu/gazebo-11/plugins:/usr/share/gazebo/../../lib/x86_64-linux-gnu/gazebo-11/plugins PYTHONPATH=/home/mi/FishRos/chapter4/chapt4_ws/build/demo_python_service/prefix_override:/usr/lib/python3/dist-packages/colcon_core/task/python/colcon_distutils_commands:/home/mi/FishRos/chapter4/chapt4_ws/install/demo_python_service/lib/python3.10/site-packages:${PYTHONPATH} /usr/bin/python3 -W ignore:setup.py install is deprecated -W ignore:easy_install command is deprecated setup.py egg_info --egg-base ../../build/demo_python_service build --build-base /home/mi/FishRos/chapter4/chapt4_ws/build/demo_python_service/build install --record /home/mi/FishRos/chapter4/chapt4_ws/build/demo_python_service/install.log --single-version-externally-managed install_data
[0.698s] running egg_info
[0.708s] writing ../../build/demo_python_service/demo_python_service.egg-info/PKG-INFO
[0.708s] writing dependency_links to ../../build/demo_python_service/demo_python_service.egg-info/dependency_links.txt
[0.708s] writing entry points to ../../build/demo_python_service/demo_python_service.egg-info/entry_points.txt
[0.708s] writing requirements to ../../build/demo_python_service/demo_python_service.egg-info/requires.txt
[0.708s] writing top-level names to ../../build/demo_python_service/demo_python_service.egg-info/top_level.txt
[0.728s] reading manifest file '../../build/demo_python_service/demo_python_service.egg-info/SOURCES.txt'
[0.728s] adding license file 'LICENSE'
[0.729s] writing manifest file '../../build/demo_python_service/demo_python_service.egg-info/SOURCES.txt'
[0.729s] running build
[0.729s] running build_py
[0.729s] copying demo_python_service/face_detect_client_node.py -> /home/mi/FishRos/chapter4/chapt4_ws/build/demo_python_service/build/lib/demo_python_service
[0.729s] copying demo_python_service/kimi_face_detect.py -> /home/mi/FishRos/chapter4/chapt4_ws/build/demo_python_service/build/lib/demo_python_service
[0.729s] running install
[0.733s] running install_lib
[0.745s] copying /home/mi/FishRos/chapter4/chapt4_ws/build/demo_python_service/build/lib/demo_python_service/face_detect_client_node.py -> /home/mi/FishRos/chapter4/chapt4_ws/install/demo_python_service/lib/python3.10/site-packages/demo_python_service
[0.746s] copying /home/mi/FishRos/chapter4/chapt4_ws/build/demo_python_service/build/lib/demo_python_service/kimi_face_detect.py -> /home/mi/FishRos/chapter4/chapt4_ws/install/demo_python_service/lib/python3.10/site-packages/demo_python_service
[0.746s] byte-compiling /home/mi/FishRos/chapter4/chapt4_ws/install/demo_python_service/lib/python3.10/site-packages/demo_python_service/face_detect_client_node.py to face_detect_client_node.cpython-310.pyc
[0.747s] byte-compiling /home/mi/FishRos/chapter4/chapt4_ws/install/demo_python_service/lib/python3.10/site-packages/demo_python_service/kimi_face_detect.py to kimi_face_detect.cpython-310.pyc
[0.747s] running install_data
[0.748s] running install_egg_info
[0.763s] removing '/home/mi/FishRos/chapter4/chapt4_ws/install/demo_python_service/lib/python3.10/site-packages/demo_python_service-0.0.0-py3.10.egg-info' (and everything under it)
[0.763s] Copying ../../build/demo_python_service/demo_python_service.egg-info to /home/mi/FishRos/chapter4/chapt4_ws/install/demo_python_service/lib/python3.10/site-packages/demo_python_service-0.0.0-py3.10.egg-info
[0.763s] running install_scripts
[0.864s] Installing face_detect_client_node script to /home/mi/FishRos/chapter4/chapt4_ws/install/demo_python_service/lib/demo_python_service
[0.864s] Installing face_detect_node script to /home/mi/FishRos/chapter4/chapt4_ws/install/demo_python_service/lib/demo_python_service
[0.864s] Installing kimi_face_detect script to /home/mi/FishRos/chapter4/chapt4_ws/install/demo_python_service/lib/demo_python_service
[0.864s] Installing learn_face_detect script to /home/mi/FishRos/chapter4/chapt4_ws/install/demo_python_service/lib/demo_python_service
[0.864s] writing list of installed files to '/home/mi/FishRos/chapter4/chapt4_ws/build/demo_python_service/install.log'
[0.880s] Invoked command in '/home/mi/FishRos/chapter4/chapt4_ws/src/demo_python_service' returned '0': CONDA_PROMPT_MODIFIER=(base) LD_LIBRARY_PATH=/home/mi/FishRos/chapter4/chapt4_ws/install/chapt4_interfaces/lib:/home/mi/catkin_ws/devel/lib:/usr/local/cuda/lib64:/opt/ros/humble/opt/rviz_ogre_vendor/lib:/opt/ros/humble/lib/x86_64-linux-gnu:/opt/ros/humble/lib:/home/mi/catkin_ws/devel/lib:/usr/local/cuda/lib64:/home/mi/dev_ws/install/learning_interface/lib:/usr/share/gazebo/../../lib/x86_64-linux-gnu/gazebo-11/plugins:/usr/lib/x86_64-linux-gnu/gazebo-11/plugins:/usr/share/gazebo/../../lib/x86_64-linux-gnu/gazebo-11/plugins:/usr/share/gazebo/../../lib/x86_64-linux-gnu/gazebo-11/plugins:/home/mi/catkin_ws/devel/lib:/usr/lib/x86_64-linux-gnu/gazebo-11/plugins:/usr/share/gazebo/../../lib/x86_64-linux-gnu/gazebo-11/plugins:/usr/lib/x86_64-linux-gnu/gazebo-11/plugins:/usr/share/gazebo/../../lib/x86_64-linux-gnu/gazebo-11/plugins:/home/mi/catkin_ws/devel/lib:/usr/lib/x86_64-linux-gnu/gazebo-11/plugins:/usr/share/gazebo/../../lib/x86_64-linux-gnu/gazebo-11/plugins PYTHONPATH=/home/mi/FishRos/chapter4/chapt4_ws/build/demo_python_service/prefix_override:/usr/lib/python3/dist-packages/colcon_core/task/python/colcon_distutils_commands:/home/mi/FishRos/chapter4/chapt4_ws/install/demo_python_service/lib/python3.10/site-packages:${PYTHONPATH} /usr/bin/python3 -W ignore:setup.py install is deprecated -W ignore:easy_install command is deprecated setup.py egg_info --egg-base ../../build/demo_python_service build --build-base /home/mi/FishRos/chapter4/chapt4_ws/build/demo_python_service/build install --record /home/mi/FishRos/chapter4/chapt4_ws/build/demo_python_service/install.log --single-version-externally-managed install_data
