[0.957s] Invoking command in '/home/mi/FishRos/chapt7/chapt7_ws/src/fishbot_application': PYTHONPATH=/home/mi/FishRos/chapt7/chapt7_ws/build/fishbot_application/prefix_override:/usr/lib/python3/dist-packages/colcon_core/task/python/colcon_distutils_commands:/home/mi/FishRos/chapt7/chapt7_ws/install/fishbot_application/lib/python3.10/site-packages:${PYTHONPATH} /usr/bin/python3 -W ignore:setup.py install is deprecated -W ignore:easy_install command is deprecated setup.py egg_info --egg-base ../../build/fishbot_application build --build-base /home/mi/FishRos/chapt7/chapt7_ws/build/fishbot_application/build install --record /home/mi/FishRos/chapt7/chapt7_ws/build/fishbot_application/install.log --single-version-externally-managed install_data
[1.147s] running egg_info
[1.147s] creating ../../build/fishbot_application/fishbot_application.egg-info
[1.158s] writing ../../build/fishbot_application/fishbot_application.egg-info/PKG-INFO
[1.158s] writing dependency_links to ../../build/fishbot_application/fishbot_application.egg-info/dependency_links.txt
[1.158s] writing entry points to ../../build/fishbot_application/fishbot_application.egg-info/entry_points.txt
[1.158s] writing requirements to ../../build/fishbot_application/fishbot_application.egg-info/requires.txt
[1.158s] writing top-level names to ../../build/fishbot_application/fishbot_application.egg-info/top_level.txt
[1.158s] writing manifest file '../../build/fishbot_application/fishbot_application.egg-info/SOURCES.txt'
[1.181s] reading manifest file '../../build/fishbot_application/fishbot_application.egg-info/SOURCES.txt'
[1.181s] adding license file 'LICENSE'
[1.182s] writing manifest file '../../build/fishbot_application/fishbot_application.egg-info/SOURCES.txt'
[1.182s] running build
[1.182s] running build_py
[1.182s] creating /home/mi/FishRos/chapt7/chapt7_ws/build/fishbot_application/build
[1.182s] creating /home/mi/FishRos/chapt7/chapt7_ws/build/fishbot_application/build/lib
[1.182s] creating /home/mi/FishRos/chapt7/chapt7_ws/build/fishbot_application/build/lib/fishbot_application
[1.182s] copying fishbot_application/init_robot_pose.py -> /home/mi/FishRos/chapt7/chapt7_ws/build/fishbot_application/build/lib/fishbot_application
[1.182s] copying fishbot_application/waypoint_follower.py -> /home/mi/FishRos/chapt7/chapt7_ws/build/fishbot_application/build/lib/fishbot_application
[1.182s] copying fishbot_application/get_robot_pose.py -> /home/mi/FishRos/chapt7/chapt7_ws/build/fishbot_application/build/lib/fishbot_application
[1.182s] copying fishbot_application/__init__.py -> /home/mi/FishRos/chapt7/chapt7_ws/build/fishbot_application/build/lib/fishbot_application
[1.182s] copying fishbot_application/nav_to_pose.py -> /home/mi/FishRos/chapt7/chapt7_ws/build/fishbot_application/build/lib/fishbot_application
[1.183s] running install
[1.186s] running install_lib
[1.198s] creating /home/mi/FishRos/chapt7/chapt7_ws/install/fishbot_application/lib/python3.10/site-packages/fishbot_application
[1.198s] copying /home/mi/FishRos/chapt7/chapt7_ws/build/fishbot_application/build/lib/fishbot_application/init_robot_pose.py -> /home/mi/FishRos/chapt7/chapt7_ws/install/fishbot_application/lib/python3.10/site-packages/fishbot_application
[1.198s] copying /home/mi/FishRos/chapt7/chapt7_ws/build/fishbot_application/build/lib/fishbot_application/waypoint_follower.py -> /home/mi/FishRos/chapt7/chapt7_ws/install/fishbot_application/lib/python3.10/site-packages/fishbot_application
[1.198s] copying /home/mi/FishRos/chapt7/chapt7_ws/build/fishbot_application/build/lib/fishbot_application/get_robot_pose.py -> /home/mi/FishRos/chapt7/chapt7_ws/install/fishbot_application/lib/python3.10/site-packages/fishbot_application
[1.198s] copying /home/mi/FishRos/chapt7/chapt7_ws/build/fishbot_application/build/lib/fishbot_application/__init__.py -> /home/mi/FishRos/chapt7/chapt7_ws/install/fishbot_application/lib/python3.10/site-packages/fishbot_application
[1.198s] copying /home/mi/FishRos/chapt7/chapt7_ws/build/fishbot_application/build/lib/fishbot_application/nav_to_pose.py -> /home/mi/FishRos/chapt7/chapt7_ws/install/fishbot_application/lib/python3.10/site-packages/fishbot_application
[1.198s] byte-compiling /home/mi/FishRos/chapt7/chapt7_ws/install/fishbot_application/lib/python3.10/site-packages/fishbot_application/init_robot_pose.py to init_robot_pose.cpython-310.pyc
[1.199s] byte-compiling /home/mi/FishRos/chapt7/chapt7_ws/install/fishbot_application/lib/python3.10/site-packages/fishbot_application/waypoint_follower.py to waypoint_follower.cpython-310.pyc
[1.199s] byte-compiling /home/mi/FishRos/chapt7/chapt7_ws/install/fishbot_application/lib/python3.10/site-packages/fishbot_application/get_robot_pose.py to get_robot_pose.cpython-310.pyc
[1.199s] byte-compiling /home/mi/FishRos/chapt7/chapt7_ws/install/fishbot_application/lib/python3.10/site-packages/fishbot_application/__init__.py to __init__.cpython-310.pyc
[1.199s] byte-compiling /home/mi/FishRos/chapt7/chapt7_ws/install/fishbot_application/lib/python3.10/site-packages/fishbot_application/nav_to_pose.py to nav_to_pose.cpython-310.pyc
[1.200s] running install_data
[1.200s] creating /home/mi/FishRos/chapt7/chapt7_ws/install/fishbot_application/share/ament_index
[1.200s] creating /home/mi/FishRos/chapt7/chapt7_ws/install/fishbot_application/share/ament_index/resource_index
[1.200s] creating /home/mi/FishRos/chapt7/chapt7_ws/install/fishbot_application/share/ament_index/resource_index/packages
[1.200s] copying resource/fishbot_application -> /home/mi/FishRos/chapt7/chapt7_ws/install/fishbot_application/share/ament_index/resource_index/packages
[1.200s] copying package.xml -> /home/mi/FishRos/chapt7/chapt7_ws/install/fishbot_application/share/fishbot_application
[1.200s] running install_egg_info
[1.214s] Copying ../../build/fishbot_application/fishbot_application.egg-info to /home/mi/FishRos/chapt7/chapt7_ws/install/fishbot_application/lib/python3.10/site-packages/fishbot_application-0.0.0-py3.10.egg-info
[1.215s] running install_scripts
[1.328s] Installing get_robot_pose script to /home/mi/FishRos/chapt7/chapt7_ws/install/fishbot_application/lib/fishbot_application
[1.328s] Installing init_robot_pose script to /home/mi/FishRos/chapt7/chapt7_ws/install/fishbot_application/lib/fishbot_application
[1.328s] Installing nav_to_pose script to /home/mi/FishRos/chapt7/chapt7_ws/install/fishbot_application/lib/fishbot_application
[1.328s] Installing waypoint_follower script to /home/mi/FishRos/chapt7/chapt7_ws/install/fishbot_application/lib/fishbot_application
[1.328s] writing list of installed files to '/home/mi/FishRos/chapt7/chapt7_ws/build/fishbot_application/install.log'
[1.365s] Invoked command in '/home/mi/FishRos/chapt7/chapt7_ws/src/fishbot_application' returned '0': PYTHONPATH=/home/mi/FishRos/chapt7/chapt7_ws/build/fishbot_application/prefix_override:/usr/lib/python3/dist-packages/colcon_core/task/python/colcon_distutils_commands:/home/mi/FishRos/chapt7/chapt7_ws/install/fishbot_application/lib/python3.10/site-packages:${PYTHONPATH} /usr/bin/python3 -W ignore:setup.py install is deprecated -W ignore:easy_install command is deprecated setup.py egg_info --egg-base ../../build/fishbot_application build --build-base /home/mi/FishRos/chapt7/chapt7_ws/build/fishbot_application/build install --record /home/mi/FishRos/chapt7/chapt7_ws/build/fishbot_application/install.log --single-version-externally-managed install_data
