[0.008s] Invoking command in '/home/mi/FishRos/chapter2/chapt2_ws/build/demo_cpp_pkg': CMAKE_PREFIX_PATH=${CMAKE_PREFIX_PATH}:/home/mi/FishRos/chapter2/chapt2_ws/install/demo_python_pkg:/opt/ros/humble:/home/mi/dev_ws/install/learning_urdf:/home/mi/dev_ws/install/learning_topic:/home/mi/dev_ws/install/learning_tf:/home/mi/dev_ws/install/learning_service:/home/mi/dev_ws/install/learning_qos:/home/mi/dev_ws/install/learning_pkg_python:/home/mi/dev_ws/install/learning_parameter:/home/mi/dev_ws/install/learning_node:/home/mi/dev_ws/install/learning_launch:/home/mi/dev_ws/install/learning_action:/home/mi/dev_ws/install/learning_gazebo_harmonic:/home/mi/dev_ws/install/learning_gazebo:/home/mi/dev_ws/install/learning_cv CONDA_PROMPT_MODIFIER=(base) /usr/bin/cmake --build /home/mi/FishRos/chapter2/chapt2_ws/build/demo_cpp_pkg -- -j20 -l20
[0.025s] -- Found ament_cmake: 1.3.11 (/opt/ros/humble/share/ament_cmake/cmake)
[0.115s] -- Found rclcpp: 16.0.11 (/opt/ros/humble/share/rclcpp/cmake)
[0.135s] -- Found rosidl_generator_c: 3.1.6 (/opt/ros/humble/share/rosidl_generator_c/cmake)
[0.136s] -- Found rosidl_adapter: 3.1.6 (/opt/ros/humble/share/rosidl_adapter/cmake)
[0.140s] -- Found rosidl_generator_cpp: 3.1.6 (/opt/ros/humble/share/rosidl_generator_cpp/cmake)
[0.147s] -- Using all available rosidl_typesupport_c: rosidl_typesupport_fastrtps_c;rosidl_typesupport_introspection_c
[0.157s] -- Using all available rosidl_typesupport_cpp: rosidl_typesupport_fastrtps_cpp;rosidl_typesupport_introspection_cpp
[0.176s] -- Found rmw_implementation_cmake: 6.1.2 (/opt/ros/humble/share/rmw_implementation_cmake/cmake)
[0.176s] -- Found rmw_cyclonedds_cpp: 1.3.4 (/opt/ros/humble/share/rmw_cyclonedds_cpp/cmake)
[0.188s] -- Using RMW implementation 'rmw_cyclonedds_cpp' as default
[0.215s] [31mCMake Error at CMakeLists.txt:22 (add_executable):
[0.215s]   add_executable cannot create target "learn_funcational" because another
[0.215s]   target with the same name already exists.  The existing target is an
[0.215s]   executable created in source directory
[0.215s]   "/home/mi/FishRos/chapter2/chapt2_ws/src/demo_cpp_pkg".  See documentation
[0.215s]   for policy CMP0002 for more details.
[0.215s] 
[0.215s] [0m
[0.215s] -- Found ament_lint_auto: 0.12.11 (/opt/ros/humble/share/ament_lint_auto/cmake)
[0.265s] -- Added test 'cppcheck' to perform static code analysis on C / C++ code
[0.266s] -- Configured cppcheck include dirs: /home/mi/FishRos/chapter2/chapt2_ws/src/demo_cpp_pkg/include
[0.266s] -- Configured cppcheck exclude dirs and/or files: 
[0.266s] -- Added test 'flake8' to check Python code syntax and style conventions
[0.267s] -- Added test 'lint_cmake' to check CMake code style
[0.268s] -- Added test 'pep257' to check Python code against some of the docstring style conventions in PEP 257
[0.271s] -- Added test 'uncrustify' to check C / C++ code style
[0.271s] -- Configured uncrustify additional arguments: 
[0.271s] -- Added test 'xmllint' to check XML markup files
[0.272s] -- Configuring incomplete, errors occurred!
[0.272s] See also "/home/mi/FishRos/chapter2/chapt2_ws/build/demo_cpp_pkg/CMakeFiles/CMakeOutput.log".
[0.275s] gmake: *** [Makefile:472：cmake_check_build_system] 错误 1
[0.277s] Invoked command in '/home/mi/FishRos/chapter2/chapt2_ws/build/demo_cpp_pkg' returned '2': CMAKE_PREFIX_PATH=${CMAKE_PREFIX_PATH}:/home/mi/FishRos/chapter2/chapt2_ws/install/demo_python_pkg:/opt/ros/humble:/home/mi/dev_ws/install/learning_urdf:/home/mi/dev_ws/install/learning_topic:/home/mi/dev_ws/install/learning_tf:/home/mi/dev_ws/install/learning_service:/home/mi/dev_ws/install/learning_qos:/home/mi/dev_ws/install/learning_pkg_python:/home/mi/dev_ws/install/learning_parameter:/home/mi/dev_ws/install/learning_node:/home/mi/dev_ws/install/learning_launch:/home/mi/dev_ws/install/learning_action:/home/mi/dev_ws/install/learning_gazebo_harmonic:/home/mi/dev_ws/install/learning_gazebo:/home/mi/dev_ws/install/learning_cv CONDA_PROMPT_MODIFIER=(base) /usr/bin/cmake --build /home/mi/FishRos/chapter2/chapt2_ws/build/demo_cpp_pkg -- -j20 -l20
