[31mCMake Error at /opt/ros/humble/share/rosidl_adapter/cmake/rosidl_adapt_interfaces.cmake:59 (message):
  execute_process(/home/mi/miniconda3/bin/python3 -m rosidl_adapter
  --package-name chapt4_interfaces --arguments-file
  /home/mi/FishRos/chapter4/chapt4_ws/build/chapt4_interfaces/rosidl_adapter__arguments__chapt4_interfaces.json
  --output-dir
  /home/mi/FishRos/chapter4/chapt4_ws/build/chapt4_interfaces/rosidl_adapter/chapt4_interfaces
  --output-file
  /home/mi/FishRos/chapter4/chapt4_ws/build/chapt4_interfaces/rosidl_adapter/chapt4_interfaces.idls)
  returned error code 1:

  Error processing 'float32 target_X' of 'chapt4_interfaces/Patrol_Request':
  ''target_X' is an invalid field name.  It should have the pattern
  '^(?!.*__)(?!.*_$)[a-z][a-z0-9_]*$''

  Traceback (most recent call last):

    File "<frozen runpy>", line 198, in _run_module_as_main
    File "<frozen runpy>", line 88, in _run_code
    File "/opt/ros/humble/local/lib/python3.10/dist-packages/rosidl_adapter/__main__.py", line 19, in <module>
      sys.exit(main())
               ^^^^^^
    File "/opt/ros/humble/local/lib/python3.10/dist-packages/rosidl_adapter/main.py", line 53, in main
      abs_idl_file = convert_to_idl(
                     ^^^^^^^^^^^^^^^
    File "/opt/ros/humble/local/lib/python3.10/dist-packages/rosidl_adapter/__init__.py", line 24, in convert_to_idl
      return convert_srv_to_idl(
             ^^^^^^^^^^^^^^^^^^^
    File "/opt/ros/humble/local/lib/python3.10/dist-packages/rosidl_adapter/srv/__init__.py", line 28, in convert_srv_to_idl
      srv = parse_service_string(package_name, input_file.stem, content)
            ^^^^^^^^^^^^^^^^^^^^^^^^^^^^^^^^^^^^^^^^^^^^^^^^^^^^^^^^^^^^
    File "/opt/ros/humble/local/lib/python3.10/dist-packages/rosidl_adapter/parser.py", line 859, in parse_service_string
      request_message = parse_message_string(
                        ^^^^^^^^^^^^^^^^^^^^^
    File "/opt/ros/humble/local/lib/python3.10/dist-packages/rosidl_adapter/parser.py", line 519, in parse_message_string
      fields.append(Field(
                    ^^^^^^
    File "/opt/ros/humble/local/lib/python3.10/dist-packages/rosidl_adapter/parser.py", line 354, in __init__
      raise NameError(

  NameError: 'target_X' is an invalid field name.  It should have the pattern
  '^(?!.*__)(?!.*_$)[a-z][a-z0-9_]*$'

Call Stack (most recent call first):
  /opt/ros/humble/share/rosidl_cmake/cmake/rosidl_generate_interfaces.cmake:130 (rosidl_adapt_interfaces)
  CMakeLists.txt:13 (rosidl_generate_interfaces)

[0m
gmake: *** [Makefile:747：cmake_check_build_system] 错误 1
