[0.008s] Invoking command in '/home/mi/FishRos/chapter2/chapt2_ws/build/demo_cpp_pkg': CMAKE_PREFIX_PATH=${CMAKE_PREFIX_PATH}:/opt/ros/humble:/home/mi/dev_ws/install/learning_urdf:/home/mi/dev_ws/install/learning_topic:/home/mi/dev_ws/install/learning_tf:/home/mi/dev_ws/install/learning_service:/home/mi/dev_ws/install/learning_qos:/home/mi/dev_ws/install/learning_pkg_python:/home/mi/dev_ws/install/learning_parameter:/home/mi/dev_ws/install/learning_node:/home/mi/dev_ws/install/learning_launch:/home/mi/dev_ws/install/learning_action:/home/mi/dev_ws/install/learning_gazebo_harmonic:/home/mi/dev_ws/install/learning_gazebo:/home/mi/dev_ws/install/learning_cv /usr/bin/cmake --build /home/mi/FishRos/chapter2/chapt2_ws/build/demo_cpp_pkg -- -j20 -l20
[0.024s] -- Found ament_cmake: 1.3.11 (/opt/ros/humble/share/ament_cmake/cmake)
[0.110s] -- Found rclcpp: 16.0.11 (/opt/ros/humble/share/rclcpp/cmake)
[0.125s] -- Found rosidl_generator_c: 3.1.6 (/opt/ros/humble/share/rosidl_generator_c/cmake)
[0.126s] -- Found rosidl_adapter: 3.1.6 (/opt/ros/humble/share/rosidl_adapter/cmake)
[0.130s] -- Found rosidl_generator_cpp: 3.1.6 (/opt/ros/humble/share/rosidl_generator_cpp/cmake)
[0.135s] -- Using all available rosidl_typesupport_c: rosidl_typesupport_fastrtps_c;rosidl_typesupport_introspection_c
[0.142s] -- Using all available rosidl_typesupport_cpp: rosidl_typesupport_fastrtps_cpp;rosidl_typesupport_introspection_cpp
[0.159s] -- Found rmw_implementation_cmake: 6.1.2 (/opt/ros/humble/share/rmw_implementation_cmake/cmake)
[0.160s] -- Found rmw_cyclonedds_cpp: 1.3.4 (/opt/ros/humble/share/rmw_cyclonedds_cpp/cmake)
[0.171s] -- Using RMW implementation 'rmw_cyclonedds_cpp' as default
[0.198s] -- Found ament_lint_auto: 0.12.11 (/opt/ros/humble/share/ament_lint_auto/cmake)
[0.246s] -- Added test 'cppcheck' to perform static code analysis on C / C++ code
[0.246s] -- Configured cppcheck include dirs: 
[0.246s] -- Configured cppcheck exclude dirs and/or files: 
[0.246s] -- Added test 'flake8' to check Python code syntax and style conventions
[0.247s] -- Added test 'lint_cmake' to check CMake code style
[0.247s] -- Added test 'pep257' to check Python code against some of the docstring style conventions in PEP 257
[0.250s] -- Added test 'uncrustify' to check C / C++ code style
[0.250s] -- Configured uncrustify additional arguments: 
[0.250s] -- Added test 'xmllint' to check XML markup files
[0.251s] -- Configuring done
[0.258s] -- Generating done
[0.261s] -- Build files have been written to: /home/mi/FishRos/chapter2/chapt2_ws/build/demo_cpp_pkg
[0.277s] [35m[1mConsolidate compiler generated dependencies of target learn_auto[0m
[0.278s] [35m[1mConsolidate compiler generated dependencies of target learn_shared_ptr[0m
[0.278s] [35m[1mConsolidate compiler generated dependencies of target person_node[0m
[0.278s] [35m[1mConsolidate compiler generated dependencies of target cpp_node[0m
[0.279s] [35m[1mConsolidate compiler generated dependencies of target learn_funcational[0m
[0.280s] [35m[1mConsolidate compiler generated dependencies of target learn_lambda[0m
[0.286s] [ 16%] Built target learn_shared_ptr
[0.286s] [ 33%] Built target learn_auto
[0.287s] [ 41%] [32mBuilding CXX object CMakeFiles/learn_funcational.dir/src/learn_funcational.cpp.o[0m
[0.287s] [ 58%] Built target learn_lambda
[0.287s] [ 75%] Built target person_node
[0.291s] [ 91%] Built target cpp_node
[0.536s] [100%] [32m[1mLinking CXX executable learn_funcational[0m
[0.586s] [100%] Built target learn_funcational
[0.594s] Invoked command in '/home/mi/FishRos/chapter2/chapt2_ws/build/demo_cpp_pkg' returned '0': CMAKE_PREFIX_PATH=${CMAKE_PREFIX_PATH}:/opt/ros/humble:/home/mi/dev_ws/install/learning_urdf:/home/mi/dev_ws/install/learning_topic:/home/mi/dev_ws/install/learning_tf:/home/mi/dev_ws/install/learning_service:/home/mi/dev_ws/install/learning_qos:/home/mi/dev_ws/install/learning_pkg_python:/home/mi/dev_ws/install/learning_parameter:/home/mi/dev_ws/install/learning_node:/home/mi/dev_ws/install/learning_launch:/home/mi/dev_ws/install/learning_action:/home/mi/dev_ws/install/learning_gazebo_harmonic:/home/mi/dev_ws/install/learning_gazebo:/home/mi/dev_ws/install/learning_cv /usr/bin/cmake --build /home/mi/FishRos/chapter2/chapt2_ws/build/demo_cpp_pkg -- -j20 -l20
[0.601s] Invoking command in '/home/mi/FishRos/chapter2/chapt2_ws/build/demo_cpp_pkg': CMAKE_PREFIX_PATH=${CMAKE_PREFIX_PATH}:/opt/ros/humble:/home/mi/dev_ws/install/learning_urdf:/home/mi/dev_ws/install/learning_topic:/home/mi/dev_ws/install/learning_tf:/home/mi/dev_ws/install/learning_service:/home/mi/dev_ws/install/learning_qos:/home/mi/dev_ws/install/learning_pkg_python:/home/mi/dev_ws/install/learning_parameter:/home/mi/dev_ws/install/learning_node:/home/mi/dev_ws/install/learning_launch:/home/mi/dev_ws/install/learning_action:/home/mi/dev_ws/install/learning_gazebo_harmonic:/home/mi/dev_ws/install/learning_gazebo:/home/mi/dev_ws/install/learning_cv /usr/bin/cmake --install /home/mi/FishRos/chapter2/chapt2_ws/build/demo_cpp_pkg
[0.605s] -- Install configuration: ""
[0.605s] -- Installing: /home/mi/FishRos/chapter2/chapt2_ws/install/demo_cpp_pkg/lib/demo_cpp_pkg/cpp_node
[0.605s] -- Set runtime path of "/home/mi/FishRos/chapter2/chapt2_ws/install/demo_cpp_pkg/lib/demo_cpp_pkg/cpp_node" to ""
[0.605s] -- Installing: /home/mi/FishRos/chapter2/chapt2_ws/install/demo_cpp_pkg/lib/demo_cpp_pkg/person_node
[0.606s] -- Set runtime path of "/home/mi/FishRos/chapter2/chapt2_ws/install/demo_cpp_pkg/lib/demo_cpp_pkg/person_node" to ""
[0.606s] -- Installing: /home/mi/FishRos/chapter2/chapt2_ws/install/demo_cpp_pkg/lib/demo_cpp_pkg/learn_auto
[0.606s] -- Installing: /home/mi/FishRos/chapter2/chapt2_ws/install/demo_cpp_pkg/lib/demo_cpp_pkg/learn_shared_ptr
[0.606s] -- Installing: /home/mi/FishRos/chapter2/chapt2_ws/install/demo_cpp_pkg/lib/demo_cpp_pkg/learn_lambda
[0.606s] -- Installing: /home/mi/FishRos/chapter2/chapt2_ws/install/demo_cpp_pkg/lib/demo_cpp_pkg/learn_funcational
[0.606s] -- Installing: /home/mi/FishRos/chapter2/chapt2_ws/install/demo_cpp_pkg/share/ament_index/resource_index/package_run_dependencies/demo_cpp_pkg
[0.606s] -- Installing: /home/mi/FishRos/chapter2/chapt2_ws/install/demo_cpp_pkg/share/ament_index/resource_index/parent_prefix_path/demo_cpp_pkg
[0.606s] -- Installing: /home/mi/FishRos/chapter2/chapt2_ws/install/demo_cpp_pkg/share/demo_cpp_pkg/environment/ament_prefix_path.sh
[0.606s] -- Installing: /home/mi/FishRos/chapter2/chapt2_ws/install/demo_cpp_pkg/share/demo_cpp_pkg/environment/ament_prefix_path.dsv
[0.606s] -- Installing: /home/mi/FishRos/chapter2/chapt2_ws/install/demo_cpp_pkg/share/demo_cpp_pkg/environment/path.sh
[0.606s] -- Installing: /home/mi/FishRos/chapter2/chapt2_ws/install/demo_cpp_pkg/share/demo_cpp_pkg/environment/path.dsv
[0.606s] -- Installing: /home/mi/FishRos/chapter2/chapt2_ws/install/demo_cpp_pkg/share/demo_cpp_pkg/local_setup.bash
[0.606s] -- Installing: /home/mi/FishRos/chapter2/chapt2_ws/install/demo_cpp_pkg/share/demo_cpp_pkg/local_setup.sh
[0.606s] -- Installing: /home/mi/FishRos/chapter2/chapt2_ws/install/demo_cpp_pkg/share/demo_cpp_pkg/local_setup.zsh
[0.606s] -- Installing: /home/mi/FishRos/chapter2/chapt2_ws/install/demo_cpp_pkg/share/demo_cpp_pkg/local_setup.dsv
[0.606s] -- Installing: /home/mi/FishRos/chapter2/chapt2_ws/install/demo_cpp_pkg/share/demo_cpp_pkg/package.dsv
[0.606s] -- Installing: /home/mi/FishRos/chapter2/chapt2_ws/install/demo_cpp_pkg/share/ament_index/resource_index/packages/demo_cpp_pkg
[0.606s] -- Installing: /home/mi/FishRos/chapter2/chapt2_ws/install/demo_cpp_pkg/share/demo_cpp_pkg/cmake/demo_cpp_pkgConfig.cmake
[0.607s] -- Installing: /home/mi/FishRos/chapter2/chapt2_ws/install/demo_cpp_pkg/share/demo_cpp_pkg/cmake/demo_cpp_pkgConfig-version.cmake
[0.607s] -- Installing: /home/mi/FishRos/chapter2/chapt2_ws/install/demo_cpp_pkg/share/demo_cpp_pkg/package.xml
[0.608s] Invoked command in '/home/mi/FishRos/chapter2/chapt2_ws/build/demo_cpp_pkg' returned '0': CMAKE_PREFIX_PATH=${CMAKE_PREFIX_PATH}:/opt/ros/humble:/home/mi/dev_ws/install/learning_urdf:/home/mi/dev_ws/install/learning_topic:/home/mi/dev_ws/install/learning_tf:/home/mi/dev_ws/install/learning_service:/home/mi/dev_ws/install/learning_qos:/home/mi/dev_ws/install/learning_pkg_python:/home/mi/dev_ws/install/learning_parameter:/home/mi/dev_ws/install/learning_node:/home/mi/dev_ws/install/learning_launch:/home/mi/dev_ws/install/learning_action:/home/mi/dev_ws/install/learning_gazebo_harmonic:/home/mi/dev_ws/install/learning_gazebo:/home/mi/dev_ws/install/learning_cv /usr/bin/cmake --install /home/mi/FishRos/chapter2/chapt2_ws/build/demo_cpp_pkg
