[0.007s] Invoking command in '/home/mi/FishRos/chapter2/build/demo_cpp_pkg': CMAKE_PREFIX_PATH=${CMAKE_PREFIX_PATH}:/opt/ros/humble:/home/mi/dev_ws/install/learning_urdf:/home/mi/dev_ws/install/learning_topic:/home/mi/dev_ws/install/learning_tf:/home/mi/dev_ws/install/learning_service:/home/mi/dev_ws/install/learning_qos:/home/mi/dev_ws/install/learning_pkg_python:/home/mi/dev_ws/install/learning_parameter:/home/mi/dev_ws/install/learning_node:/home/mi/dev_ws/install/learning_launch:/home/mi/dev_ws/install/learning_action:/home/mi/dev_ws/install/learning_gazebo_harmonic:/home/mi/dev_ws/install/learning_gazebo:/home/mi/dev_ws/install/learning_cv /usr/bin/cmake /home/mi/FishRos/chapter2/chapt2_ws/src/demo_cpp_pkg -DCMAKE_INSTALL_PREFIX=/home/mi/FishRos/chapter2/install/demo_cpp_pkg
[0.048s] -- The C compiler identification is GNU 11.4.0
[0.084s] -- The CXX compiler identification is GNU 11.4.0
[0.089s] -- Detecting C compiler ABI info
[0.135s] -- Detecting C compiler ABI info - done
[0.140s] -- Check for working C compiler: /usr/bin/cc - skipped
[0.140s] -- Detecting C compile features
[0.140s] -- Detecting C compile features - done
[0.142s] -- Detecting CXX compiler ABI info
[0.196s] -- Detecting CXX compiler ABI info - done
[0.200s] -- Check for working CXX compiler: /usr/bin/c++ - skipped
[0.200s] -- Detecting CXX compile features
[0.200s] -- Detecting CXX compile features - done
[0.202s] -- Found ament_cmake: 1.3.11 (/opt/ros/humble/share/ament_cmake/cmake)
[0.430s] -- Found Python3: /usr/bin/python3 (found version "3.10.12") found components: Interpreter 
[0.490s] -- Found rclcpp: 16.0.11 (/opt/ros/humble/share/rclcpp/cmake)
[0.516s] -- Found rosidl_generator_c: 3.1.6 (/opt/ros/humble/share/rosidl_generator_c/cmake)
[0.519s] -- Found rosidl_adapter: 3.1.6 (/opt/ros/humble/share/rosidl_adapter/cmake)
[0.524s] -- Found rosidl_generator_cpp: 3.1.6 (/opt/ros/humble/share/rosidl_generator_cpp/cmake)
[0.531s] -- Using all available rosidl_typesupport_c: rosidl_typesupport_fastrtps_c;rosidl_typesupport_introspection_c
[0.541s] -- Using all available rosidl_typesupport_cpp: rosidl_typesupport_fastrtps_cpp;rosidl_typesupport_introspection_cpp
[0.567s] -- Found rmw_implementation_cmake: 6.1.2 (/opt/ros/humble/share/rmw_implementation_cmake/cmake)
[0.569s] -- Found rmw_cyclonedds_cpp: 1.3.4 (/opt/ros/humble/share/rmw_cyclonedds_cpp/cmake)
[0.582s] -- Using RMW implementation 'rmw_cyclonedds_cpp' as default
[0.587s] -- Looking for pthread.h
[0.636s] -- Looking for pthread.h - found
[0.636s] -- Performing Test CMAKE_HAVE_LIBC_PTHREAD
[0.683s] -- Performing Test CMAKE_HAVE_LIBC_PTHREAD - Success
[0.684s] -- Found Threads: TRUE  
[0.717s] -- Found ament_lint_auto: 0.12.11 (/opt/ros/humble/share/ament_lint_auto/cmake)
[0.769s] -- Added test 'cppcheck' to perform static code analysis on C / C++ code
[0.769s] -- Configured cppcheck include dirs: 
[0.769s] -- Configured cppcheck exclude dirs and/or files: 
[0.770s] -- Added test 'flake8' to check Python code syntax and style conventions
[0.771s] -- Added test 'lint_cmake' to check CMake code style
[0.771s] -- Added test 'pep257' to check Python code against some of the docstring style conventions in PEP 257
[0.774s] -- Added test 'uncrustify' to check C / C++ code style
[0.774s] -- Configured uncrustify additional arguments: 
[0.775s] -- Added test 'xmllint' to check XML markup files
[0.775s] -- Configuring done
[0.781s] -- Generating done
[0.784s] -- Build files have been written to: /home/mi/FishRos/chapter2/build/demo_cpp_pkg
[0.789s] Invoked command in '/home/mi/FishRos/chapter2/build/demo_cpp_pkg' returned '0': CMAKE_PREFIX_PATH=${CMAKE_PREFIX_PATH}:/opt/ros/humble:/home/mi/dev_ws/install/learning_urdf:/home/mi/dev_ws/install/learning_topic:/home/mi/dev_ws/install/learning_tf:/home/mi/dev_ws/install/learning_service:/home/mi/dev_ws/install/learning_qos:/home/mi/dev_ws/install/learning_pkg_python:/home/mi/dev_ws/install/learning_parameter:/home/mi/dev_ws/install/learning_node:/home/mi/dev_ws/install/learning_launch:/home/mi/dev_ws/install/learning_action:/home/mi/dev_ws/install/learning_gazebo_harmonic:/home/mi/dev_ws/install/learning_gazebo:/home/mi/dev_ws/install/learning_cv /usr/bin/cmake /home/mi/FishRos/chapter2/chapt2_ws/src/demo_cpp_pkg -DCMAKE_INSTALL_PREFIX=/home/mi/FishRos/chapter2/install/demo_cpp_pkg
[0.790s] Invoking command in '/home/mi/FishRos/chapter2/build/demo_cpp_pkg': CMAKE_PREFIX_PATH=${CMAKE_PREFIX_PATH}:/opt/ros/humble:/home/mi/dev_ws/install/learning_urdf:/home/mi/dev_ws/install/learning_topic:/home/mi/dev_ws/install/learning_tf:/home/mi/dev_ws/install/learning_service:/home/mi/dev_ws/install/learning_qos:/home/mi/dev_ws/install/learning_pkg_python:/home/mi/dev_ws/install/learning_parameter:/home/mi/dev_ws/install/learning_node:/home/mi/dev_ws/install/learning_launch:/home/mi/dev_ws/install/learning_action:/home/mi/dev_ws/install/learning_gazebo_harmonic:/home/mi/dev_ws/install/learning_gazebo:/home/mi/dev_ws/install/learning_cv /usr/bin/cmake --build /home/mi/FishRos/chapter2/build/demo_cpp_pkg -- -j20 -l20
[0.823s] [ 25%] [32mBuilding CXX object CMakeFiles/cpp_node.dir/src/cpp_node.cpp.o[0m
[0.823s] [ 25%] [32mBuilding CXX object CMakeFiles/learn_auto.dir/src/learn_auto.cpp.o[0m
[0.825s] [ 37%] [32mBuilding CXX object CMakeFiles/person_node.dir/src/person_node.cpp.o[0m
[0.826s] [ 50%] [32mBuilding CXX object CMakeFiles/learn_shared_ptr.dir/src/learn_shared_ptr.cpp.o[0m
[0.958s] [ 62%] [32m[1mLinking CXX executable learn_auto[0m
[1.011s] [ 62%] Built target learn_auto
[1.028s] [ 75%] [32m[1mLinking CXX executable learn_shared_ptr[0m
[1.076s] [ 75%] Built target learn_shared_ptr
[2.463s] [ 87%] [32m[1mLinking CXX executable cpp_node[0m
[2.465s] [100%] [32m[1mLinking CXX executable person_node[0m
[2.547s] [100%] Built target cpp_node
[2.547s] [100%] Built target person_node
[2.557s] Invoked command in '/home/mi/FishRos/chapter2/build/demo_cpp_pkg' returned '0': CMAKE_PREFIX_PATH=${CMAKE_PREFIX_PATH}:/opt/ros/humble:/home/mi/dev_ws/install/learning_urdf:/home/mi/dev_ws/install/learning_topic:/home/mi/dev_ws/install/learning_tf:/home/mi/dev_ws/install/learning_service:/home/mi/dev_ws/install/learning_qos:/home/mi/dev_ws/install/learning_pkg_python:/home/mi/dev_ws/install/learning_parameter:/home/mi/dev_ws/install/learning_node:/home/mi/dev_ws/install/learning_launch:/home/mi/dev_ws/install/learning_action:/home/mi/dev_ws/install/learning_gazebo_harmonic:/home/mi/dev_ws/install/learning_gazebo:/home/mi/dev_ws/install/learning_cv /usr/bin/cmake --build /home/mi/FishRos/chapter2/build/demo_cpp_pkg -- -j20 -l20
[2.567s] Invoking command in '/home/mi/FishRos/chapter2/build/demo_cpp_pkg': CMAKE_PREFIX_PATH=${CMAKE_PREFIX_PATH}:/opt/ros/humble:/home/mi/dev_ws/install/learning_urdf:/home/mi/dev_ws/install/learning_topic:/home/mi/dev_ws/install/learning_tf:/home/mi/dev_ws/install/learning_service:/home/mi/dev_ws/install/learning_qos:/home/mi/dev_ws/install/learning_pkg_python:/home/mi/dev_ws/install/learning_parameter:/home/mi/dev_ws/install/learning_node:/home/mi/dev_ws/install/learning_launch:/home/mi/dev_ws/install/learning_action:/home/mi/dev_ws/install/learning_gazebo_harmonic:/home/mi/dev_ws/install/learning_gazebo:/home/mi/dev_ws/install/learning_cv /usr/bin/cmake --install /home/mi/FishRos/chapter2/build/demo_cpp_pkg
[2.574s] -- Install configuration: ""
[2.574s] -- Installing: /home/mi/FishRos/chapter2/install/demo_cpp_pkg/lib/demo_cpp_pkg/cpp_node
[2.574s] -- Set runtime path of "/home/mi/FishRos/chapter2/install/demo_cpp_pkg/lib/demo_cpp_pkg/cpp_node" to ""
[2.574s] -- Installing: /home/mi/FishRos/chapter2/install/demo_cpp_pkg/lib/demo_cpp_pkg/person_node
[2.574s] -- Set runtime path of "/home/mi/FishRos/chapter2/install/demo_cpp_pkg/lib/demo_cpp_pkg/person_node" to ""
[2.574s] -- Installing: /home/mi/FishRos/chapter2/install/demo_cpp_pkg/lib/demo_cpp_pkg/learn_auto
[2.574s] -- Installing: /home/mi/FishRos/chapter2/install/demo_cpp_pkg/lib/demo_cpp_pkg/learn_shared_ptr
[2.574s] -- Installing: /home/mi/FishRos/chapter2/install/demo_cpp_pkg/share/ament_index/resource_index/package_run_dependencies/demo_cpp_pkg
[2.574s] -- Installing: /home/mi/FishRos/chapter2/install/demo_cpp_pkg/share/ament_index/resource_index/parent_prefix_path/demo_cpp_pkg
[2.574s] -- Installing: /home/mi/FishRos/chapter2/install/demo_cpp_pkg/share/demo_cpp_pkg/environment/ament_prefix_path.sh
[2.574s] -- Installing: /home/mi/FishRos/chapter2/install/demo_cpp_pkg/share/demo_cpp_pkg/environment/ament_prefix_path.dsv
[2.574s] -- Installing: /home/mi/FishRos/chapter2/install/demo_cpp_pkg/share/demo_cpp_pkg/environment/path.sh
[2.574s] -- Installing: /home/mi/FishRos/chapter2/install/demo_cpp_pkg/share/demo_cpp_pkg/environment/path.dsv
[2.574s] -- Installing: /home/mi/FishRos/chapter2/install/demo_cpp_pkg/share/demo_cpp_pkg/local_setup.bash
[2.575s] -- Installing: /home/mi/FishRos/chapter2/install/demo_cpp_pkg/share/demo_cpp_pkg/local_setup.sh
[2.575s] -- Installing: /home/mi/FishRos/chapter2/install/demo_cpp_pkg/share/demo_cpp_pkg/local_setup.zsh
[2.575s] -- Installing: /home/mi/FishRos/chapter2/install/demo_cpp_pkg/share/demo_cpp_pkg/local_setup.dsv
[2.575s] -- Installing: /home/mi/FishRos/chapter2/install/demo_cpp_pkg/share/demo_cpp_pkg/package.dsv
[2.575s] -- Installing: /home/mi/FishRos/chapter2/install/demo_cpp_pkg/share/ament_index/resource_index/packages/demo_cpp_pkg
[2.575s] -- Installing: /home/mi/FishRos/chapter2/install/demo_cpp_pkg/share/demo_cpp_pkg/cmake/demo_cpp_pkgConfig.cmake
[2.575s] -- Installing: /home/mi/FishRos/chapter2/install/demo_cpp_pkg/share/demo_cpp_pkg/cmake/demo_cpp_pkgConfig-version.cmake
[2.575s] -- Installing: /home/mi/FishRos/chapter2/install/demo_cpp_pkg/share/demo_cpp_pkg/package.xml
[2.576s] Invoked command in '/home/mi/FishRos/chapter2/build/demo_cpp_pkg' returned '0': CMAKE_PREFIX_PATH=${CMAKE_PREFIX_PATH}:/opt/ros/humble:/home/mi/dev_ws/install/learning_urdf:/home/mi/dev_ws/install/learning_topic:/home/mi/dev_ws/install/learning_tf:/home/mi/dev_ws/install/learning_service:/home/mi/dev_ws/install/learning_qos:/home/mi/dev_ws/install/learning_pkg_python:/home/mi/dev_ws/install/learning_parameter:/home/mi/dev_ws/install/learning_node:/home/mi/dev_ws/install/learning_launch:/home/mi/dev_ws/install/learning_action:/home/mi/dev_ws/install/learning_gazebo_harmonic:/home/mi/dev_ws/install/learning_gazebo:/home/mi/dev_ws/install/learning_cv /usr/bin/cmake --install /home/mi/FishRos/chapter2/build/demo_cpp_pkg
