[0.828s] Invoking command in '/home/mi/FishRos/chapt7/chapt7_ws/src/fishbot_application': PYTHONPATH=/home/mi/FishRos/chapt7/chapt7_ws/build/fishbot_application/prefix_override:/usr/lib/python3/dist-packages/colcon_core/task/python/colcon_distutils_commands:/home/mi/FishRos/chapt7/chapt7_ws/install/fishbot_application/lib/python3.10/site-packages:${PYTHONPATH} /usr/bin/python3 -W ignore:setup.py install is deprecated -W ignore:easy_install command is deprecated setup.py egg_info --egg-base ../../build/fishbot_application build --build-base /home/mi/FishRos/chapt7/chapt7_ws/build/fishbot_application/build install --record /home/mi/FishRos/chapt7/chapt7_ws/build/fishbot_application/install.log --single-version-externally-managed install_data
[1.003s] running egg_info
[1.015s] writing ../../build/fishbot_application/fishbot_application.egg-info/PKG-INFO
[1.015s] writing dependency_links to ../../build/fishbot_application/fishbot_application.egg-info/dependency_links.txt
[1.015s] writing entry points to ../../build/fishbot_application/fishbot_application.egg-info/entry_points.txt
[1.015s] writing requirements to ../../build/fishbot_application/fishbot_application.egg-info/requires.txt
[1.015s] writing top-level names to ../../build/fishbot_application/fishbot_application.egg-info/top_level.txt
[1.037s] reading manifest file '../../build/fishbot_application/fishbot_application.egg-info/SOURCES.txt'
[1.037s] adding license file 'LICENSE'
[1.037s] writing manifest file '../../build/fishbot_application/fishbot_application.egg-info/SOURCES.txt'
[1.037s] running build
[1.037s] running build_py
[1.038s] copying fishbot_application/init_robot_pose.py -> /home/mi/FishRos/chapt7/chapt7_ws/build/fishbot_application/build/lib/fishbot_application
[1.038s] copying fishbot_application/waypoint_follower.py -> /home/mi/FishRos/chapt7/chapt7_ws/build/fishbot_application/build/lib/fishbot_application
[1.038s] copying fishbot_application/get_robot_pose.py -> /home/mi/FishRos/chapt7/chapt7_ws/build/fishbot_application/build/lib/fishbot_application
[1.038s] copying fishbot_application/__init__.py -> /home/mi/FishRos/chapt7/chapt7_ws/build/fishbot_application/build/lib/fishbot_application
[1.038s] copying fishbot_application/nav_to_pose.py -> /home/mi/FishRos/chapt7/chapt7_ws/build/fishbot_application/build/lib/fishbot_application
[1.038s] running install
[1.040s] running install_lib
[1.051s] running install_data
[1.051s] copying resource/fishbot_application -> /home/mi/FishRos/chapt7/chapt7_ws/install/fishbot_application/share/ament_index/resource_index/packages
[1.051s] copying package.xml -> /home/mi/FishRos/chapt7/chapt7_ws/install/fishbot_application/share/fishbot_application
[1.051s] running install_egg_info
[1.061s] removing '/home/mi/FishRos/chapt7/chapt7_ws/install/fishbot_application/lib/python3.10/site-packages/fishbot_application-0.0.0-py3.10.egg-info' (and everything under it)
[1.061s] Copying ../../build/fishbot_application/fishbot_application.egg-info to /home/mi/FishRos/chapt7/chapt7_ws/install/fishbot_application/lib/python3.10/site-packages/fishbot_application-0.0.0-py3.10.egg-info
[1.062s] running install_scripts
[1.159s] Installing get_robot_pose script to /home/mi/FishRos/chapt7/chapt7_ws/install/fishbot_application/lib/fishbot_application
[1.159s] Installing init_robot_pose script to /home/mi/FishRos/chapt7/chapt7_ws/install/fishbot_application/lib/fishbot_application
[1.159s] Installing nav_to_pose script to /home/mi/FishRos/chapt7/chapt7_ws/install/fishbot_application/lib/fishbot_application
[1.159s] Installing waypoint_follower script to /home/mi/FishRos/chapt7/chapt7_ws/install/fishbot_application/lib/fishbot_application
[1.159s] writing list of installed files to '/home/mi/FishRos/chapt7/chapt7_ws/build/fishbot_application/install.log'
[1.182s] Invoked command in '/home/mi/FishRos/chapt7/chapt7_ws/src/fishbot_application' returned '0': PYTHONPATH=/home/mi/FishRos/chapt7/chapt7_ws/build/fishbot_application/prefix_override:/usr/lib/python3/dist-packages/colcon_core/task/python/colcon_distutils_commands:/home/mi/FishRos/chapt7/chapt7_ws/install/fishbot_application/lib/python3.10/site-packages:${PYTHONPATH} /usr/bin/python3 -W ignore:setup.py install is deprecated -W ignore:easy_install command is deprecated setup.py egg_info --egg-base ../../build/fishbot_application build --build-base /home/mi/FishRos/chapt7/chapt7_ws/build/fishbot_application/build install --record /home/mi/FishRos/chapt7/chapt7_ws/build/fishbot_application/install.log --single-version-externally-managed install_data
