[0.010s] Invoking command in '/home/mi/FishRos/chapter3/topic_ws/build/demo_cpp_topic': CMAKE_PREFIX_PATH=${CMAKE_PREFIX_PATH}:/opt/ros/humble:/home/mi/dev_ws/install/learning_urdf:/home/mi/dev_ws/install/learning_topic:/home/mi/dev_ws/install/learning_tf:/home/mi/dev_ws/install/learning_service:/home/mi/dev_ws/install/learning_qos:/home/mi/dev_ws/install/learning_pkg_python:/home/mi/dev_ws/install/learning_parameter:/home/mi/dev_ws/install/learning_node:/home/mi/dev_ws/install/learning_launch:/home/mi/dev_ws/install/learning_action:/home/mi/dev_ws/install/learning_gazebo_harmonic:/home/mi/dev_ws/install/learning_gazebo:/home/mi/dev_ws/install/learning_cv CONDA_PROMPT_MODIFIER=(base) /usr/bin/cmake /home/mi/FishRos/chapter3/topic_ws/src/demo_cpp_topic -DCMAKE_INSTALL_PREFIX=/home/mi/FishRos/chapter3/topic_ws/install/demo_cpp_topic
[0.019s] -- Found ament_cmake: 1.3.11 (/opt/ros/humble/share/ament_cmake/cmake)
[0.110s] -- Found rclcpp: 16.0.11 (/opt/ros/humble/share/rclcpp/cmake)
[0.126s] -- Found rosidl_generator_c: 3.1.6 (/opt/ros/humble/share/rosidl_generator_c/cmake)
[0.128s] -- Found rosidl_adapter: 3.1.6 (/opt/ros/humble/share/rosidl_adapter/cmake)
[0.131s] -- Found rosidl_generator_cpp: 3.1.6 (/opt/ros/humble/share/rosidl_generator_cpp/cmake)
[0.136s] -- Using all available rosidl_typesupport_c: rosidl_typesupport_fastrtps_c;rosidl_typesupport_introspection_c
[0.144s] -- Using all available rosidl_typesupport_cpp: rosidl_typesupport_fastrtps_cpp;rosidl_typesupport_introspection_cpp
[0.164s] -- Found rmw_implementation_cmake: 6.1.2 (/opt/ros/humble/share/rmw_implementation_cmake/cmake)
[0.165s] -- Found rmw_cyclonedds_cpp: 1.3.4 (/opt/ros/humble/share/rmw_cyclonedds_cpp/cmake)
[0.175s] -- Using RMW implementation 'rmw_cyclonedds_cpp' as default
[0.203s] -- Found geometry_msgs: 4.2.4 (/opt/ros/humble/share/geometry_msgs/cmake)
[0.210s] -- Found turtlesim: 1.4.2 (/opt/ros/humble/share/turtlesim/cmake)
[0.230s] -- Found ament_lint_auto: 0.12.11 (/opt/ros/humble/share/ament_lint_auto/cmake)
[0.311s] -- Added test 'cppcheck' to perform static code analysis on C / C++ code
[0.311s] -- Configured cppcheck include dirs: 
[0.311s] -- Configured cppcheck exclude dirs and/or files: 
[0.312s] -- Added test 'lint_cmake' to check CMake code style
[0.312s] -- Added test 'uncrustify' to check C / C++ code style
[0.313s] -- Configured uncrustify additional arguments: 
[0.313s] -- Added test 'xmllint' to check XML markup files
[0.314s] -- Configuring done
[0.320s] -- Generating done
[0.322s] -- Build files have been written to: /home/mi/FishRos/chapter3/topic_ws/build/demo_cpp_topic
[0.326s] Invoked command in '/home/mi/FishRos/chapter3/topic_ws/build/demo_cpp_topic' returned '0': CMAKE_PREFIX_PATH=${CMAKE_PREFIX_PATH}:/opt/ros/humble:/home/mi/dev_ws/install/learning_urdf:/home/mi/dev_ws/install/learning_topic:/home/mi/dev_ws/install/learning_tf:/home/mi/dev_ws/install/learning_service:/home/mi/dev_ws/install/learning_qos:/home/mi/dev_ws/install/learning_pkg_python:/home/mi/dev_ws/install/learning_parameter:/home/mi/dev_ws/install/learning_node:/home/mi/dev_ws/install/learning_launch:/home/mi/dev_ws/install/learning_action:/home/mi/dev_ws/install/learning_gazebo_harmonic:/home/mi/dev_ws/install/learning_gazebo:/home/mi/dev_ws/install/learning_cv CONDA_PROMPT_MODIFIER=(base) /usr/bin/cmake /home/mi/FishRos/chapter3/topic_ws/src/demo_cpp_topic -DCMAKE_INSTALL_PREFIX=/home/mi/FishRos/chapter3/topic_ws/install/demo_cpp_topic
[0.328s] Invoking command in '/home/mi/FishRos/chapter3/topic_ws/build/demo_cpp_topic': CMAKE_PREFIX_PATH=${CMAKE_PREFIX_PATH}:/opt/ros/humble:/home/mi/dev_ws/install/learning_urdf:/home/mi/dev_ws/install/learning_topic:/home/mi/dev_ws/install/learning_tf:/home/mi/dev_ws/install/learning_service:/home/mi/dev_ws/install/learning_qos:/home/mi/dev_ws/install/learning_pkg_python:/home/mi/dev_ws/install/learning_parameter:/home/mi/dev_ws/install/learning_node:/home/mi/dev_ws/install/learning_launch:/home/mi/dev_ws/install/learning_action:/home/mi/dev_ws/install/learning_gazebo_harmonic:/home/mi/dev_ws/install/learning_gazebo:/home/mi/dev_ws/install/learning_cv CONDA_PROMPT_MODIFIER=(base) /usr/bin/cmake --build /home/mi/FishRos/chapter3/topic_ws/build/demo_cpp_topic -- -j20 -l20
[0.363s] [ 50%] [32mBuilding CXX object CMakeFiles/turtle_circle.dir/src/turtle_circle.cpp.o[0m
[1.720s] [01m[K/home/mi/FishRos/chapter3/topic_ws/src/demo_cpp_topic/src/turtle_circle.cpp:[m[K In constructor ‘[01m[KTurtleCircleNode::TurtleCircleNode(const string&)[m[K’:
[1.720s] [01m[K/home/mi/FishRos/chapter3/topic_ws/src/demo_cpp_topic/src/turtle_circle.cpp:14:45:[m[K [01;35m[Kwarning: [m[Kunused parameter ‘[01m[Knode_name[m[K’ [[01;35m[K]8;;https://gcc.gnu.org/onlinedocs/gcc/Warning-Options.html#index-Wunused-parameter-Wunused-parameter]8;;[m[K]
[1.720s]    14 |         TurtleCircleNode([01;35m[Kconst std::string& node_name[m[K) : Node("node_name") // 构造函数，初始化节点
[1.720s]       |                          [01;35m[K~~~~~~~~~~~~~~~~~~~^~~~~~~~~[m[K
[2.964s] [100%] [32m[1mLinking CXX executable turtle_circle[0m
[3.109s] [100%] Built target turtle_circle
[3.116s] Invoked command in '/home/mi/FishRos/chapter3/topic_ws/build/demo_cpp_topic' returned '0': CMAKE_PREFIX_PATH=${CMAKE_PREFIX_PATH}:/opt/ros/humble:/home/mi/dev_ws/install/learning_urdf:/home/mi/dev_ws/install/learning_topic:/home/mi/dev_ws/install/learning_tf:/home/mi/dev_ws/install/learning_service:/home/mi/dev_ws/install/learning_qos:/home/mi/dev_ws/install/learning_pkg_python:/home/mi/dev_ws/install/learning_parameter:/home/mi/dev_ws/install/learning_node:/home/mi/dev_ws/install/learning_launch:/home/mi/dev_ws/install/learning_action:/home/mi/dev_ws/install/learning_gazebo_harmonic:/home/mi/dev_ws/install/learning_gazebo:/home/mi/dev_ws/install/learning_cv CONDA_PROMPT_MODIFIER=(base) /usr/bin/cmake --build /home/mi/FishRos/chapter3/topic_ws/build/demo_cpp_topic -- -j20 -l20
[3.125s] Invoking command in '/home/mi/FishRos/chapter3/topic_ws/build/demo_cpp_topic': CMAKE_PREFIX_PATH=${CMAKE_PREFIX_PATH}:/opt/ros/humble:/home/mi/dev_ws/install/learning_urdf:/home/mi/dev_ws/install/learning_topic:/home/mi/dev_ws/install/learning_tf:/home/mi/dev_ws/install/learning_service:/home/mi/dev_ws/install/learning_qos:/home/mi/dev_ws/install/learning_pkg_python:/home/mi/dev_ws/install/learning_parameter:/home/mi/dev_ws/install/learning_node:/home/mi/dev_ws/install/learning_launch:/home/mi/dev_ws/install/learning_action:/home/mi/dev_ws/install/learning_gazebo_harmonic:/home/mi/dev_ws/install/learning_gazebo:/home/mi/dev_ws/install/learning_cv CONDA_PROMPT_MODIFIER=(base) /usr/bin/cmake --install /home/mi/FishRos/chapter3/topic_ws/build/demo_cpp_topic
[3.131s] -- Install configuration: ""
[3.131s] -- Installing: /home/mi/FishRos/chapter3/topic_ws/install/demo_cpp_topic/lib/demo_cpp_topic/turtle_circle
[3.131s] -- Set runtime path of "/home/mi/FishRos/chapter3/topic_ws/install/demo_cpp_topic/lib/demo_cpp_topic/turtle_circle" to ""
[3.131s] -- Installing: /home/mi/FishRos/chapter3/topic_ws/install/demo_cpp_topic/share/ament_index/resource_index/package_run_dependencies/demo_cpp_topic
[3.132s] -- Installing: /home/mi/FishRos/chapter3/topic_ws/install/demo_cpp_topic/share/ament_index/resource_index/parent_prefix_path/demo_cpp_topic
[3.132s] -- Installing: /home/mi/FishRos/chapter3/topic_ws/install/demo_cpp_topic/share/demo_cpp_topic/environment/ament_prefix_path.sh
[3.132s] -- Installing: /home/mi/FishRos/chapter3/topic_ws/install/demo_cpp_topic/share/demo_cpp_topic/environment/ament_prefix_path.dsv
[3.132s] -- Installing: /home/mi/FishRos/chapter3/topic_ws/install/demo_cpp_topic/share/demo_cpp_topic/environment/path.sh
[3.132s] -- Installing: /home/mi/FishRos/chapter3/topic_ws/install/demo_cpp_topic/share/demo_cpp_topic/environment/path.dsv
[3.132s] -- Installing: /home/mi/FishRos/chapter3/topic_ws/install/demo_cpp_topic/share/demo_cpp_topic/local_setup.bash
[3.132s] -- Installing: /home/mi/FishRos/chapter3/topic_ws/install/demo_cpp_topic/share/demo_cpp_topic/local_setup.sh
[3.132s] -- Installing: /home/mi/FishRos/chapter3/topic_ws/install/demo_cpp_topic/share/demo_cpp_topic/local_setup.zsh
[3.132s] -- Installing: /home/mi/FishRos/chapter3/topic_ws/install/demo_cpp_topic/share/demo_cpp_topic/local_setup.dsv
[3.132s] -- Installing: /home/mi/FishRos/chapter3/topic_ws/install/demo_cpp_topic/share/demo_cpp_topic/package.dsv
[3.132s] -- Installing: /home/mi/FishRos/chapter3/topic_ws/install/demo_cpp_topic/share/ament_index/resource_index/packages/demo_cpp_topic
[3.132s] -- Installing: /home/mi/FishRos/chapter3/topic_ws/install/demo_cpp_topic/share/demo_cpp_topic/cmake/demo_cpp_topicConfig.cmake
[3.132s] -- Installing: /home/mi/FishRos/chapter3/topic_ws/install/demo_cpp_topic/share/demo_cpp_topic/cmake/demo_cpp_topicConfig-version.cmake
[3.132s] -- Installing: /home/mi/FishRos/chapter3/topic_ws/install/demo_cpp_topic/share/demo_cpp_topic/package.xml
[3.134s] Invoked command in '/home/mi/FishRos/chapter3/topic_ws/build/demo_cpp_topic' returned '0': CMAKE_PREFIX_PATH=${CMAKE_PREFIX_PATH}:/opt/ros/humble:/home/mi/dev_ws/install/learning_urdf:/home/mi/dev_ws/install/learning_topic:/home/mi/dev_ws/install/learning_tf:/home/mi/dev_ws/install/learning_service:/home/mi/dev_ws/install/learning_qos:/home/mi/dev_ws/install/learning_pkg_python:/home/mi/dev_ws/install/learning_parameter:/home/mi/dev_ws/install/learning_node:/home/mi/dev_ws/install/learning_launch:/home/mi/dev_ws/install/learning_action:/home/mi/dev_ws/install/learning_gazebo_harmonic:/home/mi/dev_ws/install/learning_gazebo:/home/mi/dev_ws/install/learning_cv CONDA_PROMPT_MODIFIER=(base) /usr/bin/cmake --install /home/mi/FishRos/chapter3/topic_ws/build/demo_cpp_topic
