[0.961s] Invoking command in '/home/mi/FishRos/chapt7/chapt7_ws/src/autopatrol_robot': PYTHONPATH=/home/mi/FishRos/chapt7/chapt7_ws/build/autopatrol_robot/prefix_override:/usr/lib/python3/dist-packages/colcon_core/task/python/colcon_distutils_commands:/home/mi/FishRos/chapt7/chapt7_ws/install/autopatrol_robot/lib/python3.10/site-packages:${PYTHONPATH} /usr/bin/python3 -W ignore:setup.py install is deprecated -W ignore:easy_install command is deprecated setup.py egg_info --egg-base ../../build/autopatrol_robot build --build-base /home/mi/FishRos/chapt7/chapt7_ws/build/autopatrol_robot/build install --record /home/mi/FishRos/chapt7/chapt7_ws/build/autopatrol_robot/install.log --single-version-externally-managed install_data
[1.162s] running egg_info
[1.173s] writing ../../build/autopatrol_robot/autopatrol_robot.egg-info/PKG-INFO
[1.173s] writing dependency_links to ../../build/autopatrol_robot/autopatrol_robot.egg-info/dependency_links.txt
[1.173s] writing entry points to ../../build/autopatrol_robot/autopatrol_robot.egg-info/entry_points.txt
[1.173s] writing requirements to ../../build/autopatrol_robot/autopatrol_robot.egg-info/requires.txt
[1.173s] writing top-level names to ../../build/autopatrol_robot/autopatrol_robot.egg-info/top_level.txt
[1.198s] reading manifest file '../../build/autopatrol_robot/autopatrol_robot.egg-info/SOURCES.txt'
[1.199s] writing manifest file '../../build/autopatrol_robot/autopatrol_robot.egg-info/SOURCES.txt'
[1.199s] running build
[1.199s] running build_py
[1.199s] copying autopatrol_robot/partol_node.py -> /home/mi/FishRos/chapt7/chapt7_ws/build/autopatrol_robot/build/lib/autopatrol_robot
[1.199s] copying autopatrol_robot/__init__.py -> /home/mi/FishRos/chapt7/chapt7_ws/build/autopatrol_robot/build/lib/autopatrol_robot
[1.199s] copying autopatrol_robot/speaker.py -> /home/mi/FishRos/chapt7/chapt7_ws/build/autopatrol_robot/build/lib/autopatrol_robot
[1.199s] running install
[1.203s] running install_lib
[1.221s] running install_data
[1.222s] copying resource/autopatrol_robot -> /home/mi/FishRos/chapt7/chapt7_ws/install/autopatrol_robot/share/ament_index/resource_index/packages
[1.222s] copying package.xml -> /home/mi/FishRos/chapt7/chapt7_ws/install/autopatrol_robot/share/autopatrol_robot
[1.222s] copying launch/autopartol.launch.py -> /home/mi/FishRos/chapt7/chapt7_ws/install/autopatrol_robot/share/autopatrol_robot/launch
[1.222s] copying config/partol_config.yaml -> /home/mi/FishRos/chapt7/chapt7_ws/install/autopatrol_robot/share/autopatrol_robot/config
[1.222s] running install_egg_info
[1.237s] removing '/home/mi/FishRos/chapt7/chapt7_ws/install/autopatrol_robot/lib/python3.10/site-packages/autopatrol_robot-0.0.0-py3.10.egg-info' (and everything under it)
[1.238s] Copying ../../build/autopatrol_robot/autopatrol_robot.egg-info to /home/mi/FishRos/chapt7/chapt7_ws/install/autopatrol_robot/lib/python3.10/site-packages/autopatrol_robot-0.0.0-py3.10.egg-info
[1.238s] running install_scripts
[1.354s] Installing partol_node script to /home/mi/FishRos/chapt7/chapt7_ws/install/autopatrol_robot/lib/autopatrol_robot
[1.355s] Installing speaker script to /home/mi/FishRos/chapt7/chapt7_ws/install/autopatrol_robot/lib/autopatrol_robot
[1.355s] writing list of installed files to '/home/mi/FishRos/chapt7/chapt7_ws/build/autopatrol_robot/install.log'
[1.378s] Invoked command in '/home/mi/FishRos/chapt7/chapt7_ws/src/autopatrol_robot' returned '0': PYTHONPATH=/home/mi/FishRos/chapt7/chapt7_ws/build/autopatrol_robot/prefix_override:/usr/lib/python3/dist-packages/colcon_core/task/python/colcon_distutils_commands:/home/mi/FishRos/chapt7/chapt7_ws/install/autopatrol_robot/lib/python3.10/site-packages:${PYTHONPATH} /usr/bin/python3 -W ignore:setup.py install is deprecated -W ignore:easy_install command is deprecated setup.py egg_info --egg-base ../../build/autopatrol_robot build --build-base /home/mi/FishRos/chapt7/chapt7_ws/build/autopatrol_robot/build install --record /home/mi/FishRos/chapt7/chapt7_ws/build/autopatrol_robot/install.log --single-version-externally-managed install_data
