[0.567s] Invoking command in '/home/mi/FishRos/chapter4/chapt4_ws/src/demo_python_service': AMENT_PREFIX_PATH=/home/mi/FishRos/chapter4/chapt4_ws/install/chapt4_interfaces:${AMENT_PREFIX_PATH} CMAKE_PREFIX_PATH=/home/mi/FishRos/chapter4/chapt4_ws/install/chapt4_interfaces:${CMAKE_PREFIX_PATH} CONDA_PROMPT_MODIFIER=(base) LD_LIBRARY_PATH=/home/mi/FishRos/chapter4/chapt4_ws/install/chapt4_interfaces/lib:/home/mi/catkin_ws/devel/lib:/usr/local/cuda/lib64:/opt/ros/humble/opt/rviz_ogre_vendor/lib:/opt/ros/humble/lib/x86_64-linux-gnu:/opt/ros/humble/lib:/home/mi/catkin_ws/devel/lib:/usr/local/cuda/lib64:/home/mi/dev_ws/install/learning_interface/lib:/usr/share/gazebo/../../lib/x86_64-linux-gnu/gazebo-11/plugins:/usr/lib/x86_64-linux-gnu/gazebo-11/plugins:/usr/share/gazebo/../../lib/x86_64-linux-gnu/gazebo-11/plugins:/usr/share/gazebo/../../lib/x86_64-linux-gnu/gazebo-11/plugins:/home/mi/catkin_ws/devel/lib:/usr/lib/x86_64-linux-gnu/gazebo-11/plugins:/usr/share/gazebo/../../lib/x86_64-linux-gnu/gazebo-11/plugins:/usr/lib/x86_64-linux-gnu/gazebo-11/plugins:/usr/share/gazebo/../../lib/x86_64-linux-gnu/gazebo-11/plugins:/home/mi/catkin_ws/devel/lib:/usr/lib/x86_64-linux-gnu/gazebo-11/plugins:/usr/share/gazebo/../../lib/x86_64-linux-gnu/gazebo-11/plugins PYTHONPATH=/home/mi/FishRos/chapter4/chapt4_ws/build/demo_python_service/prefix_override:/usr/lib/python3/dist-packages/colcon_core/task/python/colcon_distutils_commands:/home/mi/FishRos/chapter4/chapt4_ws/install/demo_python_service/lib/python3.10/site-packages:/home/mi/FishRos/chapter4/chapt4_ws/install/chapt4_interfaces/lib/python3.12/site-packages:${PYTHONPATH} /usr/bin/python3 -W ignore:setup.py install is deprecated -W ignore:easy_install command is deprecated setup.py egg_info --egg-base ../../build/demo_python_service build --build-base /home/mi/FishRos/chapter4/chapt4_ws/build/demo_python_service/build install --record /home/mi/FishRos/chapter4/chapt4_ws/build/demo_python_service/install.log --single-version-externally-managed install_data
[0.715s] running egg_info
[0.724s] writing ../../build/demo_python_service/demo_python_service.egg-info/PKG-INFO
[0.724s] writing dependency_links to ../../build/demo_python_service/demo_python_service.egg-info/dependency_links.txt
[0.724s] writing entry points to ../../build/demo_python_service/demo_python_service.egg-info/entry_points.txt
[0.724s] writing requirements to ../../build/demo_python_service/demo_python_service.egg-info/requires.txt
[0.724s] writing top-level names to ../../build/demo_python_service/demo_python_service.egg-info/top_level.txt
[0.744s] reading manifest file '../../build/demo_python_service/demo_python_service.egg-info/SOURCES.txt'
[0.745s] adding license file 'LICENSE'
[0.745s] writing manifest file '../../build/demo_python_service/demo_python_service.egg-info/SOURCES.txt'
[0.745s] running build
[0.745s] running build_py
[0.745s] copying demo_python_service/learn_face_detect.py -> /home/mi/FishRos/chapter4/chapt4_ws/build/demo_python_service/build/lib/demo_python_service
[0.745s] running install
[0.749s] running install_lib
[0.758s] copying /home/mi/FishRos/chapter4/chapt4_ws/build/demo_python_service/build/lib/demo_python_service/learn_face_detect.py -> /home/mi/FishRos/chapter4/chapt4_ws/install/demo_python_service/lib/python3.10/site-packages/demo_python_service
[0.758s] byte-compiling /home/mi/FishRos/chapter4/chapt4_ws/install/demo_python_service/lib/python3.10/site-packages/demo_python_service/learn_face_detect.py to learn_face_detect.cpython-310.pyc
[0.759s] running install_data
[0.759s] error: can't copy 'resource/demo_python_service': doesn't exist or not a regular file
[0.770s] Invoked command in '/home/mi/FishRos/chapter4/chapt4_ws/src/demo_python_service' returned '1': AMENT_PREFIX_PATH=/home/mi/FishRos/chapter4/chapt4_ws/install/chapt4_interfaces:${AMENT_PREFIX_PATH} CMAKE_PREFIX_PATH=/home/mi/FishRos/chapter4/chapt4_ws/install/chapt4_interfaces:${CMAKE_PREFIX_PATH} CONDA_PROMPT_MODIFIER=(base) LD_LIBRARY_PATH=/home/mi/FishRos/chapter4/chapt4_ws/install/chapt4_interfaces/lib:/home/mi/catkin_ws/devel/lib:/usr/local/cuda/lib64:/opt/ros/humble/opt/rviz_ogre_vendor/lib:/opt/ros/humble/lib/x86_64-linux-gnu:/opt/ros/humble/lib:/home/mi/catkin_ws/devel/lib:/usr/local/cuda/lib64:/home/mi/dev_ws/install/learning_interface/lib:/usr/share/gazebo/../../lib/x86_64-linux-gnu/gazebo-11/plugins:/usr/lib/x86_64-linux-gnu/gazebo-11/plugins:/usr/share/gazebo/../../lib/x86_64-linux-gnu/gazebo-11/plugins:/usr/share/gazebo/../../lib/x86_64-linux-gnu/gazebo-11/plugins:/home/mi/catkin_ws/devel/lib:/usr/lib/x86_64-linux-gnu/gazebo-11/plugins:/usr/share/gazebo/../../lib/x86_64-linux-gnu/gazebo-11/plugins:/usr/lib/x86_64-linux-gnu/gazebo-11/plugins:/usr/share/gazebo/../../lib/x86_64-linux-gnu/gazebo-11/plugins:/home/mi/catkin_ws/devel/lib:/usr/lib/x86_64-linux-gnu/gazebo-11/plugins:/usr/share/gazebo/../../lib/x86_64-linux-gnu/gazebo-11/plugins PYTHONPATH=/home/mi/FishRos/chapter4/chapt4_ws/build/demo_python_service/prefix_override:/usr/lib/python3/dist-packages/colcon_core/task/python/colcon_distutils_commands:/home/mi/FishRos/chapter4/chapt4_ws/install/demo_python_service/lib/python3.10/site-packages:/home/mi/FishRos/chapter4/chapt4_ws/install/chapt4_interfaces/lib/python3.12/site-packages:${PYTHONPATH} /usr/bin/python3 -W ignore:setup.py install is deprecated -W ignore:easy_install command is deprecated setup.py egg_info --egg-base ../../build/demo_python_service build --build-base /home/mi/FishRos/chapter4/chapt4_ws/build/demo_python_service/build install --record /home/mi/FishRos/chapter4/chapt4_ws/build/demo_python_service/install.log --single-version-externally-managed install_data
