[35m[1mConsolidate compiler generated dependencies of target learn_auto[0m
[35m[1mConsolidate compiler generated dependencies of target learn_shared_ptr[0m
[35m[1mConsolidate compiler generated dependencies of target learn_funcational[0m
[35m[1mConsolidate compiler generated dependencies of target learn_lambda[0m
[35m[1mConsolidate compiler generated dependencies of target learn_thread[0m
[35m[1mConsolidate compiler generated dependencies of target cpp_node[0m
[35m[1mConsolidate compiler generated dependencies of target person_node[0m
[ 42%] Built target learn_lambda
[ 42%] Built target learn_funcational
[ 42%] Built target learn_auto
[ 57%] Built target learn_shared_ptr
[ 64%] [32mBuilding CXX object CMakeFiles/learn_thread.dir/src/learn_thread.cpp.o[0m
[ 78%] Built target person_node
[ 92%] Built target cpp_node
[100%] [32m[1mLinking CXX executable learn_thread[0m
[100%] Built target learn_thread
-- Install configuration: ""
-- Installing: /home/mi/FishRos/chapter2/chapt2_ws/install/demo_cpp_pkg/lib/demo_cpp_pkg/cpp_node
-- Set runtime path of "/home/mi/FishRos/chapter2/chapt2_ws/install/demo_cpp_pkg/lib/demo_cpp_pkg/cpp_node" to ""
-- Installing: /home/mi/FishRos/chapter2/chapt2_ws/install/demo_cpp_pkg/lib/demo_cpp_pkg/person_node
-- Set runtime path of "/home/mi/FishRos/chapter2/chapt2_ws/install/demo_cpp_pkg/lib/demo_cpp_pkg/person_node" to ""
-- Installing: /home/mi/FishRos/chapter2/chapt2_ws/install/demo_cpp_pkg/lib/demo_cpp_pkg/learn_auto
-- Installing: /home/mi/FishRos/chapter2/chapt2_ws/install/demo_cpp_pkg/lib/demo_cpp_pkg/learn_shared_ptr
-- Installing: /home/mi/FishRos/chapter2/chapt2_ws/install/demo_cpp_pkg/lib/demo_cpp_pkg/learn_lambda
-- Installing: /home/mi/FishRos/chapter2/chapt2_ws/install/demo_cpp_pkg/lib/demo_cpp_pkg/learn_funcational
-- Installing: /home/mi/FishRos/chapter2/chapt2_ws/install/demo_cpp_pkg/lib/demo_cpp_pkg/learn_thread
-- Up-to-date: /home/mi/FishRos/chapter2/chapt2_ws/install/demo_cpp_pkg/share/ament_index/resource_index/package_run_dependencies/demo_cpp_pkg
-- Installing: /home/mi/FishRos/chapter2/chapt2_ws/install/demo_cpp_pkg/share/ament_index/resource_index/parent_prefix_path/demo_cpp_pkg
-- Up-to-date: /home/mi/FishRos/chapter2/chapt2_ws/install/demo_cpp_pkg/share/demo_cpp_pkg/environment/ament_prefix_path.sh
-- Installing: /home/mi/FishRos/chapter2/chapt2_ws/install/demo_cpp_pkg/share/demo_cpp_pkg/environment/ament_prefix_path.dsv
-- Up-to-date: /home/mi/FishRos/chapter2/chapt2_ws/install/demo_cpp_pkg/share/demo_cpp_pkg/environment/path.sh
-- Installing: /home/mi/FishRos/chapter2/chapt2_ws/install/demo_cpp_pkg/share/demo_cpp_pkg/environment/path.dsv
-- Up-to-date: /home/mi/FishRos/chapter2/chapt2_ws/install/demo_cpp_pkg/share/demo_cpp_pkg/local_setup.bash
-- Up-to-date: /home/mi/FishRos/chapter2/chapt2_ws/install/demo_cpp_pkg/share/demo_cpp_pkg/local_setup.sh
-- Up-to-date: /home/mi/FishRos/chapter2/chapt2_ws/install/demo_cpp_pkg/share/demo_cpp_pkg/local_setup.zsh
-- Installing: /home/mi/FishRos/chapter2/chapt2_ws/install/demo_cpp_pkg/share/demo_cpp_pkg/local_setup.dsv
-- Installing: /home/mi/FishRos/chapter2/chapt2_ws/install/demo_cpp_pkg/share/demo_cpp_pkg/package.dsv
-- Up-to-date: /home/mi/FishRos/chapter2/chapt2_ws/install/demo_cpp_pkg/share/ament_index/resource_index/packages/demo_cpp_pkg
-- Up-to-date: /home/mi/FishRos/chapter2/chapt2_ws/install/demo_cpp_pkg/share/demo_cpp_pkg/cmake/demo_cpp_pkgConfig.cmake
-- Up-to-date: /home/mi/FishRos/chapter2/chapt2_ws/install/demo_cpp_pkg/share/demo_cpp_pkg/cmake/demo_cpp_pkgConfig-version.cmake
-- Up-to-date: /home/mi/FishRos/chapter2/chapt2_ws/install/demo_cpp_pkg/share/demo_cpp_pkg/package.xml
