[0.009s] Invoking command in '/home/mi/FishRos/chapter2/chapt2_ws/build/demo_cpp_pkg': CMAKE_PREFIX_PATH=${CMAKE_PREFIX_PATH}:/home/mi/FishRos/chapter2/chapt2_ws/install/demo_python_pkg:/opt/ros/humble:/home/mi/dev_ws/install/learning_urdf:/home/mi/dev_ws/install/learning_topic:/home/mi/dev_ws/install/learning_tf:/home/mi/dev_ws/install/learning_service:/home/mi/dev_ws/install/learning_qos:/home/mi/dev_ws/install/learning_pkg_python:/home/mi/dev_ws/install/learning_parameter:/home/mi/dev_ws/install/learning_node:/home/mi/dev_ws/install/learning_launch:/home/mi/dev_ws/install/learning_action:/home/mi/dev_ws/install/learning_gazebo_harmonic:/home/mi/dev_ws/install/learning_gazebo:/home/mi/dev_ws/install/learning_cv CONDA_PROMPT_MODIFIER=(base) /usr/bin/cmake --build /home/mi/FishRos/chapter2/chapt2_ws/build/demo_cpp_pkg -- -j20 -l20
[0.040s] [35m[1mConsolidate compiler generated dependencies of target learn_auto[0m
[0.040s] [35m[1mConsolidate compiler generated dependencies of target learn_shared_ptr[0m
[0.040s] [35m[1mConsolidate compiler generated dependencies of target learn_funcational[0m
[0.040s] [35m[1mConsolidate compiler generated dependencies of target learn_lambda[0m
[0.040s] [35m[1mConsolidate compiler generated dependencies of target learn_thread[0m
[0.040s] [35m[1mConsolidate compiler generated dependencies of target cpp_node[0m
[0.040s] [35m[1mConsolidate compiler generated dependencies of target person_node[0m
[0.049s] [ 42%] Built target learn_lambda
[0.050s] [ 42%] Built target learn_funcational
[0.050s] [ 42%] Built target learn_auto
[0.050s] [ 57%] Built target learn_shared_ptr
[0.050s] [ 64%] [32mBuilding CXX object CMakeFiles/learn_thread.dir/src/learn_thread.cpp.o[0m
[0.051s] [ 78%] Built target person_node
[0.051s] [ 92%] Built target cpp_node
[2.822s] [100%] [32m[1mLinking CXX executable learn_thread[0m
[2.933s] [100%] Built target learn_thread
[2.941s] Invoked command in '/home/mi/FishRos/chapter2/chapt2_ws/build/demo_cpp_pkg' returned '0': CMAKE_PREFIX_PATH=${CMAKE_PREFIX_PATH}:/home/mi/FishRos/chapter2/chapt2_ws/install/demo_python_pkg:/opt/ros/humble:/home/mi/dev_ws/install/learning_urdf:/home/mi/dev_ws/install/learning_topic:/home/mi/dev_ws/install/learning_tf:/home/mi/dev_ws/install/learning_service:/home/mi/dev_ws/install/learning_qos:/home/mi/dev_ws/install/learning_pkg_python:/home/mi/dev_ws/install/learning_parameter:/home/mi/dev_ws/install/learning_node:/home/mi/dev_ws/install/learning_launch:/home/mi/dev_ws/install/learning_action:/home/mi/dev_ws/install/learning_gazebo_harmonic:/home/mi/dev_ws/install/learning_gazebo:/home/mi/dev_ws/install/learning_cv CONDA_PROMPT_MODIFIER=(base) /usr/bin/cmake --build /home/mi/FishRos/chapter2/chapt2_ws/build/demo_cpp_pkg -- -j20 -l20
[2.948s] Invoking command in '/home/mi/FishRos/chapter2/chapt2_ws/build/demo_cpp_pkg': CMAKE_PREFIX_PATH=${CMAKE_PREFIX_PATH}:/home/mi/FishRos/chapter2/chapt2_ws/install/demo_python_pkg:/opt/ros/humble:/home/mi/dev_ws/install/learning_urdf:/home/mi/dev_ws/install/learning_topic:/home/mi/dev_ws/install/learning_tf:/home/mi/dev_ws/install/learning_service:/home/mi/dev_ws/install/learning_qos:/home/mi/dev_ws/install/learning_pkg_python:/home/mi/dev_ws/install/learning_parameter:/home/mi/dev_ws/install/learning_node:/home/mi/dev_ws/install/learning_launch:/home/mi/dev_ws/install/learning_action:/home/mi/dev_ws/install/learning_gazebo_harmonic:/home/mi/dev_ws/install/learning_gazebo:/home/mi/dev_ws/install/learning_cv CONDA_PROMPT_MODIFIER=(base) /usr/bin/cmake --install /home/mi/FishRos/chapter2/chapt2_ws/build/demo_cpp_pkg
[2.952s] -- Install configuration: ""
[2.953s] -- Installing: /home/mi/FishRos/chapter2/chapt2_ws/install/demo_cpp_pkg/lib/demo_cpp_pkg/cpp_node
[2.953s] -- Set runtime path of "/home/mi/FishRos/chapter2/chapt2_ws/install/demo_cpp_pkg/lib/demo_cpp_pkg/cpp_node" to ""
[2.953s] -- Installing: /home/mi/FishRos/chapter2/chapt2_ws/install/demo_cpp_pkg/lib/demo_cpp_pkg/person_node
[2.954s] -- Set runtime path of "/home/mi/FishRos/chapter2/chapt2_ws/install/demo_cpp_pkg/lib/demo_cpp_pkg/person_node" to ""
[2.954s] -- Installing: /home/mi/FishRos/chapter2/chapt2_ws/install/demo_cpp_pkg/lib/demo_cpp_pkg/learn_auto
[2.955s] -- Installing: /home/mi/FishRos/chapter2/chapt2_ws/install/demo_cpp_pkg/lib/demo_cpp_pkg/learn_shared_ptr
[2.955s] -- Installing: /home/mi/FishRos/chapter2/chapt2_ws/install/demo_cpp_pkg/lib/demo_cpp_pkg/learn_lambda
[2.955s] -- Installing: /home/mi/FishRos/chapter2/chapt2_ws/install/demo_cpp_pkg/lib/demo_cpp_pkg/learn_funcational
[2.956s] -- Installing: /home/mi/FishRos/chapter2/chapt2_ws/install/demo_cpp_pkg/lib/demo_cpp_pkg/learn_thread
[2.957s] -- Up-to-date: /home/mi/FishRos/chapter2/chapt2_ws/install/demo_cpp_pkg/share/ament_index/resource_index/package_run_dependencies/demo_cpp_pkg
[2.957s] -- Installing: /home/mi/FishRos/chapter2/chapt2_ws/install/demo_cpp_pkg/share/ament_index/resource_index/parent_prefix_path/demo_cpp_pkg
[2.957s] -- Up-to-date: /home/mi/FishRos/chapter2/chapt2_ws/install/demo_cpp_pkg/share/demo_cpp_pkg/environment/ament_prefix_path.sh
[2.957s] -- Installing: /home/mi/FishRos/chapter2/chapt2_ws/install/demo_cpp_pkg/share/demo_cpp_pkg/environment/ament_prefix_path.dsv
[2.957s] -- Up-to-date: /home/mi/FishRos/chapter2/chapt2_ws/install/demo_cpp_pkg/share/demo_cpp_pkg/environment/path.sh
[2.957s] -- Installing: /home/mi/FishRos/chapter2/chapt2_ws/install/demo_cpp_pkg/share/demo_cpp_pkg/environment/path.dsv
[2.957s] -- Up-to-date: /home/mi/FishRos/chapter2/chapt2_ws/install/demo_cpp_pkg/share/demo_cpp_pkg/local_setup.bash
[2.957s] -- Up-to-date: /home/mi/FishRos/chapter2/chapt2_ws/install/demo_cpp_pkg/share/demo_cpp_pkg/local_setup.sh
[2.957s] -- Up-to-date: /home/mi/FishRos/chapter2/chapt2_ws/install/demo_cpp_pkg/share/demo_cpp_pkg/local_setup.zsh
[2.957s] -- Installing: /home/mi/FishRos/chapter2/chapt2_ws/install/demo_cpp_pkg/share/demo_cpp_pkg/local_setup.dsv
[2.957s] -- Installing: /home/mi/FishRos/chapter2/chapt2_ws/install/demo_cpp_pkg/share/demo_cpp_pkg/package.dsv
[2.957s] -- Up-to-date: /home/mi/FishRos/chapter2/chapt2_ws/install/demo_cpp_pkg/share/ament_index/resource_index/packages/demo_cpp_pkg
[2.957s] -- Up-to-date: /home/mi/FishRos/chapter2/chapt2_ws/install/demo_cpp_pkg/share/demo_cpp_pkg/cmake/demo_cpp_pkgConfig.cmake
[2.957s] -- Up-to-date: /home/mi/FishRos/chapter2/chapt2_ws/install/demo_cpp_pkg/share/demo_cpp_pkg/cmake/demo_cpp_pkgConfig-version.cmake
[2.957s] -- Up-to-date: /home/mi/FishRos/chapter2/chapt2_ws/install/demo_cpp_pkg/share/demo_cpp_pkg/package.xml
[2.959s] Invoked command in '/home/mi/FishRos/chapter2/chapt2_ws/build/demo_cpp_pkg' returned '0': CMAKE_PREFIX_PATH=${CMAKE_PREFIX_PATH}:/home/mi/FishRos/chapter2/chapt2_ws/install/demo_python_pkg:/opt/ros/humble:/home/mi/dev_ws/install/learning_urdf:/home/mi/dev_ws/install/learning_topic:/home/mi/dev_ws/install/learning_tf:/home/mi/dev_ws/install/learning_service:/home/mi/dev_ws/install/learning_qos:/home/mi/dev_ws/install/learning_pkg_python:/home/mi/dev_ws/install/learning_parameter:/home/mi/dev_ws/install/learning_node:/home/mi/dev_ws/install/learning_launch:/home/mi/dev_ws/install/learning_action:/home/mi/dev_ws/install/learning_gazebo_harmonic:/home/mi/dev_ws/install/learning_gazebo:/home/mi/dev_ws/install/learning_cv CONDA_PROMPT_MODIFIER=(base) /usr/bin/cmake --install /home/mi/FishRos/chapter2/chapt2_ws/build/demo_cpp_pkg
