/home/mi/FishRos/chapter4/chapt4_ws/install/demo_python_service/lib/python3.10/site-packages/demo_python_service/learn_face_detect.py
/home/mi/FishRos/chapter4/chapt4_ws/install/demo_python_service/lib/python3.10/site-packages/demo_python_service/face_detect_client_node.py
/home/mi/FishRos/chapter4/chapt4_ws/install/demo_python_service/lib/python3.10/site-packages/demo_python_service/__init__.py
/home/mi/FishRos/chapter4/chapt4_ws/install/demo_python_service/lib/python3.10/site-packages/demo_python_service/face_detect_node.py
/home/mi/FishRos/chapter4/chapt4_ws/install/demo_python_service/lib/python3.10/site-packages/demo_python_service/kimi_face_detect.py
/home/mi/FishRos/chapter4/chapt4_ws/install/demo_python_service/lib/python3.10/site-packages/demo_python_service/__pycache__/learn_face_detect.cpython-310.pyc
/home/mi/FishRos/chapter4/chapt4_ws/install/demo_python_service/lib/python3.10/site-packages/demo_python_service/__pycache__/face_detect_client_node.cpython-310.pyc
/home/mi/FishRos/chapter4/chapt4_ws/install/demo_python_service/lib/python3.10/site-packages/demo_python_service/__pycache__/__init__.cpython-310.pyc
/home/mi/FishRos/chapter4/chapt4_ws/install/demo_python_service/lib/python3.10/site-packages/demo_python_service/__pycache__/face_detect_node.cpython-310.pyc
/home/mi/FishRos/chapter4/chapt4_ws/install/demo_python_service/lib/python3.10/site-packages/demo_python_service/__pycache__/kimi_face_detect.cpython-310.pyc
/home/mi/FishRos/chapter4/chapt4_ws/install/demo_python_service/share/ament_index/resource_index/packages/demo_python_service
/home/mi/FishRos/chapter4/chapt4_ws/install/demo_python_service/share/demo_python_service/package.xml
/home/mi/FishRos/chapter4/chapt4_ws/install/demo_python_service/share/demo_python_service/resource/default.jpg
/home/mi/FishRos/chapter4/chapt4_ws/install/demo_python_service/share/demo_python_service/resource/test1.jpg
/home/mi/FishRos/chapter4/chapt4_ws/install/demo_python_service/lib/python3.10/site-packages/demo_python_service-0.0.0-py3.10.egg-info/PKG-INFO
/home/mi/FishRos/chapter4/chapt4_ws/install/demo_python_service/lib/python3.10/site-packages/demo_python_service-0.0.0-py3.10.egg-info/requires.txt
/home/mi/FishRos/chapter4/chapt4_ws/install/demo_python_service/lib/python3.10/site-packages/demo_python_service-0.0.0-py3.10.egg-info/entry_points.txt
/home/mi/FishRos/chapter4/chapt4_ws/install/demo_python_service/lib/python3.10/site-packages/demo_python_service-0.0.0-py3.10.egg-info/dependency_links.txt
/home/mi/FishRos/chapter4/chapt4_ws/install/demo_python_service/lib/python3.10/site-packages/demo_python_service-0.0.0-py3.10.egg-info/SOURCES.txt
/home/mi/FishRos/chapter4/chapt4_ws/install/demo_python_service/lib/python3.10/site-packages/demo_python_service-0.0.0-py3.10.egg-info/top_level.txt
/home/mi/FishRos/chapter4/chapt4_ws/install/demo_python_service/lib/python3.10/site-packages/demo_python_service-0.0.0-py3.10.egg-info/zip-safe
/home/mi/FishRos/chapter4/chapt4_ws/install/demo_python_service/lib/demo_python_service/face_detect_client_node
/home/mi/FishRos/chapter4/chapt4_ws/install/demo_python_service/lib/demo_python_service/face_detect_node
/home/mi/FishRos/chapter4/chapt4_ws/install/demo_python_service/lib/demo_python_service/kimi_face_detect
/home/mi/FishRos/chapter4/chapt4_ws/install/demo_python_service/lib/demo_python_service/learn_face_detect
