running egg_info
writing ../../build/autopatrol_robot/autopatrol_robot.egg-info/PKG-INFO
writing dependency_links to ../../build/autopatrol_robot/autopatrol_robot.egg-info/dependency_links.txt
writing entry points to ../../build/autopatrol_robot/autopatrol_robot.egg-info/entry_points.txt
writing requirements to ../../build/autopatrol_robot/autopatrol_robot.egg-info/requires.txt
writing top-level names to ../../build/autopatrol_robot/autopatrol_robot.egg-info/top_level.txt
reading manifest file '../../build/autopatrol_robot/autopatrol_robot.egg-info/SOURCES.txt'
writing manifest file '../../build/autopatrol_robot/autopatrol_robot.egg-info/SOURCES.txt'
running build
running build_py
copying autopatrol_robot/partol_node.py -> /home/mi/FishRos/chapt7/chapt7_ws/build/autopatrol_robot/build/lib/autopatrol_robot
copying autopatrol_robot/__init__.py -> /home/mi/FishRos/chapt7/chapt7_ws/build/autopatrol_robot/build/lib/autopatrol_robot
copying autopatrol_robot/speaker.py -> /home/mi/FishRos/chapt7/chapt7_ws/build/autopatrol_robot/build/lib/autopatrol_robot
running install
running install_lib
copying /home/mi/FishRos/chapt7/chapt7_ws/build/autopatrol_robot/build/lib/autopatrol_robot/speaker.py -> /home/mi/FishRos/chapt7/chapt7_ws/install/autopatrol_robot/lib/python3.10/site-packages/autopatrol_robot
byte-compiling /home/mi/FishRos/chapt7/chapt7_ws/install/autopatrol_robot/lib/python3.10/site-packages/autopatrol_robot/speaker.py to speaker.cpython-310.pyc
running install_data
copying resource/autopatrol_robot -> /home/mi/FishRos/chapt7/chapt7_ws/install/autopatrol_robot/share/ament_index/resource_index/packages
copying package.xml -> /home/mi/FishRos/chapt7/chapt7_ws/install/autopatrol_robot/share/autopatrol_robot
copying config/partol_config.yaml -> /home/mi/FishRos/chapt7/chapt7_ws/install/autopatrol_robot/share/autopatrol_robot/config
running install_egg_info
removing '/home/mi/FishRos/chapt7/chapt7_ws/install/autopatrol_robot/lib/python3.10/site-packages/autopatrol_robot-0.0.0-py3.10.egg-info' (and everything under it)
Copying ../../build/autopatrol_robot/autopatrol_robot.egg-info to /home/mi/FishRos/chapt7/chapt7_ws/install/autopatrol_robot/lib/python3.10/site-packages/autopatrol_robot-0.0.0-py3.10.egg-info
running install_scripts
Installing partol_node script to /home/mi/FishRos/chapt7/chapt7_ws/install/autopatrol_robot/lib/autopatrol_robot
writing list of installed files to '/home/mi/FishRos/chapt7/chapt7_ws/build/autopatrol_robot/install.log'
