[0.564s] Invoking command in '/home/mi/FishRos/chapter3/topic_ws/src/demo_python_topic': CONDA_PROMPT_MODIFIER=(base) PYTHONPATH=/home/mi/FishRos/chapter3/topic_ws/build/demo_python_topic/prefix_override:/usr/lib/python3/dist-packages/colcon_core/task/python/colcon_distutils_commands:/home/mi/FishRos/chapter3/topic_ws/install/demo_python_topic/lib/python3.10/site-packages:${PYTHONPATH} /usr/bin/python3 -W ignore:setup.py install is deprecated -W ignore:easy_install command is deprecated setup.py egg_info --egg-base ../../build/demo_python_topic build --build-base /home/mi/FishRos/chapter3/topic_ws/build/demo_python_topic/build install --record /home/mi/FishRos/chapter3/topic_ws/build/demo_python_topic/install.log --single-version-externally-managed install_data
[0.715s] running egg_info
[0.725s] writing ../../build/demo_python_topic/demo_python_topic.egg-info/PKG-INFO
[0.725s] writing dependency_links to ../../build/demo_python_topic/demo_python_topic.egg-info/dependency_links.txt
[0.725s] writing entry points to ../../build/demo_python_topic/demo_python_topic.egg-info/entry_points.txt
[0.725s] writing requirements to ../../build/demo_python_topic/demo_python_topic.egg-info/requires.txt
[0.725s] writing top-level names to ../../build/demo_python_topic/demo_python_topic.egg-info/top_level.txt
[0.745s] reading manifest file '../../build/demo_python_topic/demo_python_topic.egg-info/SOURCES.txt'
[0.745s] adding license file 'LICENSE'
[0.746s] writing manifest file '../../build/demo_python_topic/demo_python_topic.egg-info/SOURCES.txt'
[0.746s] running build
[0.746s] running build_py
[0.746s] running install
[0.749s] running install_lib
[0.760s] running install_data
[0.760s] running install_egg_info
[0.770s] removing '/home/mi/FishRos/chapter3/topic_ws/install/demo_python_topic/lib/python3.10/site-packages/demo_python_topic-0.0.0-py3.10.egg-info' (and everything under it)
[0.770s] Copying ../../build/demo_python_topic/demo_python_topic.egg-info to /home/mi/FishRos/chapter3/topic_ws/install/demo_python_topic/lib/python3.10/site-packages/demo_python_topic-0.0.0-py3.10.egg-info
[0.771s] running install_scripts
[0.869s] Installing novel_pub_node script to /home/mi/FishRos/chapter3/topic_ws/install/demo_python_topic/lib/demo_python_topic
[0.869s] Installing novel_sub_node script to /home/mi/FishRos/chapter3/topic_ws/install/demo_python_topic/lib/demo_python_topic
[0.870s] writing list of installed files to '/home/mi/FishRos/chapter3/topic_ws/build/demo_python_topic/install.log'
[0.887s] Invoked command in '/home/mi/FishRos/chapter3/topic_ws/src/demo_python_topic' returned '0': CONDA_PROMPT_MODIFIER=(base) PYTHONPATH=/home/mi/FishRos/chapter3/topic_ws/build/demo_python_topic/prefix_override:/usr/lib/python3/dist-packages/colcon_core/task/python/colcon_distutils_commands:/home/mi/FishRos/chapter3/topic_ws/install/demo_python_topic/lib/python3.10/site-packages:${PYTHONPATH} /usr/bin/python3 -W ignore:setup.py install is deprecated -W ignore:easy_install command is deprecated setup.py egg_info --egg-base ../../build/demo_python_topic build --build-base /home/mi/FishRos/chapter3/topic_ws/build/demo_python_topic/build install --record /home/mi/FishRos/chapter3/topic_ws/build/demo_python_topic/install.log --single-version-externally-managed install_data
