[0.010s] Invoking command in '/home/mi/FishRos/chapter3/topic_ws/build/demo_cpp_topic': CMAKE_PREFIX_PATH=${CMAKE_PREFIX_PATH}:/opt/ros/humble:/home/mi/dev_ws/install/learning_urdf:/home/mi/dev_ws/install/learning_topic:/home/mi/dev_ws/install/learning_tf:/home/mi/dev_ws/install/learning_service:/home/mi/dev_ws/install/learning_qos:/home/mi/dev_ws/install/learning_pkg_python:/home/mi/dev_ws/install/learning_parameter:/home/mi/dev_ws/install/learning_node:/home/mi/dev_ws/install/learning_launch:/home/mi/dev_ws/install/learning_action:/home/mi/dev_ws/install/learning_gazebo_harmonic:/home/mi/dev_ws/install/learning_gazebo:/home/mi/dev_ws/install/learning_cv CONDA_PROMPT_MODIFIER=(base) /usr/bin/cmake --build /home/mi/FishRos/chapter3/topic_ws/build/demo_cpp_topic -- -j20 -l20
[0.051s] [100%] Built target turtle_circle
[0.143s] Invoked command in '/home/mi/FishRos/chapter3/topic_ws/build/demo_cpp_topic' returned '0': CMAKE_PREFIX_PATH=${CMAKE_PREFIX_PATH}:/opt/ros/humble:/home/mi/dev_ws/install/learning_urdf:/home/mi/dev_ws/install/learning_topic:/home/mi/dev_ws/install/learning_tf:/home/mi/dev_ws/install/learning_service:/home/mi/dev_ws/install/learning_qos:/home/mi/dev_ws/install/learning_pkg_python:/home/mi/dev_ws/install/learning_parameter:/home/mi/dev_ws/install/learning_node:/home/mi/dev_ws/install/learning_launch:/home/mi/dev_ws/install/learning_action:/home/mi/dev_ws/install/learning_gazebo_harmonic:/home/mi/dev_ws/install/learning_gazebo:/home/mi/dev_ws/install/learning_cv CONDA_PROMPT_MODIFIER=(base) /usr/bin/cmake --build /home/mi/FishRos/chapter3/topic_ws/build/demo_cpp_topic -- -j20 -l20
[0.150s] Invoking command in '/home/mi/FishRos/chapter3/topic_ws/build/demo_cpp_topic': CMAKE_PREFIX_PATH=${CMAKE_PREFIX_PATH}:/opt/ros/humble:/home/mi/dev_ws/install/learning_urdf:/home/mi/dev_ws/install/learning_topic:/home/mi/dev_ws/install/learning_tf:/home/mi/dev_ws/install/learning_service:/home/mi/dev_ws/install/learning_qos:/home/mi/dev_ws/install/learning_pkg_python:/home/mi/dev_ws/install/learning_parameter:/home/mi/dev_ws/install/learning_node:/home/mi/dev_ws/install/learning_launch:/home/mi/dev_ws/install/learning_action:/home/mi/dev_ws/install/learning_gazebo_harmonic:/home/mi/dev_ws/install/learning_gazebo:/home/mi/dev_ws/install/learning_cv CONDA_PROMPT_MODIFIER=(base) /usr/bin/cmake --install /home/mi/FishRos/chapter3/topic_ws/build/demo_cpp_topic
[0.156s] -- Install configuration: ""
[0.156s] -- Up-to-date: /home/mi/FishRos/chapter3/topic_ws/install/demo_cpp_topic/lib/demo_cpp_topic/turtle_circle
[0.156s] -- Up-to-date: /home/mi/FishRos/chapter3/topic_ws/install/demo_cpp_topic/share/ament_index/resource_index/package_run_dependencies/demo_cpp_topic
[0.156s] -- Up-to-date: /home/mi/FishRos/chapter3/topic_ws/install/demo_cpp_topic/share/ament_index/resource_index/parent_prefix_path/demo_cpp_topic
[0.156s] -- Up-to-date: /home/mi/FishRos/chapter3/topic_ws/install/demo_cpp_topic/share/demo_cpp_topic/environment/ament_prefix_path.sh
[0.156s] -- Up-to-date: /home/mi/FishRos/chapter3/topic_ws/install/demo_cpp_topic/share/demo_cpp_topic/environment/ament_prefix_path.dsv
[0.156s] -- Up-to-date: /home/mi/FishRos/chapter3/topic_ws/install/demo_cpp_topic/share/demo_cpp_topic/environment/path.sh
[0.156s] -- Up-to-date: /home/mi/FishRos/chapter3/topic_ws/install/demo_cpp_topic/share/demo_cpp_topic/environment/path.dsv
[0.156s] -- Up-to-date: /home/mi/FishRos/chapter3/topic_ws/install/demo_cpp_topic/share/demo_cpp_topic/local_setup.bash
[0.156s] -- Up-to-date: /home/mi/FishRos/chapter3/topic_ws/install/demo_cpp_topic/share/demo_cpp_topic/local_setup.sh
[0.157s] -- Up-to-date: /home/mi/FishRos/chapter3/topic_ws/install/demo_cpp_topic/share/demo_cpp_topic/local_setup.zsh
[0.157s] -- Up-to-date: /home/mi/FishRos/chapter3/topic_ws/install/demo_cpp_topic/share/demo_cpp_topic/local_setup.dsv
[0.157s] -- Installing: /home/mi/FishRos/chapter3/topic_ws/install/demo_cpp_topic/share/demo_cpp_topic/package.dsv
[0.157s] -- Up-to-date: /home/mi/FishRos/chapter3/topic_ws/install/demo_cpp_topic/share/ament_index/resource_index/packages/demo_cpp_topic
[0.157s] -- Up-to-date: /home/mi/FishRos/chapter3/topic_ws/install/demo_cpp_topic/share/demo_cpp_topic/cmake/demo_cpp_topicConfig.cmake
[0.157s] -- Up-to-date: /home/mi/FishRos/chapter3/topic_ws/install/demo_cpp_topic/share/demo_cpp_topic/cmake/demo_cpp_topicConfig-version.cmake
[0.157s] -- Up-to-date: /home/mi/FishRos/chapter3/topic_ws/install/demo_cpp_topic/share/demo_cpp_topic/package.xml
[0.158s] Invoked command in '/home/mi/FishRos/chapter3/topic_ws/build/demo_cpp_topic' returned '0': CMAKE_PREFIX_PATH=${CMAKE_PREFIX_PATH}:/opt/ros/humble:/home/mi/dev_ws/install/learning_urdf:/home/mi/dev_ws/install/learning_topic:/home/mi/dev_ws/install/learning_tf:/home/mi/dev_ws/install/learning_service:/home/mi/dev_ws/install/learning_qos:/home/mi/dev_ws/install/learning_pkg_python:/home/mi/dev_ws/install/learning_parameter:/home/mi/dev_ws/install/learning_node:/home/mi/dev_ws/install/learning_launch:/home/mi/dev_ws/install/learning_action:/home/mi/dev_ws/install/learning_gazebo_harmonic:/home/mi/dev_ws/install/learning_gazebo:/home/mi/dev_ws/install/learning_cv CONDA_PROMPT_MODIFIER=(base) /usr/bin/cmake --install /home/mi/FishRos/chapter3/topic_ws/build/demo_cpp_topic
