[0.634s] Invoking command in '/home/mi/FishRos/chapter3/topic_ws/src/demo_python_topic': CONDA_PROMPT_MODIFIER=(base) PYTHONPATH=/home/mi/FishRos/chapter3/build/demo_python_topic/prefix_override:/usr/lib/python3/dist-packages/colcon_core/task/python/colcon_distutils_commands:/home/mi/FishRos/chapter3/install/demo_python_topic/lib/python3.10/site-packages:${PYTHONPATH} /usr/bin/python3 -W ignore:setup.py install is deprecated -W ignore:easy_install command is deprecated setup.py egg_info --egg-base ../../../build/demo_python_topic build --build-base /home/mi/FishRos/chapter3/build/demo_python_topic/build install --record /home/mi/FishRos/chapter3/build/demo_python_topic/install.log --single-version-externally-managed install_data
[0.782s] running egg_info
[0.782s] creating ../../../build/demo_python_topic/demo_python_topic.egg-info
[0.790s] writing ../../../build/demo_python_topic/demo_python_topic.egg-info/PKG-INFO
[0.790s] writing dependency_links to ../../../build/demo_python_topic/demo_python_topic.egg-info/dependency_links.txt
[0.791s] writing entry points to ../../../build/demo_python_topic/demo_python_topic.egg-info/entry_points.txt
[0.791s] writing requirements to ../../../build/demo_python_topic/demo_python_topic.egg-info/requires.txt
[0.791s] writing top-level names to ../../../build/demo_python_topic/demo_python_topic.egg-info/top_level.txt
[0.791s] writing manifest file '../../../build/demo_python_topic/demo_python_topic.egg-info/SOURCES.txt'
[0.809s] reading manifest file '../../../build/demo_python_topic/demo_python_topic.egg-info/SOURCES.txt'
[0.809s] adding license file 'LICENSE'
[0.810s] writing manifest file '../../../build/demo_python_topic/demo_python_topic.egg-info/SOURCES.txt'
[0.810s] running build
[0.810s] running build_py
[0.810s] creating /home/mi/FishRos/chapter3/build/demo_python_topic/build
[0.810s] creating /home/mi/FishRos/chapter3/build/demo_python_topic/build/lib
[0.810s] creating /home/mi/FishRos/chapter3/build/demo_python_topic/build/lib/demo_python_topic
[0.810s] copying demo_python_topic/novel_pub_node.py -> /home/mi/FishRos/chapter3/build/demo_python_topic/build/lib/demo_python_topic
[0.810s] copying demo_python_topic/__init__.py -> /home/mi/FishRos/chapter3/build/demo_python_topic/build/lib/demo_python_topic
[0.810s] running install
[0.814s] running install_lib
[0.824s] creating /home/mi/FishRos/chapter3/install/demo_python_topic/lib/python3.10/site-packages/demo_python_topic
[0.824s] copying /home/mi/FishRos/chapter3/build/demo_python_topic/build/lib/demo_python_topic/novel_pub_node.py -> /home/mi/FishRos/chapter3/install/demo_python_topic/lib/python3.10/site-packages/demo_python_topic
[0.824s] copying /home/mi/FishRos/chapter3/build/demo_python_topic/build/lib/demo_python_topic/__init__.py -> /home/mi/FishRos/chapter3/install/demo_python_topic/lib/python3.10/site-packages/demo_python_topic
[0.824s] byte-compiling /home/mi/FishRos/chapter3/install/demo_python_topic/lib/python3.10/site-packages/demo_python_topic/novel_pub_node.py to novel_pub_node.cpython-310.pyc
[0.825s] byte-compiling /home/mi/FishRos/chapter3/install/demo_python_topic/lib/python3.10/site-packages/demo_python_topic/__init__.py to __init__.cpython-310.pyc
[0.825s] running install_data
[0.825s] creating /home/mi/FishRos/chapter3/install/demo_python_topic/share/ament_index
[0.825s] creating /home/mi/FishRos/chapter3/install/demo_python_topic/share/ament_index/resource_index
[0.825s] creating /home/mi/FishRos/chapter3/install/demo_python_topic/share/ament_index/resource_index/packages
[0.825s] copying resource/demo_python_topic -> /home/mi/FishRos/chapter3/install/demo_python_topic/share/ament_index/resource_index/packages
[0.825s] copying package.xml -> /home/mi/FishRos/chapter3/install/demo_python_topic/share/demo_python_topic
[0.825s] running install_egg_info
[0.835s] Copying ../../../build/demo_python_topic/demo_python_topic.egg-info to /home/mi/FishRos/chapter3/install/demo_python_topic/lib/python3.10/site-packages/demo_python_topic-0.0.0-py3.10.egg-info
[0.836s] running install_scripts
[0.931s] Installing novel_pub_node script to /home/mi/FishRos/chapter3/install/demo_python_topic/lib/demo_python_topic
[0.931s] writing list of installed files to '/home/mi/FishRos/chapter3/build/demo_python_topic/install.log'
[0.947s] Invoked command in '/home/mi/FishRos/chapter3/topic_ws/src/demo_python_topic' returned '0': CONDA_PROMPT_MODIFIER=(base) PYTHONPATH=/home/mi/FishRos/chapter3/build/demo_python_topic/prefix_override:/usr/lib/python3/dist-packages/colcon_core/task/python/colcon_distutils_commands:/home/mi/FishRos/chapter3/install/demo_python_topic/lib/python3.10/site-packages:${PYTHONPATH} /usr/bin/python3 -W ignore:setup.py install is deprecated -W ignore:easy_install command is deprecated setup.py egg_info --egg-base ../../../build/demo_python_topic build --build-base /home/mi/FishRos/chapter3/build/demo_python_topic/build install --record /home/mi/FishRos/chapter3/build/demo_python_topic/install.log --single-version-externally-managed install_data
