[0.583s] Invoking command in '/home/mi/FishRos/chapter5/chapt5_ws/src/demo_python_tf': CONDA_PROMPT_MODIFIER=(base) PYTHONPATH=/home/mi/FishRos/chapter5/chapt5_ws/build/demo_python_tf/prefix_override:/usr/lib/python3/dist-packages/colcon_core/task/python/colcon_distutils_commands:/home/mi/FishRos/chapter5/chapt5_ws/install/demo_python_tf/lib/python3.10/site-packages:${PYTHONPATH} /usr/bin/python3 -W ignore:setup.py install is deprecated -W ignore:easy_install command is deprecated setup.py egg_info --egg-base ../../build/demo_python_tf build --build-base /home/mi/FishRos/chapter5/chapt5_ws/build/demo_python_tf/build install --record /home/mi/FishRos/chapter5/chapt5_ws/build/demo_python_tf/install.log --single-version-externally-managed install_data
[0.737s] running egg_info
[0.747s] writing ../../build/demo_python_tf/demo_python_tf.egg-info/PKG-INFO
[0.747s] writing dependency_links to ../../build/demo_python_tf/demo_python_tf.egg-info/dependency_links.txt
[0.747s] writing entry points to ../../build/demo_python_tf/demo_python_tf.egg-info/entry_points.txt
[0.747s] writing requirements to ../../build/demo_python_tf/demo_python_tf.egg-info/requires.txt
[0.747s] writing top-level names to ../../build/demo_python_tf/demo_python_tf.egg-info/top_level.txt
[0.766s] reading manifest file '../../build/demo_python_tf/demo_python_tf.egg-info/SOURCES.txt'
[0.766s] adding license file 'LICENSE'
[0.767s] writing manifest file '../../build/demo_python_tf/demo_python_tf.egg-info/SOURCES.txt'
[0.767s] running build
[0.767s] running build_py
[0.767s] running install
[0.770s] running install_lib
[0.780s] running install_data
[0.780s] running install_egg_info
[0.791s] removing '/home/mi/FishRos/chapter5/chapt5_ws/install/demo_python_tf/lib/python3.10/site-packages/demo_python_tf-0.0.0-py3.10.egg-info' (and everything under it)
[0.791s] Copying ../../build/demo_python_tf/demo_python_tf.egg-info to /home/mi/FishRos/chapter5/chapt5_ws/install/demo_python_tf/lib/python3.10/site-packages/demo_python_tf-0.0.0-py3.10.egg-info
[0.791s] running install_scripts
[0.901s] Installing static_tf_broadcaster script to /home/mi/FishRos/chapter5/chapt5_ws/install/demo_python_tf/lib/demo_python_tf
[0.901s] writing list of installed files to '/home/mi/FishRos/chapter5/chapt5_ws/build/demo_python_tf/install.log'
[0.923s] Invoked command in '/home/mi/FishRos/chapter5/chapt5_ws/src/demo_python_tf' returned '0': CONDA_PROMPT_MODIFIER=(base) PYTHONPATH=/home/mi/FishRos/chapter5/chapt5_ws/build/demo_python_tf/prefix_override:/usr/lib/python3/dist-packages/colcon_core/task/python/colcon_distutils_commands:/home/mi/FishRos/chapter5/chapt5_ws/install/demo_python_tf/lib/python3.10/site-packages:${PYTHONPATH} /usr/bin/python3 -W ignore:setup.py install is deprecated -W ignore:easy_install command is deprecated setup.py egg_info --egg-base ../../build/demo_python_tf build --build-base /home/mi/FishRos/chapter5/chapt5_ws/build/demo_python_tf/build install --record /home/mi/FishRos/chapter5/chapt5_ws/build/demo_python_tf/install.log --single-version-externally-managed install_data
