[0.708s] Invoking command in '/home/mi/FishRos/chapter3/topic_ws/src/demo_python_topic': CONDA_PROMPT_MODIFIER=(base) PYTHONPATH=/home/mi/FishRos/chapter3/topic_ws/src/build/demo_python_topic/prefix_override:/usr/lib/python3/dist-packages/colcon_core/task/python/colcon_distutils_commands:/home/mi/FishRos/chapter3/topic_ws/src/install/demo_python_topic/lib/python3.10/site-packages:${PYTHONPATH} /usr/bin/python3 -W ignore:setup.py install is deprecated -W ignore:easy_install command is deprecated setup.py egg_info --egg-base ../build/demo_python_topic build --build-base /home/mi/FishRos/chapter3/topic_ws/src/build/demo_python_topic/build install --record /home/mi/FishRos/chapter3/topic_ws/src/build/demo_python_topic/install.log --single-version-externally-managed install_data
[0.867s] running egg_info
[0.867s] creating ../build/demo_python_topic/demo_python_topic.egg-info
[0.877s] writing ../build/demo_python_topic/demo_python_topic.egg-info/PKG-INFO
[0.877s] writing dependency_links to ../build/demo_python_topic/demo_python_topic.egg-info/dependency_links.txt
[0.877s] writing entry points to ../build/demo_python_topic/demo_python_topic.egg-info/entry_points.txt
[0.877s] writing requirements to ../build/demo_python_topic/demo_python_topic.egg-info/requires.txt
[0.878s] writing top-level names to ../build/demo_python_topic/demo_python_topic.egg-info/top_level.txt
[0.878s] writing manifest file '../build/demo_python_topic/demo_python_topic.egg-info/SOURCES.txt'
[0.898s] reading manifest file '../build/demo_python_topic/demo_python_topic.egg-info/SOURCES.txt'
[0.899s] adding license file 'LICENSE'
[0.899s] writing manifest file '../build/demo_python_topic/demo_python_topic.egg-info/SOURCES.txt'
[0.899s] running build
[0.899s] running build_py
[0.899s] creating /home/mi/FishRos/chapter3/topic_ws/src/build/demo_python_topic/build
[0.899s] creating /home/mi/FishRos/chapter3/topic_ws/src/build/demo_python_topic/build/lib
[0.899s] creating /home/mi/FishRos/chapter3/topic_ws/src/build/demo_python_topic/build/lib/demo_python_topic
[0.899s] copying demo_python_topic/novel_pub_node.py -> /home/mi/FishRos/chapter3/topic_ws/src/build/demo_python_topic/build/lib/demo_python_topic
[0.900s] copying demo_python_topic/novel_sub_node.py -> /home/mi/FishRos/chapter3/topic_ws/src/build/demo_python_topic/build/lib/demo_python_topic
[0.900s] copying demo_python_topic/__init__.py -> /home/mi/FishRos/chapter3/topic_ws/src/build/demo_python_topic/build/lib/demo_python_topic
[0.900s] running install
[0.904s] running install_lib
[0.915s] creating /home/mi/FishRos/chapter3/topic_ws/src/install/demo_python_topic/lib/python3.10/site-packages/demo_python_topic
[0.915s] copying /home/mi/FishRos/chapter3/topic_ws/src/build/demo_python_topic/build/lib/demo_python_topic/novel_pub_node.py -> /home/mi/FishRos/chapter3/topic_ws/src/install/demo_python_topic/lib/python3.10/site-packages/demo_python_topic
[0.915s] copying /home/mi/FishRos/chapter3/topic_ws/src/build/demo_python_topic/build/lib/demo_python_topic/novel_sub_node.py -> /home/mi/FishRos/chapter3/topic_ws/src/install/demo_python_topic/lib/python3.10/site-packages/demo_python_topic
[0.915s] copying /home/mi/FishRos/chapter3/topic_ws/src/build/demo_python_topic/build/lib/demo_python_topic/__init__.py -> /home/mi/FishRos/chapter3/topic_ws/src/install/demo_python_topic/lib/python3.10/site-packages/demo_python_topic
[0.915s] byte-compiling /home/mi/FishRos/chapter3/topic_ws/src/install/demo_python_topic/lib/python3.10/site-packages/demo_python_topic/novel_pub_node.py to novel_pub_node.cpython-310.pyc
[0.916s] byte-compiling /home/mi/FishRos/chapter3/topic_ws/src/install/demo_python_topic/lib/python3.10/site-packages/demo_python_topic/novel_sub_node.py to novel_sub_node.cpython-310.pyc
[0.916s] byte-compiling /home/mi/FishRos/chapter3/topic_ws/src/install/demo_python_topic/lib/python3.10/site-packages/demo_python_topic/__init__.py to __init__.cpython-310.pyc
[0.916s] running install_data
[0.916s] creating /home/mi/FishRos/chapter3/topic_ws/src/install/demo_python_topic/share/ament_index
[0.916s] creating /home/mi/FishRos/chapter3/topic_ws/src/install/demo_python_topic/share/ament_index/resource_index
[0.916s] creating /home/mi/FishRos/chapter3/topic_ws/src/install/demo_python_topic/share/ament_index/resource_index/packages
[0.916s] copying resource/demo_python_topic -> /home/mi/FishRos/chapter3/topic_ws/src/install/demo_python_topic/share/ament_index/resource_index/packages
[0.916s] copying package.xml -> /home/mi/FishRos/chapter3/topic_ws/src/install/demo_python_topic/share/demo_python_topic
[0.916s] running install_egg_info
[0.928s] Copying ../build/demo_python_topic/demo_python_topic.egg-info to /home/mi/FishRos/chapter3/topic_ws/src/install/demo_python_topic/lib/python3.10/site-packages/demo_python_topic-0.0.0-py3.10.egg-info
[0.928s] running install_scripts
[1.028s] Installing novel_pub_node script to /home/mi/FishRos/chapter3/topic_ws/src/install/demo_python_topic/lib/demo_python_topic
[1.028s] Installing novel_sub_node script to /home/mi/FishRos/chapter3/topic_ws/src/install/demo_python_topic/lib/demo_python_topic
[1.029s] writing list of installed files to '/home/mi/FishRos/chapter3/topic_ws/src/build/demo_python_topic/install.log'
[1.053s] Invoked command in '/home/mi/FishRos/chapter3/topic_ws/src/demo_python_topic' returned '0': CONDA_PROMPT_MODIFIER=(base) PYTHONPATH=/home/mi/FishRos/chapter3/topic_ws/src/build/demo_python_topic/prefix_override:/usr/lib/python3/dist-packages/colcon_core/task/python/colcon_distutils_commands:/home/mi/FishRos/chapter3/topic_ws/src/install/demo_python_topic/lib/python3.10/site-packages:${PYTHONPATH} /usr/bin/python3 -W ignore:setup.py install is deprecated -W ignore:easy_install command is deprecated setup.py egg_info --egg-base ../build/demo_python_topic build --build-base /home/mi/FishRos/chapter3/topic_ws/src/build/demo_python_topic/build install --record /home/mi/FishRos/chapter3/topic_ws/src/build/demo_python_topic/install.log --single-version-externally-managed install_data
