[0.579s] Invoking command in '/home/mi/FishRos/chapter2/chapt2_ws/src/demo_python_pkg': PYTHONPATH=/home/mi/FishRos/chapter2/build/demo_python_pkg/prefix_override:/usr/lib/python3/dist-packages/colcon_core/task/python/colcon_distutils_commands:/home/mi/FishRos/chapter2/install/demo_python_pkg/lib/python3.10/site-packages:${PYTHONPATH} /usr/bin/python3 -W ignore:setup.py install is deprecated -W ignore:easy_install command is deprecated setup.py egg_info --egg-base ../../../build/demo_python_pkg build --build-base /home/mi/FishRos/chapter2/build/demo_python_pkg/build install --record /home/mi/FishRos/chapter2/build/demo_python_pkg/install.log --single-version-externally-managed install_data
[0.724s] running egg_info
[0.733s] writing ../../../build/demo_python_pkg/demo_python_pkg.egg-info/PKG-INFO
[0.733s] writing dependency_links to ../../../build/demo_python_pkg/demo_python_pkg.egg-info/dependency_links.txt
[0.733s] writing entry points to ../../../build/demo_python_pkg/demo_python_pkg.egg-info/entry_points.txt
[0.733s] writing requirements to ../../../build/demo_python_pkg/demo_python_pkg.egg-info/requires.txt
[0.733s] writing top-level names to ../../../build/demo_python_pkg/demo_python_pkg.egg-info/top_level.txt
[0.751s] reading manifest file '../../../build/demo_python_pkg/demo_python_pkg.egg-info/SOURCES.txt'
[0.751s] adding license file 'LICENSE'
[0.752s] writing manifest file '../../../build/demo_python_pkg/demo_python_pkg.egg-info/SOURCES.txt'
[0.752s] running build
[0.752s] running build_py
[0.752s] running install
[0.755s] running install_lib
[0.765s] running install_data
[0.765s] running install_egg_info
[0.776s] removing '/home/mi/FishRos/chapter2/install/demo_python_pkg/lib/python3.10/site-packages/demo_python_pkg-0.0.0-py3.10.egg-info' (and everything under it)
[0.776s] Copying ../../../build/demo_python_pkg/demo_python_pkg.egg-info to /home/mi/FishRos/chapter2/install/demo_python_pkg/lib/python3.10/site-packages/demo_python_pkg-0.0.0-py3.10.egg-info
[0.777s] running install_scripts
[0.873s] Installing person_node script to /home/mi/FishRos/chapter2/install/demo_python_pkg/lib/demo_python_pkg
[0.873s] Installing python_node script to /home/mi/FishRos/chapter2/install/demo_python_pkg/lib/demo_python_pkg
[0.874s] Installing write_node script to /home/mi/FishRos/chapter2/install/demo_python_pkg/lib/demo_python_pkg
[0.874s] writing list of installed files to '/home/mi/FishRos/chapter2/build/demo_python_pkg/install.log'
[0.896s] Invoked command in '/home/mi/FishRos/chapter2/chapt2_ws/src/demo_python_pkg' returned '0': PYTHONPATH=/home/mi/FishRos/chapter2/build/demo_python_pkg/prefix_override:/usr/lib/python3/dist-packages/colcon_core/task/python/colcon_distutils_commands:/home/mi/FishRos/chapter2/install/demo_python_pkg/lib/python3.10/site-packages:${PYTHONPATH} /usr/bin/python3 -W ignore:setup.py install is deprecated -W ignore:easy_install command is deprecated setup.py egg_info --egg-base ../../../build/demo_python_pkg build --build-base /home/mi/FishRos/chapter2/build/demo_python_pkg/build install --record /home/mi/FishRos/chapter2/build/demo_python_pkg/install.log --single-version-externally-managed install_data
