[0.008s] Invoking command in '/home/mi/FishRos/chapter4/chapt4_ws/build/chapt4_interfaces': CMAKE_PREFIX_PATH=${CMAKE_PREFIX_PATH}:/opt/ros/humble:/home/mi/dev_ws/install/learning_urdf:/home/mi/dev_ws/install/learning_topic:/home/mi/dev_ws/install/learning_tf:/home/mi/dev_ws/install/learning_service:/home/mi/dev_ws/install/learning_qos:/home/mi/dev_ws/install/learning_pkg_python:/home/mi/dev_ws/install/learning_parameter:/home/mi/dev_ws/install/learning_node:/home/mi/dev_ws/install/learning_launch:/home/mi/dev_ws/install/learning_action:/home/mi/dev_ws/install/learning_gazebo_harmonic:/home/mi/dev_ws/install/learning_gazebo:/home/mi/dev_ws/install/learning_cv CONDA_PROMPT_MODIFIER=(base) /usr/bin/cmake /home/mi/FishRos/chapter4/chapt4_ws/src/chapt4_interfaces -DCMAKE_INSTALL_PREFIX=/home/mi/FishRos/chapter4/chapt4_ws/install/chapt4_interfaces
[0.063s] -- The C compiler identification is GNU 11.4.0
[0.113s] -- The CXX compiler identification is GNU 11.4.0
[0.120s] -- Detecting C compiler ABI info
[0.168s] -- Detecting C compiler ABI info - done
[0.172s] -- Check for working C compiler: /usr/bin/cc - skipped
[0.173s] -- Detecting C compile features
[0.173s] -- Detecting C compile features - done
[0.176s] -- Detecting CXX compiler ABI info
[0.230s] -- Detecting CXX compiler ABI info - done
[0.235s] -- Check for working CXX compiler: /usr/bin/c++ - skipped
[0.235s] -- Detecting CXX compile features
[0.235s] -- Detecting CXX compile features - done
[0.239s] -- Found ament_cmake: 1.3.11 (/opt/ros/humble/share/ament_cmake/cmake)
[0.479s] -- Found Python3: /home/mi/miniconda3/bin/python3 (found version "3.12.9") found components: Interpreter 
[0.569s] -- Found sensor_msgs: 4.2.4 (/opt/ros/humble/share/sensor_msgs/cmake)
[0.599s] -- Found rosidl_generator_c: 3.1.6 (/opt/ros/humble/share/rosidl_generator_c/cmake)
[0.603s] -- Found rosidl_adapter: 3.1.6 (/opt/ros/humble/share/rosidl_adapter/cmake)
[0.610s] -- Found rosidl_generator_cpp: 3.1.6 (/opt/ros/humble/share/rosidl_generator_cpp/cmake)
[0.622s] -- Using all available rosidl_typesupport_c: rosidl_typesupport_fastrtps_c;rosidl_typesupport_introspection_c
[0.634s] -- Using all available rosidl_typesupport_cpp: rosidl_typesupport_fastrtps_cpp;rosidl_typesupport_introspection_cpp
[0.678s] -- Found rosidl_default_generators: 1.2.0 (/opt/ros/humble/share/rosidl_default_generators/cmake)
[0.761s] [31mCMake Error at /opt/ros/humble/share/rosidl_adapter/cmake/rosidl_adapt_interfaces.cmake:59 (message):
[0.761s]   execute_process(/home/mi/miniconda3/bin/python3 -m rosidl_adapter
[0.761s]   --package-name chapt4_interfaces --arguments-file
[0.761s]   /home/mi/FishRos/chapter4/chapt4_ws/build/chapt4_interfaces/rosidl_adapter__arguments__chapt4_interfaces.json
[0.761s]   --output-dir
[0.761s]   /home/mi/FishRos/chapter4/chapt4_ws/build/chapt4_interfaces/rosidl_adapter/chapt4_interfaces
[0.761s]   --output-file
[0.761s]   /home/mi/FishRos/chapter4/chapt4_ws/build/chapt4_interfaces/rosidl_adapter/chapt4_interfaces.idls)
[0.761s]   returned error code 1:
[0.761s] 
[0.761s]   Traceback (most recent call last):
[0.761s] 
[0.761s]     File "<frozen runpy>", line 198, in _run_module_as_main
[0.761s]     File "<frozen runpy>", line 88, in _run_code
[0.761s]     File "/opt/ros/humble/local/lib/python3.10/dist-packages/rosidl_adapter/__main__.py", line 19, in <module>
[0.761s]       sys.exit(main())
[0.761s]                ^^^^^^
[0.761s]     File "/opt/ros/humble/local/lib/python3.10/dist-packages/rosidl_adapter/main.py", line 53, in main
[0.761s]       abs_idl_file = convert_to_idl(
[0.762s]                      ^^^^^^^^^^^^^^^
[0.762s]     File "/opt/ros/humble/local/lib/python3.10/dist-packages/rosidl_adapter/__init__.py", line 24, in convert_to_idl
[0.762s]       return convert_srv_to_idl(
[0.762s]              ^^^^^^^^^^^^^^^^^^^
[0.762s]     File "/opt/ros/humble/local/lib/python3.10/dist-packages/rosidl_adapter/srv/__init__.py", line 28, in convert_srv_to_idl
[0.762s]       srv = parse_service_string(package_name, input_file.stem, content)
[0.762s]             ^^^^^^^^^^^^^^^^^^^^^^^^^^^^^^^^^^^^^^^^^^^^^^^^^^^^^^^^^^^^
[0.762s]     File "/opt/ros/humble/local/lib/python3.10/dist-packages/rosidl_adapter/parser.py", line 850, in parse_service_string
[0.762s]       raise InvalidServiceSpecification(
[0.762s] 
[0.762s]   rosidl_adapter.parser.InvalidServiceSpecification: Could not find separator
[0.762s]   '---' between request and response
[0.762s] 
[0.762s] Call Stack (most recent call first):
[0.762s]   /opt/ros/humble/share/rosidl_cmake/cmake/rosidl_generate_interfaces.cmake:130 (rosidl_adapt_interfaces)
[0.762s]   CMakeLists.txt:13 (rosidl_generate_interfaces)
[0.762s] 
[0.762s] [0m
[0.762s] -- Configuring incomplete, errors occurred!
[0.762s] See also "/home/mi/FishRos/chapter4/chapt4_ws/build/chapt4_interfaces/CMakeFiles/CMakeOutput.log".
[0.765s] Invoked command in '/home/mi/FishRos/chapter4/chapt4_ws/build/chapt4_interfaces' returned '1': CMAKE_PREFIX_PATH=${CMAKE_PREFIX_PATH}:/opt/ros/humble:/home/mi/dev_ws/install/learning_urdf:/home/mi/dev_ws/install/learning_topic:/home/mi/dev_ws/install/learning_tf:/home/mi/dev_ws/install/learning_service:/home/mi/dev_ws/install/learning_qos:/home/mi/dev_ws/install/learning_pkg_python:/home/mi/dev_ws/install/learning_parameter:/home/mi/dev_ws/install/learning_node:/home/mi/dev_ws/install/learning_launch:/home/mi/dev_ws/install/learning_action:/home/mi/dev_ws/install/learning_gazebo_harmonic:/home/mi/dev_ws/install/learning_gazebo:/home/mi/dev_ws/install/learning_cv CONDA_PROMPT_MODIFIER=(base) /usr/bin/cmake /home/mi/FishRos/chapter4/chapt4_ws/src/chapt4_interfaces -DCMAKE_INSTALL_PREFIX=/home/mi/FishRos/chapter4/chapt4_ws/install/chapt4_interfaces
