running egg_info
creating ../../build/autopatrol_robot/autopatrol_robot.egg-info
writing ../../build/autopatrol_robot/autopatrol_robot.egg-info/PKG-INFO
writing dependency_links to ../../build/autopatrol_robot/autopatrol_robot.egg-info/dependency_links.txt
writing entry points to ../../build/autopatrol_robot/autopatrol_robot.egg-info/entry_points.txt
writing requirements to ../../build/autopatrol_robot/autopatrol_robot.egg-info/requires.txt
writing top-level names to ../../build/autopatrol_robot/autopatrol_robot.egg-info/top_level.txt
writing manifest file '../../build/autopatrol_robot/autopatrol_robot.egg-info/SOURCES.txt'
reading manifest file '../../build/autopatrol_robot/autopatrol_robot.egg-info/SOURCES.txt'
writing manifest file '../../build/autopatrol_robot/autopatrol_robot.egg-info/SOURCES.txt'
running build
running build_py
creating /home/mi/FishRos/chapt7/chapt7_ws/build/autopatrol_robot/build
creating /home/mi/FishRos/chapt7/chapt7_ws/build/autopatrol_robot/build/lib
creating /home/mi/FishRos/chapt7/chapt7_ws/build/autopatrol_robot/build/lib/autopatrol_robot
copying autopatrol_robot/partol_node.py -> /home/mi/FishRos/chapt7/chapt7_ws/build/autopatrol_robot/build/lib/autopatrol_robot
copying autopatrol_robot/__init__.py -> /home/mi/FishRos/chapt7/chapt7_ws/build/autopatrol_robot/build/lib/autopatrol_robot
running install
running install_lib
creating /home/mi/FishRos/chapt7/chapt7_ws/install/autopatrol_robot/lib/python3.10/site-packages/autopatrol_robot
copying /home/mi/FishRos/chapt7/chapt7_ws/build/autopatrol_robot/build/lib/autopatrol_robot/partol_node.py -> /home/mi/FishRos/chapt7/chapt7_ws/install/autopatrol_robot/lib/python3.10/site-packages/autopatrol_robot
copying /home/mi/FishRos/chapt7/chapt7_ws/build/autopatrol_robot/build/lib/autopatrol_robot/__init__.py -> /home/mi/FishRos/chapt7/chapt7_ws/install/autopatrol_robot/lib/python3.10/site-packages/autopatrol_robot
byte-compiling /home/mi/FishRos/chapt7/chapt7_ws/install/autopatrol_robot/lib/python3.10/site-packages/autopatrol_robot/partol_node.py to partol_node.cpython-310.pyc
byte-compiling /home/mi/FishRos/chapt7/chapt7_ws/install/autopatrol_robot/lib/python3.10/site-packages/autopatrol_robot/__init__.py to __init__.cpython-310.pyc
running install_data
creating /home/mi/FishRos/chapt7/chapt7_ws/install/autopatrol_robot/share/ament_index
creating /home/mi/FishRos/chapt7/chapt7_ws/install/autopatrol_robot/share/ament_index/resource_index
creating /home/mi/FishRos/chapt7/chapt7_ws/install/autopatrol_robot/share/ament_index/resource_index/packages
copying resource/autopatrol_robot -> /home/mi/FishRos/chapt7/chapt7_ws/install/autopatrol_robot/share/ament_index/resource_index/packages
copying package.xml -> /home/mi/FishRos/chapt7/chapt7_ws/install/autopatrol_robot/share/autopatrol_robot
running install_egg_info
Copying ../../build/autopatrol_robot/autopatrol_robot.egg-info to /home/mi/FishRos/chapt7/chapt7_ws/install/autopatrol_robot/lib/python3.10/site-packages/autopatrol_robot-0.0.0-py3.10.egg-info
running install_scripts
Installing partol_node script to /home/mi/FishRos/chapt7/chapt7_ws/install/autopatrol_robot/lib/autopatrol_robot
writing list of installed files to '/home/mi/FishRos/chapt7/chapt7_ws/build/autopatrol_robot/install.log'
