[0.966s] Invoking command in '/home/mi/FishRos/chapt7/chapt7_ws/src/autopatrol_robot': PYTHONPATH=/home/mi/FishRos/chapt7/chapt7_ws/build/autopatrol_robot/prefix_override:/usr/lib/python3/dist-packages/colcon_core/task/python/colcon_distutils_commands:/home/mi/FishRos/chapt7/chapt7_ws/install/autopatrol_robot/lib/python3.10/site-packages:${PYTHONPATH} /usr/bin/python3 -W ignore:setup.py install is deprecated -W ignore:easy_install command is deprecated setup.py egg_info --egg-base ../../build/autopatrol_robot build --build-base /home/mi/FishRos/chapt7/chapt7_ws/build/autopatrol_robot/build install --record /home/mi/FishRos/chapt7/chapt7_ws/build/autopatrol_robot/install.log --single-version-externally-managed install_data
[1.156s] running egg_info
[1.156s] creating ../../build/autopatrol_robot/autopatrol_robot.egg-info
[1.167s] writing ../../build/autopatrol_robot/autopatrol_robot.egg-info/PKG-INFO
[1.167s] writing dependency_links to ../../build/autopatrol_robot/autopatrol_robot.egg-info/dependency_links.txt
[1.167s] writing entry points to ../../build/autopatrol_robot/autopatrol_robot.egg-info/entry_points.txt
[1.167s] writing requirements to ../../build/autopatrol_robot/autopatrol_robot.egg-info/requires.txt
[1.167s] writing top-level names to ../../build/autopatrol_robot/autopatrol_robot.egg-info/top_level.txt
[1.168s] writing manifest file '../../build/autopatrol_robot/autopatrol_robot.egg-info/SOURCES.txt'
[1.190s] reading manifest file '../../build/autopatrol_robot/autopatrol_robot.egg-info/SOURCES.txt'
[1.191s] writing manifest file '../../build/autopatrol_robot/autopatrol_robot.egg-info/SOURCES.txt'
[1.191s] running build
[1.191s] running build_py
[1.191s] creating /home/mi/FishRos/chapt7/chapt7_ws/build/autopatrol_robot/build
[1.191s] creating /home/mi/FishRos/chapt7/chapt7_ws/build/autopatrol_robot/build/lib
[1.191s] creating /home/mi/FishRos/chapt7/chapt7_ws/build/autopatrol_robot/build/lib/autopatrol_robot
[1.191s] copying autopatrol_robot/partol_node.py -> /home/mi/FishRos/chapt7/chapt7_ws/build/autopatrol_robot/build/lib/autopatrol_robot
[1.192s] copying autopatrol_robot/__init__.py -> /home/mi/FishRos/chapt7/chapt7_ws/build/autopatrol_robot/build/lib/autopatrol_robot
[1.192s] running install
[1.195s] running install_lib
[1.207s] creating /home/mi/FishRos/chapt7/chapt7_ws/install/autopatrol_robot/lib/python3.10/site-packages/autopatrol_robot
[1.207s] copying /home/mi/FishRos/chapt7/chapt7_ws/build/autopatrol_robot/build/lib/autopatrol_robot/partol_node.py -> /home/mi/FishRos/chapt7/chapt7_ws/install/autopatrol_robot/lib/python3.10/site-packages/autopatrol_robot
[1.207s] copying /home/mi/FishRos/chapt7/chapt7_ws/build/autopatrol_robot/build/lib/autopatrol_robot/__init__.py -> /home/mi/FishRos/chapt7/chapt7_ws/install/autopatrol_robot/lib/python3.10/site-packages/autopatrol_robot
[1.208s] byte-compiling /home/mi/FishRos/chapt7/chapt7_ws/install/autopatrol_robot/lib/python3.10/site-packages/autopatrol_robot/partol_node.py to partol_node.cpython-310.pyc
[1.209s] byte-compiling /home/mi/FishRos/chapt7/chapt7_ws/install/autopatrol_robot/lib/python3.10/site-packages/autopatrol_robot/__init__.py to __init__.cpython-310.pyc
[1.209s] running install_data
[1.209s] creating /home/mi/FishRos/chapt7/chapt7_ws/install/autopatrol_robot/share/ament_index
[1.209s] creating /home/mi/FishRos/chapt7/chapt7_ws/install/autopatrol_robot/share/ament_index/resource_index
[1.209s] creating /home/mi/FishRos/chapt7/chapt7_ws/install/autopatrol_robot/share/ament_index/resource_index/packages
[1.209s] copying resource/autopatrol_robot -> /home/mi/FishRos/chapt7/chapt7_ws/install/autopatrol_robot/share/ament_index/resource_index/packages
[1.209s] copying package.xml -> /home/mi/FishRos/chapt7/chapt7_ws/install/autopatrol_robot/share/autopatrol_robot
[1.209s] running install_egg_info
[1.223s] Copying ../../build/autopatrol_robot/autopatrol_robot.egg-info to /home/mi/FishRos/chapt7/chapt7_ws/install/autopatrol_robot/lib/python3.10/site-packages/autopatrol_robot-0.0.0-py3.10.egg-info
[1.224s] running install_scripts
[1.336s] Installing partol_node script to /home/mi/FishRos/chapt7/chapt7_ws/install/autopatrol_robot/lib/autopatrol_robot
[1.337s] writing list of installed files to '/home/mi/FishRos/chapt7/chapt7_ws/build/autopatrol_robot/install.log'
[1.375s] Invoked command in '/home/mi/FishRos/chapt7/chapt7_ws/src/autopatrol_robot' returned '0': PYTHONPATH=/home/mi/FishRos/chapt7/chapt7_ws/build/autopatrol_robot/prefix_override:/usr/lib/python3/dist-packages/colcon_core/task/python/colcon_distutils_commands:/home/mi/FishRos/chapt7/chapt7_ws/install/autopatrol_robot/lib/python3.10/site-packages:${PYTHONPATH} /usr/bin/python3 -W ignore:setup.py install is deprecated -W ignore:easy_install command is deprecated setup.py egg_info --egg-base ../../build/autopatrol_robot build --build-base /home/mi/FishRos/chapt7/chapt7_ws/build/autopatrol_robot/build install --record /home/mi/FishRos/chapt7/chapt7_ws/build/autopatrol_robot/install.log --single-version-externally-managed install_data
