/home/mi/FishRos/chapter2/install/demo_python_pkg/lib/python3.10/site-packages/demo_python_pkg/write_node.py
/home/mi/FishRos/chapter2/install/demo_python_pkg/lib/python3.10/site-packages/demo_python_pkg/__init__.py
/home/mi/FishRos/chapter2/install/demo_python_pkg/lib/python3.10/site-packages/demo_python_pkg/person_node.py
/home/mi/FishRos/chapter2/install/demo_python_pkg/lib/python3.10/site-packages/demo_python_pkg/python_node.py
/home/mi/FishRos/chapter2/install/demo_python_pkg/lib/python3.10/site-packages/demo_python_pkg/__pycache__/write_node.cpython-310.pyc
/home/mi/FishRos/chapter2/install/demo_python_pkg/lib/python3.10/site-packages/demo_python_pkg/__pycache__/__init__.cpython-310.pyc
/home/mi/FishRos/chapter2/install/demo_python_pkg/lib/python3.10/site-packages/demo_python_pkg/__pycache__/person_node.cpython-310.pyc
/home/mi/FishRos/chapter2/install/demo_python_pkg/lib/python3.10/site-packages/demo_python_pkg/__pycache__/python_node.cpython-310.pyc
/home/mi/FishRos/chapter2/install/demo_python_pkg/share/ament_index/resource_index/packages/demo_python_pkg
/home/mi/FishRos/chapter2/install/demo_python_pkg/share/demo_python_pkg/package.xml
/home/mi/FishRos/chapter2/install/demo_python_pkg/share/demo_python_pkg
/home/mi/FishRos/chapter2/install/demo_python_pkg/lib/python3.10/site-packages/demo_python_pkg-0.0.0-py3.10.egg-info/PKG-INFO
/home/mi/FishRos/chapter2/install/demo_python_pkg/lib/python3.10/site-packages/demo_python_pkg-0.0.0-py3.10.egg-info/requires.txt
/home/mi/FishRos/chapter2/install/demo_python_pkg/lib/python3.10/site-packages/demo_python_pkg-0.0.0-py3.10.egg-info/entry_points.txt
/home/mi/FishRos/chapter2/install/demo_python_pkg/lib/python3.10/site-packages/demo_python_pkg-0.0.0-py3.10.egg-info/dependency_links.txt
/home/mi/FishRos/chapter2/install/demo_python_pkg/lib/python3.10/site-packages/demo_python_pkg-0.0.0-py3.10.egg-info/SOURCES.txt
/home/mi/FishRos/chapter2/install/demo_python_pkg/lib/python3.10/site-packages/demo_python_pkg-0.0.0-py3.10.egg-info/top_level.txt
/home/mi/FishRos/chapter2/install/demo_python_pkg/lib/python3.10/site-packages/demo_python_pkg-0.0.0-py3.10.egg-info/zip-safe
/home/mi/FishRos/chapter2/install/demo_python_pkg/lib/demo_python_pkg/person_node
/home/mi/FishRos/chapter2/install/demo_python_pkg/lib/demo_python_pkg/python_node
/home/mi/FishRos/chapter2/install/demo_python_pkg/lib/demo_python_pkg/write_node
