[0.082s] [34mcolcon[0m [1;30mDEBUG[0m [32mCommand line arguments: ['/usr/bin/colcon', 'build'][0m
[0.082s] [34mcolcon[0m [1;30mDEBUG[0m [32mParsed command line arguments: Namespace(log_base=None, log_level=None, verb_name='build', build_base='build', install_base='install', merge_install=False, symlink_install=False, test_result_base=None, continue_on_error=False, executor='parallel', parallel_workers=20, event_handlers=None, ignore_user_meta=False, metas=['./colcon.meta'], base_paths=['.'], packages_ignore=None, packages_ignore_regex=None, paths=None, packages_up_to=None, packages_up_to_regex=None, packages_above=None, packages_above_and_dependencies=None, packages_above_depth=None, packages_select_by_dep=None, packages_skip_by_dep=None, packages_skip_up_to=None, packages_select_build_failed=False, packages_skip_build_finished=False, packages_select_test_failures=False, packages_skip_test_passed=False, packages_select=None, packages_skip=None, packages_select_regex=None, packages_skip_regex=None, packages_start=None, packages_end=None, allow_overriding=[], cmake_args=None, cmake_target=None, cmake_target_skip_unavailable=False, cmake_clean_cache=False, cmake_clean_first=False, cmake_force_configure=False, ament_cmake_args=None, catkin_cmake_args=None, catkin_skip_building_tests=False, mixin_files=None, mixin=None, verb_parser=<colcon_mixin.mixin.mixin_argument.MixinArgumentDecorator object at 0x794280263940>, verb_extension=<colcon_core.verb.build.BuildVerb object at 0x794280263430>, main=<bound method BuildVerb.main of <colcon_core.verb.build.BuildVerb object at 0x794280263430>>, mixin_verb=('build',))[0m
[0.119s] [34mcolcon.colcon_core.package_discovery[0m [1;30mLevel 1[0m discover_packages(colcon_meta) check parameters
[0.119s] [34mcolcon.colcon_core.package_discovery[0m [1;30mLevel 1[0m discover_packages(recursive) check parameters
[0.119s] [34mcolcon.colcon_core.package_discovery[0m [1;30mLevel 1[0m discover_packages(ignore) check parameters
[0.119s] [34mcolcon.colcon_core.package_discovery[0m [1;30mLevel 1[0m discover_packages(path) check parameters
[0.120s] [34mcolcon.colcon_core.package_discovery[0m [1;30mLevel 1[0m discover_packages(colcon_meta) discover
[0.120s] [34mcolcon.colcon_core.package_discovery[0m [1;30mLevel 1[0m discover_packages(recursive) discover
[0.120s] [34mcolcon.colcon_core.package_discovery[0m [1;30mINFO[0m Crawling recursively for packages in '/home/mi/FishRos/chapt7/chapt7_ws'
[0.120s] [34mcolcon.colcon_core.package_identification[0m [1;30mLevel 1[0m _identify(.) by extensions ['ignore', 'ignore_ament_install']
[0.120s] [34mcolcon.colcon_core.package_identification[0m [1;30mLevel 1[0m _identify(.) by extension 'ignore'
[0.120s] [34mcolcon.colcon_core.package_identification[0m [1;30mLevel 1[0m _identify(.) by extension 'ignore_ament_install'
[0.120s] [34mcolcon.colcon_core.package_identification[0m [1;30mLevel 1[0m _identify(.) by extensions ['colcon_pkg']
[0.120s] [34mcolcon.colcon_core.package_identification[0m [1;30mLevel 1[0m _identify(.) by extension 'colcon_pkg'
[0.120s] [34mcolcon.colcon_core.package_identification[0m [1;30mLevel 1[0m _identify(.) by extensions ['colcon_meta']
[0.120s] [34mcolcon.colcon_core.package_identification[0m [1;30mLevel 1[0m _identify(.) by extension 'colcon_meta'
[0.120s] [34mcolcon.colcon_core.package_identification[0m [1;30mLevel 1[0m _identify(.) by extensions ['ros']
[0.120s] [34mcolcon.colcon_core.package_identification[0m [1;30mLevel 1[0m _identify(.) by extension 'ros'
[0.132s] [34mcolcon.colcon_core.package_identification[0m [1;30mLevel 1[0m _identify(.) by extensions ['cmake', 'python']
[0.133s] [34mcolcon.colcon_core.package_identification[0m [1;30mLevel 1[0m _identify(.) by extension 'cmake'
[0.133s] [34mcolcon.colcon_core.package_identification[0m [1;30mLevel 1[0m _identify(.) by extension 'python'
[0.133s] [34mcolcon.colcon_core.package_identification[0m [1;30mLevel 1[0m _identify(.) by extensions ['python_setup_py']
[0.133s] [34mcolcon.colcon_core.package_identification[0m [1;30mLevel 1[0m _identify(.) by extension 'python_setup_py'
[0.133s] [34mcolcon.colcon_core.package_identification[0m [1;30mLevel 1[0m _identify(build) by extensions ['ignore', 'ignore_ament_install']
[0.133s] [34mcolcon.colcon_core.package_identification[0m [1;30mLevel 1[0m _identify(build) by extension 'ignore'
[0.133s] [34mcolcon.colcon_core.package_identification[0m [1;30mLevel 1[0m _identify(build) ignored
[0.133s] [34mcolcon.colcon_core.package_identification[0m [1;30mLevel 1[0m _identify(install) by extensions ['ignore', 'ignore_ament_install']
[0.133s] [34mcolcon.colcon_core.package_identification[0m [1;30mLevel 1[0m _identify(install) by extension 'ignore'
[0.133s] [34mcolcon.colcon_core.package_identification[0m [1;30mLevel 1[0m _identify(install) ignored
[0.133s] [34mcolcon.colcon_core.package_identification[0m [1;30mLevel 1[0m _identify(log) by extensions ['ignore', 'ignore_ament_install']
[0.133s] [34mcolcon.colcon_core.package_identification[0m [1;30mLevel 1[0m _identify(log) by extension 'ignore'
[0.133s] [34mcolcon.colcon_core.package_identification[0m [1;30mLevel 1[0m _identify(log) ignored
[0.133s] [34mcolcon.colcon_core.package_identification[0m [1;30mLevel 1[0m _identify(src) by extensions ['ignore', 'ignore_ament_install']
[0.133s] [34mcolcon.colcon_core.package_identification[0m [1;30mLevel 1[0m _identify(src) by extension 'ignore'
[0.133s] [34mcolcon.colcon_core.package_identification[0m [1;30mLevel 1[0m _identify(src) by extension 'ignore_ament_install'
[0.133s] [34mcolcon.colcon_core.package_identification[0m [1;30mLevel 1[0m _identify(src) by extensions ['colcon_pkg']
[0.133s] [34mcolcon.colcon_core.package_identification[0m [1;30mLevel 1[0m _identify(src) by extension 'colcon_pkg'
[0.133s] [34mcolcon.colcon_core.package_identification[0m [1;30mLevel 1[0m _identify(src) by extensions ['colcon_meta']
[0.133s] [34mcolcon.colcon_core.package_identification[0m [1;30mLevel 1[0m _identify(src) by extension 'colcon_meta'
[0.133s] [34mcolcon.colcon_core.package_identification[0m [1;30mLevel 1[0m _identify(src) by extensions ['ros']
[0.133s] [34mcolcon.colcon_core.package_identification[0m [1;30mLevel 1[0m _identify(src) by extension 'ros'
[0.133s] [34mcolcon.colcon_core.package_identification[0m [1;30mLevel 1[0m _identify(src) by extensions ['cmake', 'python']
[0.133s] [34mcolcon.colcon_core.package_identification[0m [1;30mLevel 1[0m _identify(src) by extension 'cmake'
[0.133s] [34mcolcon.colcon_core.package_identification[0m [1;30mLevel 1[0m _identify(src) by extension 'python'
[0.133s] [34mcolcon.colcon_core.package_identification[0m [1;30mLevel 1[0m _identify(src) by extensions ['python_setup_py']
[0.133s] [34mcolcon.colcon_core.package_identification[0m [1;30mLevel 1[0m _identify(src) by extension 'python_setup_py'
[0.134s] [34mcolcon.colcon_core.package_identification[0m [1;30mLevel 1[0m _identify(src/autopatrol_robot) by extensions ['ignore', 'ignore_ament_install']
[0.134s] [34mcolcon.colcon_core.package_identification[0m [1;30mLevel 1[0m _identify(src/autopatrol_robot) by extension 'ignore'
[0.134s] [34mcolcon.colcon_core.package_identification[0m [1;30mLevel 1[0m _identify(src/autopatrol_robot) by extension 'ignore_ament_install'
[0.134s] [34mcolcon.colcon_core.package_identification[0m [1;30mLevel 1[0m _identify(src/autopatrol_robot) by extensions ['colcon_pkg']
[0.134s] [34mcolcon.colcon_core.package_identification[0m [1;30mLevel 1[0m _identify(src/autopatrol_robot) by extension 'colcon_pkg'
[0.134s] [34mcolcon.colcon_core.package_identification[0m [1;30mLevel 1[0m _identify(src/autopatrol_robot) by extensions ['colcon_meta']
[0.134s] [34mcolcon.colcon_core.package_identification[0m [1;30mLevel 1[0m _identify(src/autopatrol_robot) by extension 'colcon_meta'
[0.134s] [34mcolcon.colcon_core.package_identification[0m [1;30mLevel 1[0m _identify(src/autopatrol_robot) by extensions ['ros']
[0.134s] [34mcolcon.colcon_core.package_identification[0m [1;30mLevel 1[0m _identify(src/autopatrol_robot) by extension 'ros'
[0.136s] [34mcolcon.colcon_core.package_identification[0m [1;30mDEBUG[0m [32mPackage 'src/autopatrol_robot' with type 'ros.ament_python' and name 'autopatrol_robot'[0m
[0.136s] [34mcolcon.colcon_core.package_identification[0m [1;30mLevel 1[0m _identify(src/fishbot_application) by extensions ['ignore', 'ignore_ament_install']
[0.137s] [34mcolcon.colcon_core.package_identification[0m [1;30mLevel 1[0m _identify(src/fishbot_application) by extension 'ignore'
[0.137s] [34mcolcon.colcon_core.package_identification[0m [1;30mLevel 1[0m _identify(src/fishbot_application) by extension 'ignore_ament_install'
[0.137s] [34mcolcon.colcon_core.package_identification[0m [1;30mLevel 1[0m _identify(src/fishbot_application) by extensions ['colcon_pkg']
[0.137s] [34mcolcon.colcon_core.package_identification[0m [1;30mLevel 1[0m _identify(src/fishbot_application) by extension 'colcon_pkg'
[0.137s] [34mcolcon.colcon_core.package_identification[0m [1;30mLevel 1[0m _identify(src/fishbot_application) by extensions ['colcon_meta']
[0.137s] [34mcolcon.colcon_core.package_identification[0m [1;30mLevel 1[0m _identify(src/fishbot_application) by extension 'colcon_meta'
[0.137s] [34mcolcon.colcon_core.package_identification[0m [1;30mLevel 1[0m _identify(src/fishbot_application) by extensions ['ros']
[0.137s] [34mcolcon.colcon_core.package_identification[0m [1;30mLevel 1[0m _identify(src/fishbot_application) by extension 'ros'
[0.137s] [34mcolcon.colcon_core.package_identification[0m [1;30mDEBUG[0m [32mPackage 'src/fishbot_application' with type 'ros.ament_python' and name 'fishbot_application'[0m
[0.137s] [34mcolcon.colcon_core.package_identification[0m [1;30mLevel 1[0m _identify(src/fishbot_description) by extensions ['ignore', 'ignore_ament_install']
[0.137s] [34mcolcon.colcon_core.package_identification[0m [1;30mLevel 1[0m _identify(src/fishbot_description) by extension 'ignore'
[0.137s] [34mcolcon.colcon_core.package_identification[0m [1;30mLevel 1[0m _identify(src/fishbot_description) by extension 'ignore_ament_install'
[0.138s] [34mcolcon.colcon_core.package_identification[0m [1;30mLevel 1[0m _identify(src/fishbot_description) by extensions ['colcon_pkg']
[0.138s] [34mcolcon.colcon_core.package_identification[0m [1;30mLevel 1[0m _identify(src/fishbot_description) by extension 'colcon_pkg'
[0.138s] [34mcolcon.colcon_core.package_identification[0m [1;30mLevel 1[0m _identify(src/fishbot_description) by extensions ['colcon_meta']
[0.138s] [34mcolcon.colcon_core.package_identification[0m [1;30mLevel 1[0m _identify(src/fishbot_description) by extension 'colcon_meta'
[0.138s] [34mcolcon.colcon_core.package_identification[0m [1;30mLevel 1[0m _identify(src/fishbot_description) by extensions ['ros']
[0.138s] [34mcolcon.colcon_core.package_identification[0m [1;30mLevel 1[0m _identify(src/fishbot_description) by extension 'ros'
[0.138s] [34mcolcon.colcon_core.package_identification[0m [1;30mDEBUG[0m [32mPackage 'src/fishbot_description' with type 'ros.ament_cmake' and name 'fishbot_description'[0m
[0.138s] [34mcolcon.colcon_core.package_identification[0m [1;30mLevel 1[0m _identify(src/fishbot_navigation2) by extensions ['ignore', 'ignore_ament_install']
[0.138s] [34mcolcon.colcon_core.package_identification[0m [1;30mLevel 1[0m _identify(src/fishbot_navigation2) by extension 'ignore'
[0.138s] [34mcolcon.colcon_core.package_identification[0m [1;30mLevel 1[0m _identify(src/fishbot_navigation2) by extension 'ignore_ament_install'
[0.138s] [34mcolcon.colcon_core.package_identification[0m [1;30mLevel 1[0m _identify(src/fishbot_navigation2) by extensions ['colcon_pkg']
[0.138s] [34mcolcon.colcon_core.package_identification[0m [1;30mLevel 1[0m _identify(src/fishbot_navigation2) by extension 'colcon_pkg'
[0.138s] [34mcolcon.colcon_core.package_identification[0m [1;30mLevel 1[0m _identify(src/fishbot_navigation2) by extensions ['colcon_meta']
[0.138s] [34mcolcon.colcon_core.package_identification[0m [1;30mLevel 1[0m _identify(src/fishbot_navigation2) by extension 'colcon_meta'
[0.138s] [34mcolcon.colcon_core.package_identification[0m [1;30mLevel 1[0m _identify(src/fishbot_navigation2) by extensions ['ros']
[0.138s] [34mcolcon.colcon_core.package_identification[0m [1;30mLevel 1[0m _identify(src/fishbot_navigation2) by extension 'ros'
[0.139s] [34mcolcon.colcon_core.package_identification[0m [1;30mDEBUG[0m [32mPackage 'src/fishbot_navigation2' with type 'ros.ament_cmake' and name 'fishbot_navigation2'[0m
[0.139s] [34mcolcon.colcon_core.package_discovery[0m [1;30mLevel 1[0m discover_packages(recursive) using defaults
[0.139s] [34mcolcon.colcon_core.package_discovery[0m [1;30mLevel 1[0m discover_packages(ignore) discover
[0.139s] [34mcolcon.colcon_core.package_discovery[0m [1;30mLevel 1[0m discover_packages(ignore) using defaults
[0.139s] [34mcolcon.colcon_core.package_discovery[0m [1;30mLevel 1[0m discover_packages(path) discover
[0.139s] [34mcolcon.colcon_core.package_discovery[0m [1;30mLevel 1[0m discover_packages(path) using defaults
[0.152s] [34mcolcon.colcon_core.package_discovery[0m [1;30mLevel 1[0m discover_packages(prefix_path) check parameters
[0.152s] [34mcolcon.colcon_core.package_discovery[0m [1;30mLevel 1[0m discover_packages(prefix_path) discover
[0.153s] [34mcolcon.colcon_installed_package_information.package_discovery[0m [1;30mDEBUG[0m [32mFound 4 installed packages in /home/mi/FishRos/chapt7/chapt7_ws/install[0m
[0.154s] [34mcolcon.colcon_installed_package_information.package_discovery[0m [1;30mDEBUG[0m [32mFound 21 installed packages in /home/mi/dev_ws/install[0m
[0.155s] [34mcolcon.colcon_installed_package_information.package_discovery[0m [1;30mDEBUG[0m [32mFound 406 installed packages in /opt/ros/humble[0m
[0.156s] [34mcolcon.colcon_core.package_discovery[0m [1;30mLevel 1[0m discover_packages(prefix_path) using defaults
[0.192s] [34mcolcon.colcon_core.verb[0m [1;30mLevel 5[0m set package 'autopatrol_robot' build argument 'cmake_args' from command line to 'None'
[0.192s] [34mcolcon.colcon_core.verb[0m [1;30mLevel 5[0m set package 'autopatrol_robot' build argument 'cmake_target' from command line to 'None'
[0.192s] [34mcolcon.colcon_core.verb[0m [1;30mLevel 5[0m set package 'autopatrol_robot' build argument 'cmake_target_skip_unavailable' from command line to 'False'
[0.192s] [34mcolcon.colcon_core.verb[0m [1;30mLevel 5[0m set package 'autopatrol_robot' build argument 'cmake_clean_cache' from command line to 'False'
[0.192s] [34mcolcon.colcon_core.verb[0m [1;30mLevel 5[0m set package 'autopatrol_robot' build argument 'cmake_clean_first' from command line to 'False'
[0.192s] [34mcolcon.colcon_core.verb[0m [1;30mLevel 5[0m set package 'autopatrol_robot' build argument 'cmake_force_configure' from command line to 'False'
[0.192s] [34mcolcon.colcon_core.verb[0m [1;30mLevel 5[0m set package 'autopatrol_robot' build argument 'ament_cmake_args' from command line to 'None'
[0.192s] [34mcolcon.colcon_core.verb[0m [1;30mLevel 5[0m set package 'autopatrol_robot' build argument 'catkin_cmake_args' from command line to 'None'
[0.192s] [34mcolcon.colcon_core.verb[0m [1;30mLevel 5[0m set package 'autopatrol_robot' build argument 'catkin_skip_building_tests' from command line to 'False'
[0.192s] [34mcolcon.colcon_core.verb[0m [1;30mDEBUG[0m [32mBuilding package 'autopatrol_robot' with the following arguments: {'ament_cmake_args': None, 'build_base': '/home/mi/FishRos/chapt7/chapt7_ws/build/autopatrol_robot', 'catkin_cmake_args': None, 'catkin_skip_building_tests': False, 'cmake_args': None, 'cmake_clean_cache': False, 'cmake_clean_first': False, 'cmake_force_configure': False, 'cmake_target': None, 'cmake_target_skip_unavailable': False, 'install_base': '/home/mi/FishRos/chapt7/chapt7_ws/install/autopatrol_robot', 'merge_install': False, 'path': '/home/mi/FishRos/chapt7/chapt7_ws/src/autopatrol_robot', 'symlink_install': False, 'test_result_base': None}[0m
[0.192s] [34mcolcon.colcon_core.verb[0m [1;30mLevel 5[0m set package 'fishbot_application' build argument 'cmake_args' from command line to 'None'
[0.192s] [34mcolcon.colcon_core.verb[0m [1;30mLevel 5[0m set package 'fishbot_application' build argument 'cmake_target' from command line to 'None'
[0.192s] [34mcolcon.colcon_core.verb[0m [1;30mLevel 5[0m set package 'fishbot_application' build argument 'cmake_target_skip_unavailable' from command line to 'False'
[0.192s] [34mcolcon.colcon_core.verb[0m [1;30mLevel 5[0m set package 'fishbot_application' build argument 'cmake_clean_cache' from command line to 'False'
[0.192s] [34mcolcon.colcon_core.verb[0m [1;30mLevel 5[0m set package 'fishbot_application' build argument 'cmake_clean_first' from command line to 'False'
[0.192s] [34mcolcon.colcon_core.verb[0m [1;30mLevel 5[0m set package 'fishbot_application' build argument 'cmake_force_configure' from command line to 'False'
[0.192s] [34mcolcon.colcon_core.verb[0m [1;30mLevel 5[0m set package 'fishbot_application' build argument 'ament_cmake_args' from command line to 'None'
[0.192s] [34mcolcon.colcon_core.verb[0m [1;30mLevel 5[0m set package 'fishbot_application' build argument 'catkin_cmake_args' from command line to 'None'
[0.192s] [34mcolcon.colcon_core.verb[0m [1;30mLevel 5[0m set package 'fishbot_application' build argument 'catkin_skip_building_tests' from command line to 'False'
[0.192s] [34mcolcon.colcon_core.verb[0m [1;30mDEBUG[0m [32mBuilding package 'fishbot_application' with the following arguments: {'ament_cmake_args': None, 'build_base': '/home/mi/FishRos/chapt7/chapt7_ws/build/fishbot_application', 'catkin_cmake_args': None, 'catkin_skip_building_tests': False, 'cmake_args': None, 'cmake_clean_cache': False, 'cmake_clean_first': False, 'cmake_force_configure': False, 'cmake_target': None, 'cmake_target_skip_unavailable': False, 'install_base': '/home/mi/FishRos/chapt7/chapt7_ws/install/fishbot_application', 'merge_install': False, 'path': '/home/mi/FishRos/chapt7/chapt7_ws/src/fishbot_application', 'symlink_install': False, 'test_result_base': None}[0m
[0.192s] [34mcolcon.colcon_core.verb[0m [1;30mLevel 5[0m set package 'fishbot_description' build argument 'cmake_args' from command line to 'None'
[0.192s] [34mcolcon.colcon_core.verb[0m [1;30mLevel 5[0m set package 'fishbot_description' build argument 'cmake_target' from command line to 'None'
[0.192s] [34mcolcon.colcon_core.verb[0m [1;30mLevel 5[0m set package 'fishbot_description' build argument 'cmake_target_skip_unavailable' from command line to 'False'
[0.193s] [34mcolcon.colcon_core.verb[0m [1;30mLevel 5[0m set package 'fishbot_description' build argument 'cmake_clean_cache' from command line to 'False'
[0.193s] [34mcolcon.colcon_core.verb[0m [1;30mLevel 5[0m set package 'fishbot_description' build argument 'cmake_clean_first' from command line to 'False'
[0.193s] [34mcolcon.colcon_core.verb[0m [1;30mLevel 5[0m set package 'fishbot_description' build argument 'cmake_force_configure' from command line to 'False'
[0.193s] [34mcolcon.colcon_core.verb[0m [1;30mLevel 5[0m set package 'fishbot_description' build argument 'ament_cmake_args' from command line to 'None'
[0.193s] [34mcolcon.colcon_core.verb[0m [1;30mLevel 5[0m set package 'fishbot_description' build argument 'catkin_cmake_args' from command line to 'None'
[0.193s] [34mcolcon.colcon_core.verb[0m [1;30mLevel 5[0m set package 'fishbot_description' build argument 'catkin_skip_building_tests' from command line to 'False'
[0.193s] [34mcolcon.colcon_core.verb[0m [1;30mDEBUG[0m [32mBuilding package 'fishbot_description' with the following arguments: {'ament_cmake_args': None, 'build_base': '/home/mi/FishRos/chapt7/chapt7_ws/build/fishbot_description', 'catkin_cmake_args': None, 'catkin_skip_building_tests': False, 'cmake_args': None, 'cmake_clean_cache': False, 'cmake_clean_first': False, 'cmake_force_configure': False, 'cmake_target': None, 'cmake_target_skip_unavailable': False, 'install_base': '/home/mi/FishRos/chapt7/chapt7_ws/install/fishbot_description', 'merge_install': False, 'path': '/home/mi/FishRos/chapt7/chapt7_ws/src/fishbot_description', 'symlink_install': False, 'test_result_base': None}[0m
[0.193s] [34mcolcon.colcon_core.verb[0m [1;30mLevel 5[0m set package 'fishbot_navigation2' build argument 'cmake_args' from command line to 'None'
[0.193s] [34mcolcon.colcon_core.verb[0m [1;30mLevel 5[0m set package 'fishbot_navigation2' build argument 'cmake_target' from command line to 'None'
[0.193s] [34mcolcon.colcon_core.verb[0m [1;30mLevel 5[0m set package 'fishbot_navigation2' build argument 'cmake_target_skip_unavailable' from command line to 'False'
[0.193s] [34mcolcon.colcon_core.verb[0m [1;30mLevel 5[0m set package 'fishbot_navigation2' build argument 'cmake_clean_cache' from command line to 'False'
[0.193s] [34mcolcon.colcon_core.verb[0m [1;30mLevel 5[0m set package 'fishbot_navigation2' build argument 'cmake_clean_first' from command line to 'False'
[0.193s] [34mcolcon.colcon_core.verb[0m [1;30mLevel 5[0m set package 'fishbot_navigation2' build argument 'cmake_force_configure' from command line to 'False'
[0.193s] [34mcolcon.colcon_core.verb[0m [1;30mLevel 5[0m set package 'fishbot_navigation2' build argument 'ament_cmake_args' from command line to 'None'
[0.193s] [34mcolcon.colcon_core.verb[0m [1;30mLevel 5[0m set package 'fishbot_navigation2' build argument 'catkin_cmake_args' from command line to 'None'
[0.193s] [34mcolcon.colcon_core.verb[0m [1;30mLevel 5[0m set package 'fishbot_navigation2' build argument 'catkin_skip_building_tests' from command line to 'False'
[0.193s] [34mcolcon.colcon_core.verb[0m [1;30mDEBUG[0m [32mBuilding package 'fishbot_navigation2' with the following arguments: {'ament_cmake_args': None, 'build_base': '/home/mi/FishRos/chapt7/chapt7_ws/build/fishbot_navigation2', 'catkin_cmake_args': None, 'catkin_skip_building_tests': False, 'cmake_args': None, 'cmake_clean_cache': False, 'cmake_clean_first': False, 'cmake_force_configure': False, 'cmake_target': None, 'cmake_target_skip_unavailable': False, 'install_base': '/home/mi/FishRos/chapt7/chapt7_ws/install/fishbot_navigation2', 'merge_install': False, 'path': '/home/mi/FishRos/chapt7/chapt7_ws/src/fishbot_navigation2', 'symlink_install': False, 'test_result_base': None}[0m
[0.193s] [34mcolcon.colcon_core.executor[0m [1;30mINFO[0m Executing jobs using 'parallel' executor
[0.194s] [34mcolcon.colcon_parallel_executor.executor.parallel[0m [1;30mDEBUG[0m [32mrun_until_complete[0m
[0.194s] [34mcolcon.colcon_ros.task.ament_python.build[0m [1;30mINFO[0m Building ROS package in '/home/mi/FishRos/chapt7/chapt7_ws/src/autopatrol_robot' with build type 'ament_python'
[0.194s] [34mcolcon.colcon_core.shell[0m [1;30mLevel 1[0m create_environment_hook('autopatrol_robot', 'ament_prefix_path')
[0.195s] [34mcolcon.colcon_core.plugin_system[0m [1;30mINFO[0m Skipping extension 'colcon_core.shell.bat': Not used on non-Windows systems
[0.196s] [34mcolcon.colcon_core.shell[0m [1;30mINFO[0m Creating environment hook '/home/mi/FishRos/chapt7/chapt7_ws/install/autopatrol_robot/share/autopatrol_robot/hook/ament_prefix_path.ps1'
[0.196s] [34mcolcon.colcon_core.shell[0m [1;30mINFO[0m Creating environment descriptor '/home/mi/FishRos/chapt7/chapt7_ws/install/autopatrol_robot/share/autopatrol_robot/hook/ament_prefix_path.dsv'
[0.196s] [34mcolcon.colcon_core.shell[0m [1;30mINFO[0m Creating environment hook '/home/mi/FishRos/chapt7/chapt7_ws/install/autopatrol_robot/share/autopatrol_robot/hook/ament_prefix_path.sh'
[0.197s] [34mcolcon.colcon_core.shell[0m [1;30mINFO[0m Skip shell extension 'powershell' for command environment: Not usable outside of PowerShell
[0.197s] [34mcolcon.colcon_core.shell[0m [1;30mDEBUG[0m [32mSkip shell extension 'dsv' for command environment[0m
[0.200s] [34mcolcon.colcon_ros.task.ament_python.build[0m [1;30mINFO[0m Building ROS package in '/home/mi/FishRos/chapt7/chapt7_ws/src/fishbot_application' with build type 'ament_python'
[0.200s] [34mcolcon.colcon_core.shell[0m [1;30mLevel 1[0m create_environment_hook('fishbot_application', 'ament_prefix_path')
[0.200s] [34mcolcon.colcon_core.shell[0m [1;30mINFO[0m Creating environment hook '/home/mi/FishRos/chapt7/chapt7_ws/install/fishbot_application/share/fishbot_application/hook/ament_prefix_path.ps1'
[0.201s] [34mcolcon.colcon_core.shell[0m [1;30mINFO[0m Creating environment descriptor '/home/mi/FishRos/chapt7/chapt7_ws/install/fishbot_application/share/fishbot_application/hook/ament_prefix_path.dsv'
[0.201s] [34mcolcon.colcon_core.shell[0m [1;30mINFO[0m Creating environment hook '/home/mi/FishRos/chapt7/chapt7_ws/install/fishbot_application/share/fishbot_application/hook/ament_prefix_path.sh'
[0.201s] [34mcolcon.colcon_core.shell[0m [1;30mINFO[0m Skip shell extension 'powershell' for command environment: Not usable outside of PowerShell
[0.201s] [34mcolcon.colcon_core.shell[0m [1;30mDEBUG[0m [32mSkip shell extension 'dsv' for command environment[0m
[0.204s] [34mcolcon.colcon_ros.task.ament_cmake.build[0m [1;30mINFO[0m Building ROS package in '/home/mi/FishRos/chapt7/chapt7_ws/src/fishbot_description' with build type 'ament_cmake'
[0.204s] [34mcolcon.colcon_cmake.task.cmake.build[0m [1;30mINFO[0m Building CMake package in '/home/mi/FishRos/chapt7/chapt7_ws/src/fishbot_description'
[0.204s] [34mcolcon.colcon_core.shell[0m [1;30mINFO[0m Skip shell extension 'powershell' for command environment: Not usable outside of PowerShell
[0.204s] [34mcolcon.colcon_core.shell[0m [1;30mDEBUG[0m [32mSkip shell extension 'dsv' for command environment[0m
[0.208s] [34mcolcon.colcon_ros.task.ament_cmake.build[0m [1;30mINFO[0m Building ROS package in '/home/mi/FishRos/chapt7/chapt7_ws/src/fishbot_navigation2' with build type 'ament_cmake'
[0.208s] [34mcolcon.colcon_cmake.task.cmake.build[0m [1;30mINFO[0m Building CMake package in '/home/mi/FishRos/chapt7/chapt7_ws/src/fishbot_navigation2'
[0.209s] [34mcolcon.colcon_core.shell[0m [1;30mINFO[0m Skip shell extension 'powershell' for command environment: Not usable outside of PowerShell
[0.209s] [34mcolcon.colcon_core.shell[0m [1;30mDEBUG[0m [32mSkip shell extension 'dsv' for command environment[0m
[0.376s] [34mcolcon.colcon_core.task.python.build[0m [1;30mINFO[0m Building Python package in '/home/mi/FishRos/chapt7/chapt7_ws/src/autopatrol_robot'
[0.376s] [34mcolcon.colcon_core.shell[0m [1;30mINFO[0m Skip shell extension 'powershell' for command environment: Not usable outside of PowerShell
[0.376s] [34mcolcon.colcon_core.shell[0m [1;30mDEBUG[0m [32mSkip shell extension 'dsv' for command environment[0m
[0.539s] [34mcolcon.colcon_core.task.python.build[0m [1;30mINFO[0m Building Python package in '/home/mi/FishRos/chapt7/chapt7_ws/src/fishbot_application'
[0.540s] [34mcolcon.colcon_core.shell[0m [1;30mINFO[0m Skip shell extension 'powershell' for command environment: Not usable outside of PowerShell
[0.540s] [34mcolcon.colcon_core.shell[0m [1;30mDEBUG[0m [32mSkip shell extension 'dsv' for command environment[0m
[0.544s] [34mcolcon.colcon_core.event_handler.log_command[0m [1;30mDEBUG[0m [32mInvoking command in '/home/mi/FishRos/chapt7/chapt7_ws/build/fishbot_description': CMAKE_PREFIX_PATH=${CMAKE_PREFIX_PATH}:/home/mi/FishRos/chapt7/chapt7_ws/install/fishbot_application:/home/mi/FishRos/chapt7/chapt7_ws/install/autopatrol_robot:/opt/ros/humble:/home/mi/dev_ws/install/learning_urdf:/home/mi/dev_ws/install/learning_topic:/home/mi/dev_ws/install/learning_tf:/home/mi/dev_ws/install/learning_service:/home/mi/dev_ws/install/learning_qos:/home/mi/dev_ws/install/learning_pkg_python:/home/mi/dev_ws/install/learning_parameter:/home/mi/dev_ws/install/learning_node:/home/mi/dev_ws/install/learning_launch:/home/mi/dev_ws/install/learning_action:/home/mi/dev_ws/install/learning_gazebo_harmonic:/home/mi/dev_ws/install/learning_gazebo:/home/mi/dev_ws/install/learning_cv /usr/bin/cmake --build /home/mi/FishRos/chapt7/chapt7_ws/build/fishbot_description -- -j20 -l20[0m
[0.549s] [34mcolcon.colcon_core.event_handler.log_command[0m [1;30mDEBUG[0m [32mInvoking command in '/home/mi/FishRos/chapt7/chapt7_ws/build/fishbot_navigation2': CMAKE_PREFIX_PATH=${CMAKE_PREFIX_PATH}:/home/mi/FishRos/chapt7/chapt7_ws/install/fishbot_application:/home/mi/FishRos/chapt7/chapt7_ws/install/autopatrol_robot:/opt/ros/humble:/home/mi/dev_ws/install/learning_urdf:/home/mi/dev_ws/install/learning_topic:/home/mi/dev_ws/install/learning_tf:/home/mi/dev_ws/install/learning_service:/home/mi/dev_ws/install/learning_qos:/home/mi/dev_ws/install/learning_pkg_python:/home/mi/dev_ws/install/learning_parameter:/home/mi/dev_ws/install/learning_node:/home/mi/dev_ws/install/learning_launch:/home/mi/dev_ws/install/learning_action:/home/mi/dev_ws/install/learning_gazebo_harmonic:/home/mi/dev_ws/install/learning_gazebo:/home/mi/dev_ws/install/learning_cv /usr/bin/cmake --build /home/mi/FishRos/chapt7/chapt7_ws/build/fishbot_navigation2 -- -j20 -l20[0m
[0.578s] [34mcolcon.colcon_core.event_handler.log_command[0m [1;30mDEBUG[0m [32mInvoked command in '/home/mi/FishRos/chapt7/chapt7_ws/build/fishbot_navigation2' returned '0': CMAKE_PREFIX_PATH=${CMAKE_PREFIX_PATH}:/home/mi/FishRos/chapt7/chapt7_ws/install/fishbot_application:/home/mi/FishRos/chapt7/chapt7_ws/install/autopatrol_robot:/opt/ros/humble:/home/mi/dev_ws/install/learning_urdf:/home/mi/dev_ws/install/learning_topic:/home/mi/dev_ws/install/learning_tf:/home/mi/dev_ws/install/learning_service:/home/mi/dev_ws/install/learning_qos:/home/mi/dev_ws/install/learning_pkg_python:/home/mi/dev_ws/install/learning_parameter:/home/mi/dev_ws/install/learning_node:/home/mi/dev_ws/install/learning_launch:/home/mi/dev_ws/install/learning_action:/home/mi/dev_ws/install/learning_gazebo_harmonic:/home/mi/dev_ws/install/learning_gazebo:/home/mi/dev_ws/install/learning_cv /usr/bin/cmake --build /home/mi/FishRos/chapt7/chapt7_ws/build/fishbot_navigation2 -- -j20 -l20[0m
[0.587s] [34mcolcon.colcon_core.event_handler.log_command[0m [1;30mDEBUG[0m [32mInvoking command in '/home/mi/FishRos/chapt7/chapt7_ws/build/fishbot_navigation2': CMAKE_PREFIX_PATH=${CMAKE_PREFIX_PATH}:/home/mi/FishRos/chapt7/chapt7_ws/install/fishbot_application:/home/mi/FishRos/chapt7/chapt7_ws/install/autopatrol_robot:/opt/ros/humble:/home/mi/dev_ws/install/learning_urdf:/home/mi/dev_ws/install/learning_topic:/home/mi/dev_ws/install/learning_tf:/home/mi/dev_ws/install/learning_service:/home/mi/dev_ws/install/learning_qos:/home/mi/dev_ws/install/learning_pkg_python:/home/mi/dev_ws/install/learning_parameter:/home/mi/dev_ws/install/learning_node:/home/mi/dev_ws/install/learning_launch:/home/mi/dev_ws/install/learning_action:/home/mi/dev_ws/install/learning_gazebo_harmonic:/home/mi/dev_ws/install/learning_gazebo:/home/mi/dev_ws/install/learning_cv /usr/bin/cmake --install /home/mi/FishRos/chapt7/chapt7_ws/build/fishbot_navigation2[0m
[0.587s] [34mcolcon.colcon_core.event_handler.log_command[0m [1;30mDEBUG[0m [32mInvoked command in '/home/mi/FishRos/chapt7/chapt7_ws/build/fishbot_description' returned '0': CMAKE_PREFIX_PATH=${CMAKE_PREFIX_PATH}:/home/mi/FishRos/chapt7/chapt7_ws/install/fishbot_application:/home/mi/FishRos/chapt7/chapt7_ws/install/autopatrol_robot:/opt/ros/humble:/home/mi/dev_ws/install/learning_urdf:/home/mi/dev_ws/install/learning_topic:/home/mi/dev_ws/install/learning_tf:/home/mi/dev_ws/install/learning_service:/home/mi/dev_ws/install/learning_qos:/home/mi/dev_ws/install/learning_pkg_python:/home/mi/dev_ws/install/learning_parameter:/home/mi/dev_ws/install/learning_node:/home/mi/dev_ws/install/learning_launch:/home/mi/dev_ws/install/learning_action:/home/mi/dev_ws/install/learning_gazebo_harmonic:/home/mi/dev_ws/install/learning_gazebo:/home/mi/dev_ws/install/learning_cv /usr/bin/cmake --build /home/mi/FishRos/chapt7/chapt7_ws/build/fishbot_description -- -j20 -l20[0m
[0.588s] [34mcolcon.colcon_core.event_handler.log_command[0m [1;30mDEBUG[0m [32mInvoking command in '/home/mi/FishRos/chapt7/chapt7_ws/build/fishbot_description': CMAKE_PREFIX_PATH=${CMAKE_PREFIX_PATH}:/home/mi/FishRos/chapt7/chapt7_ws/install/fishbot_application:/home/mi/FishRos/chapt7/chapt7_ws/install/autopatrol_robot:/opt/ros/humble:/home/mi/dev_ws/install/learning_urdf:/home/mi/dev_ws/install/learning_topic:/home/mi/dev_ws/install/learning_tf:/home/mi/dev_ws/install/learning_service:/home/mi/dev_ws/install/learning_qos:/home/mi/dev_ws/install/learning_pkg_python:/home/mi/dev_ws/install/learning_parameter:/home/mi/dev_ws/install/learning_node:/home/mi/dev_ws/install/learning_launch:/home/mi/dev_ws/install/learning_action:/home/mi/dev_ws/install/learning_gazebo_harmonic:/home/mi/dev_ws/install/learning_gazebo:/home/mi/dev_ws/install/learning_cv /usr/bin/cmake --install /home/mi/FishRos/chapt7/chapt7_ws/build/fishbot_description[0m
[0.597s] [34mcolcon.colcon_core.environment[0m [1;30mLevel 1[0m create_environment_scripts_only(fishbot_navigation2)
[0.597s] [34mcolcon.colcon_core.event_handler.log_command[0m [1;30mDEBUG[0m [32mInvoked command in '/home/mi/FishRos/chapt7/chapt7_ws/build/fishbot_navigation2' returned '0': CMAKE_PREFIX_PATH=${CMAKE_PREFIX_PATH}:/home/mi/FishRos/chapt7/chapt7_ws/install/fishbot_application:/home/mi/FishRos/chapt7/chapt7_ws/install/autopatrol_robot:/opt/ros/humble:/home/mi/dev_ws/install/learning_urdf:/home/mi/dev_ws/install/learning_topic:/home/mi/dev_ws/install/learning_tf:/home/mi/dev_ws/install/learning_service:/home/mi/dev_ws/install/learning_qos:/home/mi/dev_ws/install/learning_pkg_python:/home/mi/dev_ws/install/learning_parameter:/home/mi/dev_ws/install/learning_node:/home/mi/dev_ws/install/learning_launch:/home/mi/dev_ws/install/learning_action:/home/mi/dev_ws/install/learning_gazebo_harmonic:/home/mi/dev_ws/install/learning_gazebo:/home/mi/dev_ws/install/learning_cv /usr/bin/cmake --install /home/mi/FishRos/chapt7/chapt7_ws/build/fishbot_navigation2[0m
[0.599s] [34mcolcon.colcon_core.environment[0m [1;30mLevel 1[0m checking '/home/mi/FishRos/chapt7/chapt7_ws/install/fishbot_navigation2' for CMake module files
[0.599s] [34mcolcon.colcon_core.environment[0m [1;30mLevel 1[0m checking '/home/mi/FishRos/chapt7/chapt7_ws/install/fishbot_navigation2' for CMake config files
[0.599s] [34mcolcon.colcon_core.shell[0m [1;30mLevel 1[0m create_environment_hook('fishbot_navigation2', 'cmake_prefix_path')
[0.599s] [34mcolcon.colcon_core.shell[0m [1;30mINFO[0m Creating environment hook '/home/mi/FishRos/chapt7/chapt7_ws/install/fishbot_navigation2/share/fishbot_navigation2/hook/cmake_prefix_path.ps1'
[0.600s] [34mcolcon.colcon_core.shell[0m [1;30mINFO[0m Creating environment descriptor '/home/mi/FishRos/chapt7/chapt7_ws/install/fishbot_navigation2/share/fishbot_navigation2/hook/cmake_prefix_path.dsv'
[0.600s] [34mcolcon.colcon_core.shell[0m [1;30mINFO[0m Creating environment hook '/home/mi/FishRos/chapt7/chapt7_ws/install/fishbot_navigation2/share/fishbot_navigation2/hook/cmake_prefix_path.sh'
[0.600s] [34mcolcon.colcon_core.environment[0m [1;30mLevel 1[0m checking '/home/mi/FishRos/chapt7/chapt7_ws/install/fishbot_navigation2/bin'
[0.600s] [34mcolcon.colcon_core.environment[0m [1;30mLevel 1[0m checking '/home/mi/FishRos/chapt7/chapt7_ws/install/fishbot_navigation2/lib/pkgconfig/fishbot_navigation2.pc'
[0.600s] [34mcolcon.colcon_core.environment[0m [1;30mLevel 1[0m checking '/home/mi/FishRos/chapt7/chapt7_ws/install/fishbot_navigation2/lib/python3.10/site-packages'
[0.601s] [34mcolcon.colcon_core.environment[0m [1;30mLevel 1[0m checking '/home/mi/FishRos/chapt7/chapt7_ws/install/fishbot_navigation2/bin'
[0.601s] [34mcolcon.colcon_core.shell[0m [1;30mINFO[0m Creating package script '/home/mi/FishRos/chapt7/chapt7_ws/install/fishbot_navigation2/share/fishbot_navigation2/package.ps1'
[0.601s] [34mcolcon.colcon_core.shell[0m [1;30mINFO[0m Creating package descriptor '/home/mi/FishRos/chapt7/chapt7_ws/install/fishbot_navigation2/share/fishbot_navigation2/package.dsv'
[0.602s] [34mcolcon.colcon_core.shell[0m [1;30mINFO[0m Creating package script '/home/mi/FishRos/chapt7/chapt7_ws/install/fishbot_navigation2/share/fishbot_navigation2/package.sh'
[0.602s] [34mcolcon.colcon_core.shell[0m [1;30mINFO[0m Creating package script '/home/mi/FishRos/chapt7/chapt7_ws/install/fishbot_navigation2/share/fishbot_navigation2/package.bash'
[0.603s] [34mcolcon.colcon_core.shell[0m [1;30mINFO[0m Creating package script '/home/mi/FishRos/chapt7/chapt7_ws/install/fishbot_navigation2/share/fishbot_navigation2/package.zsh'
[0.603s] [34mcolcon.colcon_core.environment[0m [1;30mLevel 1[0m create_file_with_runtime_dependencies(/home/mi/FishRos/chapt7/chapt7_ws/install/fishbot_navigation2/share/colcon-core/packages/fishbot_navigation2)
[0.604s] [34mcolcon.colcon_core.environment[0m [1;30mLevel 1[0m create_environment_scripts_only(fishbot_navigation2)
[0.604s] [34mcolcon.colcon_core.environment[0m [1;30mLevel 1[0m checking '/home/mi/FishRos/chapt7/chapt7_ws/install/fishbot_navigation2' for CMake module files
[0.604s] [34mcolcon.colcon_core.environment[0m [1;30mLevel 1[0m checking '/home/mi/FishRos/chapt7/chapt7_ws/install/fishbot_navigation2' for CMake config files
[0.604s] [34mcolcon.colcon_core.shell[0m [1;30mLevel 1[0m create_environment_hook('fishbot_navigation2', 'cmake_prefix_path')
[0.605s] [34mcolcon.colcon_core.shell[0m [1;30mINFO[0m Creating environment hook '/home/mi/FishRos/chapt7/chapt7_ws/install/fishbot_navigation2/share/fishbot_navigation2/hook/cmake_prefix_path.ps1'
[0.605s] [34mcolcon.colcon_core.shell[0m [1;30mINFO[0m Creating environment descriptor '/home/mi/FishRos/chapt7/chapt7_ws/install/fishbot_navigation2/share/fishbot_navigation2/hook/cmake_prefix_path.dsv'
[0.605s] [34mcolcon.colcon_core.shell[0m [1;30mINFO[0m Creating environment hook '/home/mi/FishRos/chapt7/chapt7_ws/install/fishbot_navigation2/share/fishbot_navigation2/hook/cmake_prefix_path.sh'
[0.606s] [34mcolcon.colcon_core.environment[0m [1;30mLevel 1[0m checking '/home/mi/FishRos/chapt7/chapt7_ws/install/fishbot_navigation2/bin'
[0.606s] [34mcolcon.colcon_core.environment[0m [1;30mLevel 1[0m checking '/home/mi/FishRos/chapt7/chapt7_ws/install/fishbot_navigation2/lib/pkgconfig/fishbot_navigation2.pc'
[0.606s] [34mcolcon.colcon_core.environment[0m [1;30mLevel 1[0m checking '/home/mi/FishRos/chapt7/chapt7_ws/install/fishbot_navigation2/lib/python3.10/site-packages'
[0.606s] [34mcolcon.colcon_core.environment[0m [1;30mLevel 1[0m checking '/home/mi/FishRos/chapt7/chapt7_ws/install/fishbot_navigation2/bin'
[0.606s] [34mcolcon.colcon_core.shell[0m [1;30mINFO[0m Creating package script '/home/mi/FishRos/chapt7/chapt7_ws/install/fishbot_navigation2/share/fishbot_navigation2/package.ps1'
[0.607s] [34mcolcon.colcon_core.shell[0m [1;30mINFO[0m Creating package descriptor '/home/mi/FishRos/chapt7/chapt7_ws/install/fishbot_navigation2/share/fishbot_navigation2/package.dsv'
[0.607s] [34mcolcon.colcon_core.shell[0m [1;30mINFO[0m Creating package script '/home/mi/FishRos/chapt7/chapt7_ws/install/fishbot_navigation2/share/fishbot_navigation2/package.sh'
[0.607s] [34mcolcon.colcon_core.shell[0m [1;30mINFO[0m Creating package script '/home/mi/FishRos/chapt7/chapt7_ws/install/fishbot_navigation2/share/fishbot_navigation2/package.bash'
[0.607s] [34mcolcon.colcon_core.shell[0m [1;30mINFO[0m Creating package script '/home/mi/FishRos/chapt7/chapt7_ws/install/fishbot_navigation2/share/fishbot_navigation2/package.zsh'
[0.607s] [34mcolcon.colcon_core.environment[0m [1;30mLevel 1[0m create_file_with_runtime_dependencies(/home/mi/FishRos/chapt7/chapt7_ws/install/fishbot_navigation2/share/colcon-core/packages/fishbot_navigation2)
[0.608s] [34mcolcon.colcon_core.environment[0m [1;30mLevel 1[0m create_environment_scripts_only(fishbot_description)
[0.608s] [34mcolcon.colcon_core.environment[0m [1;30mLevel 1[0m checking '/home/mi/FishRos/chapt7/chapt7_ws/install/fishbot_description' for CMake module files
[0.609s] [34mcolcon.colcon_core.event_handler.log_command[0m [1;30mDEBUG[0m [32mInvoked command in '/home/mi/FishRos/chapt7/chapt7_ws/build/fishbot_description' returned '0': CMAKE_PREFIX_PATH=${CMAKE_PREFIX_PATH}:/home/mi/FishRos/chapt7/chapt7_ws/install/fishbot_application:/home/mi/FishRos/chapt7/chapt7_ws/install/autopatrol_robot:/opt/ros/humble:/home/mi/dev_ws/install/learning_urdf:/home/mi/dev_ws/install/learning_topic:/home/mi/dev_ws/install/learning_tf:/home/mi/dev_ws/install/learning_service:/home/mi/dev_ws/install/learning_qos:/home/mi/dev_ws/install/learning_pkg_python:/home/mi/dev_ws/install/learning_parameter:/home/mi/dev_ws/install/learning_node:/home/mi/dev_ws/install/learning_launch:/home/mi/dev_ws/install/learning_action:/home/mi/dev_ws/install/learning_gazebo_harmonic:/home/mi/dev_ws/install/learning_gazebo:/home/mi/dev_ws/install/learning_cv /usr/bin/cmake --install /home/mi/FishRos/chapt7/chapt7_ws/build/fishbot_description[0m
[0.609s] [34mcolcon.colcon_core.environment[0m [1;30mLevel 1[0m checking '/home/mi/FishRos/chapt7/chapt7_ws/install/fishbot_description' for CMake config files
[0.609s] [34mcolcon.colcon_core.shell[0m [1;30mLevel 1[0m create_environment_hook('fishbot_description', 'cmake_prefix_path')
[0.610s] [34mcolcon.colcon_core.shell[0m [1;30mINFO[0m Creating environment hook '/home/mi/FishRos/chapt7/chapt7_ws/install/fishbot_description/share/fishbot_description/hook/cmake_prefix_path.ps1'
[0.610s] [34mcolcon.colcon_core.shell[0m [1;30mINFO[0m Creating environment descriptor '/home/mi/FishRos/chapt7/chapt7_ws/install/fishbot_description/share/fishbot_description/hook/cmake_prefix_path.dsv'
[0.611s] [34mcolcon.colcon_core.shell[0m [1;30mINFO[0m Creating environment hook '/home/mi/FishRos/chapt7/chapt7_ws/install/fishbot_description/share/fishbot_description/hook/cmake_prefix_path.sh'
[0.611s] [34mcolcon.colcon_core.environment[0m [1;30mLevel 1[0m checking '/home/mi/FishRos/chapt7/chapt7_ws/install/fishbot_description/bin'
[0.611s] [34mcolcon.colcon_core.environment[0m [1;30mLevel 1[0m checking '/home/mi/FishRos/chapt7/chapt7_ws/install/fishbot_description/lib/pkgconfig/fishbot_description.pc'
[0.611s] [34mcolcon.colcon_core.environment[0m [1;30mLevel 1[0m checking '/home/mi/FishRos/chapt7/chapt7_ws/install/fishbot_description/lib/python3.10/site-packages'
[0.611s] [34mcolcon.colcon_core.environment[0m [1;30mLevel 1[0m checking '/home/mi/FishRos/chapt7/chapt7_ws/install/fishbot_description/bin'
[0.612s] [34mcolcon.colcon_core.shell[0m [1;30mINFO[0m Creating package script '/home/mi/FishRos/chapt7/chapt7_ws/install/fishbot_description/share/fishbot_description/package.ps1'
[0.613s] [34mcolcon.colcon_core.shell[0m [1;30mINFO[0m Creating package descriptor '/home/mi/FishRos/chapt7/chapt7_ws/install/fishbot_description/share/fishbot_description/package.dsv'
[0.614s] [34mcolcon.colcon_core.shell[0m [1;30mINFO[0m Creating package script '/home/mi/FishRos/chapt7/chapt7_ws/install/fishbot_description/share/fishbot_description/package.sh'
[0.614s] [34mcolcon.colcon_core.shell[0m [1;30mINFO[0m Creating package script '/home/mi/FishRos/chapt7/chapt7_ws/install/fishbot_description/share/fishbot_description/package.bash'
[0.614s] [34mcolcon.colcon_core.shell[0m [1;30mINFO[0m Creating package script '/home/mi/FishRos/chapt7/chapt7_ws/install/fishbot_description/share/fishbot_description/package.zsh'
[0.615s] [34mcolcon.colcon_core.environment[0m [1;30mLevel 1[0m create_file_with_runtime_dependencies(/home/mi/FishRos/chapt7/chapt7_ws/install/fishbot_description/share/colcon-core/packages/fishbot_description)
[0.615s] [34mcolcon.colcon_core.environment[0m [1;30mLevel 1[0m create_environment_scripts_only(fishbot_description)
[0.616s] [34mcolcon.colcon_core.environment[0m [1;30mLevel 1[0m checking '/home/mi/FishRos/chapt7/chapt7_ws/install/fishbot_description' for CMake module files
[0.616s] [34mcolcon.colcon_core.environment[0m [1;30mLevel 1[0m checking '/home/mi/FishRos/chapt7/chapt7_ws/install/fishbot_description' for CMake config files
[0.616s] [34mcolcon.colcon_core.shell[0m [1;30mLevel 1[0m create_environment_hook('fishbot_description', 'cmake_prefix_path')
[0.616s] [34mcolcon.colcon_core.shell[0m [1;30mINFO[0m Creating environment hook '/home/mi/FishRos/chapt7/chapt7_ws/install/fishbot_description/share/fishbot_description/hook/cmake_prefix_path.ps1'
[0.616s] [34mcolcon.colcon_core.shell[0m [1;30mINFO[0m Creating environment descriptor '/home/mi/FishRos/chapt7/chapt7_ws/install/fishbot_description/share/fishbot_description/hook/cmake_prefix_path.dsv'
[0.617s] [34mcolcon.colcon_core.shell[0m [1;30mINFO[0m Creating environment hook '/home/mi/FishRos/chapt7/chapt7_ws/install/fishbot_description/share/fishbot_description/hook/cmake_prefix_path.sh'
[0.617s] [34mcolcon.colcon_core.environment[0m [1;30mLevel 1[0m checking '/home/mi/FishRos/chapt7/chapt7_ws/install/fishbot_description/bin'
[0.617s] [34mcolcon.colcon_core.environment[0m [1;30mLevel 1[0m checking '/home/mi/FishRos/chapt7/chapt7_ws/install/fishbot_description/lib/pkgconfig/fishbot_description.pc'
[0.617s] [34mcolcon.colcon_core.environment[0m [1;30mLevel 1[0m checking '/home/mi/FishRos/chapt7/chapt7_ws/install/fishbot_description/lib/python3.10/site-packages'
[0.617s] [34mcolcon.colcon_core.environment[0m [1;30mLevel 1[0m checking '/home/mi/FishRos/chapt7/chapt7_ws/install/fishbot_description/bin'
[0.617s] [34mcolcon.colcon_core.shell[0m [1;30mINFO[0m Creating package script '/home/mi/FishRos/chapt7/chapt7_ws/install/fishbot_description/share/fishbot_description/package.ps1'
[0.618s] [34mcolcon.colcon_core.shell[0m [1;30mINFO[0m Creating package descriptor '/home/mi/FishRos/chapt7/chapt7_ws/install/fishbot_description/share/fishbot_description/package.dsv'
[0.618s] [34mcolcon.colcon_core.shell[0m [1;30mINFO[0m Creating package script '/home/mi/FishRos/chapt7/chapt7_ws/install/fishbot_description/share/fishbot_description/package.sh'
[0.618s] [34mcolcon.colcon_core.shell[0m [1;30mINFO[0m Creating package script '/home/mi/FishRos/chapt7/chapt7_ws/install/fishbot_description/share/fishbot_description/package.bash'
[0.618s] [34mcolcon.colcon_core.shell[0m [1;30mINFO[0m Creating package script '/home/mi/FishRos/chapt7/chapt7_ws/install/fishbot_description/share/fishbot_description/package.zsh'
[0.619s] [34mcolcon.colcon_core.environment[0m [1;30mLevel 1[0m create_file_with_runtime_dependencies(/home/mi/FishRos/chapt7/chapt7_ws/install/fishbot_description/share/colcon-core/packages/fishbot_description)
[1.147s] [34mcolcon.colcon_core.event_handler.log_command[0m [1;30mDEBUG[0m [32mInvoking command in '/home/mi/FishRos/chapt7/chapt7_ws/src/fishbot_application': PYTHONPATH=/home/mi/FishRos/chapt7/chapt7_ws/build/fishbot_application/prefix_override:/usr/lib/python3/dist-packages/colcon_core/task/python/colcon_distutils_commands:/home/mi/FishRos/chapt7/chapt7_ws/install/fishbot_application/lib/python3.10/site-packages:${PYTHONPATH} /usr/bin/python3 -W ignore:setup.py install is deprecated -W ignore:easy_install command is deprecated setup.py egg_info --egg-base ../../build/fishbot_application build --build-base /home/mi/FishRos/chapt7/chapt7_ws/build/fishbot_application/build install --record /home/mi/FishRos/chapt7/chapt7_ws/build/fishbot_application/install.log --single-version-externally-managed install_data[0m
[1.149s] [34mcolcon.colcon_core.event_handler.log_command[0m [1;30mDEBUG[0m [32mInvoking command in '/home/mi/FishRos/chapt7/chapt7_ws/src/autopatrol_robot': PYTHONPATH=/home/mi/FishRos/chapt7/chapt7_ws/build/autopatrol_robot/prefix_override:/usr/lib/python3/dist-packages/colcon_core/task/python/colcon_distutils_commands:/home/mi/FishRos/chapt7/chapt7_ws/install/autopatrol_robot/lib/python3.10/site-packages:${PYTHONPATH} /usr/bin/python3 -W ignore:setup.py install is deprecated -W ignore:easy_install command is deprecated setup.py egg_info --egg-base ../../build/autopatrol_robot build --build-base /home/mi/FishRos/chapt7/chapt7_ws/build/autopatrol_robot/build install --record /home/mi/FishRos/chapt7/chapt7_ws/build/autopatrol_robot/install.log --single-version-externally-managed install_data[0m
[1.546s] [34mcolcon.colcon_core.environment[0m [1;30mLevel 1[0m checking '/home/mi/FishRos/chapt7/chapt7_ws/install/fishbot_application' for CMake module files
[1.546s] [34mcolcon.colcon_core.event_handler.log_command[0m [1;30mDEBUG[0m [32mInvoked command in '/home/mi/FishRos/chapt7/chapt7_ws/src/fishbot_application' returned '0': PYTHONPATH=/home/mi/FishRos/chapt7/chapt7_ws/build/fishbot_application/prefix_override:/usr/lib/python3/dist-packages/colcon_core/task/python/colcon_distutils_commands:/home/mi/FishRos/chapt7/chapt7_ws/install/fishbot_application/lib/python3.10/site-packages:${PYTHONPATH} /usr/bin/python3 -W ignore:setup.py install is deprecated -W ignore:easy_install command is deprecated setup.py egg_info --egg-base ../../build/fishbot_application build --build-base /home/mi/FishRos/chapt7/chapt7_ws/build/fishbot_application/build install --record /home/mi/FishRos/chapt7/chapt7_ws/build/fishbot_application/install.log --single-version-externally-managed install_data[0m
[1.547s] [34mcolcon.colcon_core.environment[0m [1;30mLevel 1[0m checking '/home/mi/FishRos/chapt7/chapt7_ws/install/fishbot_application' for CMake config files
[1.547s] [34mcolcon.colcon_core.environment[0m [1;30mLevel 1[0m checking '/home/mi/FishRos/chapt7/chapt7_ws/install/fishbot_application/lib'
[1.547s] [34mcolcon.colcon_core.environment[0m [1;30mLevel 1[0m checking '/home/mi/FishRos/chapt7/chapt7_ws/install/fishbot_application/bin'
[1.547s] [34mcolcon.colcon_core.environment[0m [1;30mLevel 1[0m checking '/home/mi/FishRos/chapt7/chapt7_ws/install/fishbot_application/lib/pkgconfig/fishbot_application.pc'
[1.547s] [34mcolcon.colcon_core.environment[0m [1;30mLevel 1[0m checking '/home/mi/FishRos/chapt7/chapt7_ws/install/fishbot_application/lib/python3.10/site-packages'
[1.548s] [34mcolcon.colcon_core.shell[0m [1;30mLevel 1[0m create_environment_hook('fishbot_application', 'pythonpath')
[1.548s] [34mcolcon.colcon_core.shell[0m [1;30mINFO[0m Creating environment hook '/home/mi/FishRos/chapt7/chapt7_ws/install/fishbot_application/share/fishbot_application/hook/pythonpath.ps1'
[1.548s] [34mcolcon.colcon_core.shell[0m [1;30mINFO[0m Creating environment descriptor '/home/mi/FishRos/chapt7/chapt7_ws/install/fishbot_application/share/fishbot_application/hook/pythonpath.dsv'
[1.548s] [34mcolcon.colcon_core.shell[0m [1;30mINFO[0m Creating environment hook '/home/mi/FishRos/chapt7/chapt7_ws/install/fishbot_application/share/fishbot_application/hook/pythonpath.sh'
[1.549s] [34mcolcon.colcon_core.environment[0m [1;30mLevel 1[0m checking '/home/mi/FishRos/chapt7/chapt7_ws/install/fishbot_application/bin'
[1.549s] [34mcolcon.colcon_core.environment[0m [1;30mLevel 1[0m create_environment_scripts_only(fishbot_application)
[1.549s] [34mcolcon.colcon_core.shell[0m [1;30mINFO[0m Creating package script '/home/mi/FishRos/chapt7/chapt7_ws/install/fishbot_application/share/fishbot_application/package.ps1'
[1.549s] [34mcolcon.colcon_core.shell[0m [1;30mINFO[0m Creating package descriptor '/home/mi/FishRos/chapt7/chapt7_ws/install/fishbot_application/share/fishbot_application/package.dsv'
[1.550s] [34mcolcon.colcon_core.shell[0m [1;30mINFO[0m Creating package script '/home/mi/FishRos/chapt7/chapt7_ws/install/fishbot_application/share/fishbot_application/package.sh'
[1.550s] [34mcolcon.colcon_core.shell[0m [1;30mINFO[0m Creating package script '/home/mi/FishRos/chapt7/chapt7_ws/install/fishbot_application/share/fishbot_application/package.bash'
[1.550s] [34mcolcon.colcon_core.shell[0m [1;30mINFO[0m Creating package script '/home/mi/FishRos/chapt7/chapt7_ws/install/fishbot_application/share/fishbot_application/package.zsh'
[1.550s] [34mcolcon.colcon_core.environment[0m [1;30mLevel 1[0m create_file_with_runtime_dependencies(/home/mi/FishRos/chapt7/chapt7_ws/install/fishbot_application/share/colcon-core/packages/fishbot_application)
[1.550s] [34mcolcon.colcon_core.environment[0m [1;30mLevel 1[0m checking '/home/mi/FishRos/chapt7/chapt7_ws/install/autopatrol_robot' for CMake module files
[1.551s] [34mcolcon.colcon_core.environment[0m [1;30mLevel 1[0m checking '/home/mi/FishRos/chapt7/chapt7_ws/install/autopatrol_robot' for CMake config files
[1.551s] [34mcolcon.colcon_core.event_handler.log_command[0m [1;30mDEBUG[0m [32mInvoked command in '/home/mi/FishRos/chapt7/chapt7_ws/src/autopatrol_robot' returned '0': PYTHONPATH=/home/mi/FishRos/chapt7/chapt7_ws/build/autopatrol_robot/prefix_override:/usr/lib/python3/dist-packages/colcon_core/task/python/colcon_distutils_commands:/home/mi/FishRos/chapt7/chapt7_ws/install/autopatrol_robot/lib/python3.10/site-packages:${PYTHONPATH} /usr/bin/python3 -W ignore:setup.py install is deprecated -W ignore:easy_install command is deprecated setup.py egg_info --egg-base ../../build/autopatrol_robot build --build-base /home/mi/FishRos/chapt7/chapt7_ws/build/autopatrol_robot/build install --record /home/mi/FishRos/chapt7/chapt7_ws/build/autopatrol_robot/install.log --single-version-externally-managed install_data[0m
[1.551s] [34mcolcon.colcon_core.environment[0m [1;30mLevel 1[0m checking '/home/mi/FishRos/chapt7/chapt7_ws/install/autopatrol_robot/lib'
[1.551s] [34mcolcon.colcon_core.environment[0m [1;30mLevel 1[0m checking '/home/mi/FishRos/chapt7/chapt7_ws/install/autopatrol_robot/bin'
[1.551s] [34mcolcon.colcon_core.environment[0m [1;30mLevel 1[0m checking '/home/mi/FishRos/chapt7/chapt7_ws/install/autopatrol_robot/lib/pkgconfig/autopatrol_robot.pc'
[1.551s] [34mcolcon.colcon_core.environment[0m [1;30mLevel 1[0m checking '/home/mi/FishRos/chapt7/chapt7_ws/install/autopatrol_robot/lib/python3.10/site-packages'
[1.552s] [34mcolcon.colcon_core.shell[0m [1;30mLevel 1[0m create_environment_hook('autopatrol_robot', 'pythonpath')
[1.552s] [34mcolcon.colcon_core.shell[0m [1;30mINFO[0m Creating environment hook '/home/mi/FishRos/chapt7/chapt7_ws/install/autopatrol_robot/share/autopatrol_robot/hook/pythonpath.ps1'
[1.552s] [34mcolcon.colcon_core.shell[0m [1;30mINFO[0m Creating environment descriptor '/home/mi/FishRos/chapt7/chapt7_ws/install/autopatrol_robot/share/autopatrol_robot/hook/pythonpath.dsv'
[1.552s] [34mcolcon.colcon_core.shell[0m [1;30mINFO[0m Creating environment hook '/home/mi/FishRos/chapt7/chapt7_ws/install/autopatrol_robot/share/autopatrol_robot/hook/pythonpath.sh'
[1.552s] [34mcolcon.colcon_core.environment[0m [1;30mLevel 1[0m checking '/home/mi/FishRos/chapt7/chapt7_ws/install/autopatrol_robot/bin'
[1.552s] [34mcolcon.colcon_core.environment[0m [1;30mLevel 1[0m create_environment_scripts_only(autopatrol_robot)
[1.553s] [34mcolcon.colcon_core.shell[0m [1;30mINFO[0m Creating package script '/home/mi/FishRos/chapt7/chapt7_ws/install/autopatrol_robot/share/autopatrol_robot/package.ps1'
[1.553s] [34mcolcon.colcon_core.shell[0m [1;30mINFO[0m Creating package descriptor '/home/mi/FishRos/chapt7/chapt7_ws/install/autopatrol_robot/share/autopatrol_robot/package.dsv'
[1.553s] [34mcolcon.colcon_core.shell[0m [1;30mINFO[0m Creating package script '/home/mi/FishRos/chapt7/chapt7_ws/install/autopatrol_robot/share/autopatrol_robot/package.sh'
[1.553s] [34mcolcon.colcon_core.shell[0m [1;30mINFO[0m Creating package script '/home/mi/FishRos/chapt7/chapt7_ws/install/autopatrol_robot/share/autopatrol_robot/package.bash'
[1.553s] [34mcolcon.colcon_core.shell[0m [1;30mINFO[0m Creating package script '/home/mi/FishRos/chapt7/chapt7_ws/install/autopatrol_robot/share/autopatrol_robot/package.zsh'
[1.553s] [34mcolcon.colcon_core.environment[0m [1;30mLevel 1[0m create_file_with_runtime_dependencies(/home/mi/FishRos/chapt7/chapt7_ws/install/autopatrol_robot/share/colcon-core/packages/autopatrol_robot)
[1.554s] [34mcolcon.colcon_parallel_executor.executor.parallel[0m [1;30mDEBUG[0m [32mclosing loop[0m
[1.554s] [34mcolcon.colcon_parallel_executor.executor.parallel[0m [1;30mDEBUG[0m [32mloop closed[0m
[1.554s] [34mcolcon.colcon_parallel_executor.executor.parallel[0m [1;30mDEBUG[0m [32mrun_until_complete finished with '0'[0m
[1.554s] [34mcolcon.colcon_core.event_reactor[0m [1;30mDEBUG[0m [32mjoining thread[0m
[1.559s] [34mcolcon.colcon_core.plugin_system[0m [1;30mINFO[0m Skipping extension 'colcon_notification.desktop_notification.terminal_notifier': Not used on non-Darwin systems
[1.559s] [34mcolcon.colcon_core.plugin_system[0m [1;30mINFO[0m Skipping extension 'colcon_notification.desktop_notification.win32': Not used on non-Windows systems
[1.559s] [34mcolcon.colcon_notification.desktop_notification[0m [1;30mINFO[0m Sending desktop notification using 'notify2'
[1.570s] [34mcolcon.colcon_core.event_reactor[0m [1;30mDEBUG[0m [32mjoined thread[0m
[1.571s] [34mcolcon.colcon_core.shell[0m [1;30mINFO[0m Creating prefix script '/home/mi/FishRos/chapt7/chapt7_ws/install/local_setup.ps1'
[1.572s] [34mcolcon.colcon_core.shell[0m [1;30mINFO[0m Creating prefix util module '/home/mi/FishRos/chapt7/chapt7_ws/install/_local_setup_util_ps1.py'
[1.573s] [34mcolcon.colcon_core.shell[0m [1;30mINFO[0m Creating prefix chain script '/home/mi/FishRos/chapt7/chapt7_ws/install/setup.ps1'
[1.575s] [34mcolcon.colcon_core.shell[0m [1;30mINFO[0m Creating prefix script '/home/mi/FishRos/chapt7/chapt7_ws/install/local_setup.sh'
[1.575s] [34mcolcon.colcon_core.shell[0m [1;30mINFO[0m Creating prefix util module '/home/mi/FishRos/chapt7/chapt7_ws/install/_local_setup_util_sh.py'
[1.576s] [34mcolcon.colcon_core.shell[0m [1;30mINFO[0m Creating prefix chain script '/home/mi/FishRos/chapt7/chapt7_ws/install/setup.sh'
[1.579s] [34mcolcon.colcon_core.shell[0m [1;30mINFO[0m Creating prefix script '/home/mi/FishRos/chapt7/chapt7_ws/install/local_setup.bash'
[1.579s] [34mcolcon.colcon_core.shell[0m [1;30mINFO[0m Creating prefix chain script '/home/mi/FishRos/chapt7/chapt7_ws/install/setup.bash'
[1.580s] [34mcolcon.colcon_core.shell[0m [1;30mINFO[0m Creating prefix script '/home/mi/FishRos/chapt7/chapt7_ws/install/local_setup.zsh'
[1.581s] [34mcolcon.colcon_core.shell[0m [1;30mINFO[0m Creating prefix chain script '/home/mi/FishRos/chapt7/chapt7_ws/install/setup.zsh'
