running egg_info
writing ../../build/fishbot_application/fishbot_application.egg-info/PKG-INFO
writing dependency_links to ../../build/fishbot_application/fishbot_application.egg-info/dependency_links.txt
writing entry points to ../../build/fishbot_application/fishbot_application.egg-info/entry_points.txt
writing requirements to ../../build/fishbot_application/fishbot_application.egg-info/requires.txt
writing top-level names to ../../build/fishbot_application/fishbot_application.egg-info/top_level.txt
reading manifest file '../../build/fishbot_application/fishbot_application.egg-info/SOURCES.txt'
adding license file 'LICENSE'
writing manifest file '../../build/fishbot_application/fishbot_application.egg-info/SOURCES.txt'
running build
running build_py
copying fishbot_application/init_robot_pose.py -> /home/mi/FishRos/chapt7/chapt7_ws/build/fishbot_application/build/lib/fishbot_application
copying fishbot_application/waypoint_follower.py -> /home/mi/FishRos/chapt7/chapt7_ws/build/fishbot_application/build/lib/fishbot_application
copying fishbot_application/get_robot_pose.py -> /home/mi/FishRos/chapt7/chapt7_ws/build/fishbot_application/build/lib/fishbot_application
copying fishbot_application/__init__.py -> /home/mi/FishRos/chapt7/chapt7_ws/build/fishbot_application/build/lib/fishbot_application
copying fishbot_application/nav_to_pose.py -> /home/mi/FishRos/chapt7/chapt7_ws/build/fishbot_application/build/lib/fishbot_application
running install
running install_lib
running install_data
copying resource/fishbot_application -> /home/mi/FishRos/chapt7/chapt7_ws/install/fishbot_application/share/ament_index/resource_index/packages
copying package.xml -> /home/mi/FishRos/chapt7/chapt7_ws/install/fishbot_application/share/fishbot_application
running install_egg_info
removing '/home/mi/FishRos/chapt7/chapt7_ws/install/fishbot_application/lib/python3.10/site-packages/fishbot_application-0.0.0-py3.10.egg-info' (and everything under it)
Copying ../../build/fishbot_application/fishbot_application.egg-info to /home/mi/FishRos/chapt7/chapt7_ws/install/fishbot_application/lib/python3.10/site-packages/fishbot_application-0.0.0-py3.10.egg-info
running install_scripts
Installing get_robot_pose script to /home/mi/FishRos/chapt7/chapt7_ws/install/fishbot_application/lib/fishbot_application
Installing init_robot_pose script to /home/mi/FishRos/chapt7/chapt7_ws/install/fishbot_application/lib/fishbot_application
Installing nav_to_pose script to /home/mi/FishRos/chapt7/chapt7_ws/install/fishbot_application/lib/fishbot_application
Installing waypoint_follower script to /home/mi/FishRos/chapt7/chapt7_ws/install/fishbot_application/lib/fishbot_application
writing list of installed files to '/home/mi/FishRos/chapt7/chapt7_ws/build/fishbot_application/install.log'
