[0.554s] Invoking command in '/home/mi/FishRos/chapter4/chapt4_ws/src/demo_python_service': CONDA_PROMPT_MODIFIER=(base) LD_LIBRARY_PATH=/home/mi/FishRos/chapter4/chapt4_ws/install/chapt4_interfaces/lib:/home/mi/catkin_ws/devel/lib:/usr/local/cuda/lib64:/opt/ros/humble/opt/rviz_ogre_vendor/lib:/opt/ros/humble/lib/x86_64-linux-gnu:/opt/ros/humble/lib:/home/mi/catkin_ws/devel/lib:/usr/local/cuda/lib64:/home/mi/dev_ws/install/learning_interface/lib:/usr/share/gazebo/../../lib/x86_64-linux-gnu/gazebo-11/plugins:/usr/lib/x86_64-linux-gnu/gazebo-11/plugins:/usr/share/gazebo/../../lib/x86_64-linux-gnu/gazebo-11/plugins:/usr/share/gazebo/../../lib/x86_64-linux-gnu/gazebo-11/plugins:/home/mi/catkin_ws/devel/lib:/usr/lib/x86_64-linux-gnu/gazebo-11/plugins:/usr/share/gazebo/../../lib/x86_64-linux-gnu/gazebo-11/plugins:/usr/lib/x86_64-linux-gnu/gazebo-11/plugins:/usr/share/gazebo/../../lib/x86_64-linux-gnu/gazebo-11/plugins:/home/mi/catkin_ws/devel/lib:/usr/lib/x86_64-linux-gnu/gazebo-11/plugins:/usr/share/gazebo/../../lib/x86_64-linux-gnu/gazebo-11/plugins PYTHONPATH=/home/mi/FishRos/chapter4/chapt4_ws/build/demo_python_service/prefix_override:/usr/lib/python3/dist-packages/colcon_core/task/python/colcon_distutils_commands:/home/mi/FishRos/chapter4/chapt4_ws/install/demo_python_service/lib/python3.10/site-packages:${PYTHONPATH} /usr/bin/python3 -W ignore:setup.py install is deprecated -W ignore:easy_install command is deprecated setup.py egg_info --egg-base ../../build/demo_python_service build --build-base /home/mi/FishRos/chapter4/chapt4_ws/build/demo_python_service/build install --record /home/mi/FishRos/chapter4/chapt4_ws/build/demo_python_service/install.log --single-version-externally-managed install_data
[0.701s] running egg_info
[0.710s] writing ../../build/demo_python_service/demo_python_service.egg-info/PKG-INFO
[0.710s] writing dependency_links to ../../build/demo_python_service/demo_python_service.egg-info/dependency_links.txt
[0.711s] writing entry points to ../../build/demo_python_service/demo_python_service.egg-info/entry_points.txt
[0.711s] writing requirements to ../../build/demo_python_service/demo_python_service.egg-info/requires.txt
[0.711s] writing top-level names to ../../build/demo_python_service/demo_python_service.egg-info/top_level.txt
[0.730s] reading manifest file '../../build/demo_python_service/demo_python_service.egg-info/SOURCES.txt'
[0.730s] adding license file 'LICENSE'
[0.731s] writing manifest file '../../build/demo_python_service/demo_python_service.egg-info/SOURCES.txt'
[0.731s] running build
[0.731s] running build_py
[0.731s] running install
[0.734s] running install_lib
[0.745s] running install_data
[0.745s] running install_egg_info
[0.755s] removing '/home/mi/FishRos/chapter4/chapt4_ws/install/demo_python_service/lib/python3.10/site-packages/demo_python_service-0.0.0-py3.10.egg-info' (and everything under it)
[0.755s] Copying ../../build/demo_python_service/demo_python_service.egg-info to /home/mi/FishRos/chapter4/chapt4_ws/install/demo_python_service/lib/python3.10/site-packages/demo_python_service-0.0.0-py3.10.egg-info
[0.756s] running install_scripts
[0.852s] Installing learn_face_detect script to /home/mi/FishRos/chapter4/chapt4_ws/install/demo_python_service/lib/demo_python_service
[0.852s] writing list of installed files to '/home/mi/FishRos/chapter4/chapt4_ws/build/demo_python_service/install.log'
[0.868s] Invoked command in '/home/mi/FishRos/chapter4/chapt4_ws/src/demo_python_service' returned '0': CONDA_PROMPT_MODIFIER=(base) LD_LIBRARY_PATH=/home/mi/FishRos/chapter4/chapt4_ws/install/chapt4_interfaces/lib:/home/mi/catkin_ws/devel/lib:/usr/local/cuda/lib64:/opt/ros/humble/opt/rviz_ogre_vendor/lib:/opt/ros/humble/lib/x86_64-linux-gnu:/opt/ros/humble/lib:/home/mi/catkin_ws/devel/lib:/usr/local/cuda/lib64:/home/mi/dev_ws/install/learning_interface/lib:/usr/share/gazebo/../../lib/x86_64-linux-gnu/gazebo-11/plugins:/usr/lib/x86_64-linux-gnu/gazebo-11/plugins:/usr/share/gazebo/../../lib/x86_64-linux-gnu/gazebo-11/plugins:/usr/share/gazebo/../../lib/x86_64-linux-gnu/gazebo-11/plugins:/home/mi/catkin_ws/devel/lib:/usr/lib/x86_64-linux-gnu/gazebo-11/plugins:/usr/share/gazebo/../../lib/x86_64-linux-gnu/gazebo-11/plugins:/usr/lib/x86_64-linux-gnu/gazebo-11/plugins:/usr/share/gazebo/../../lib/x86_64-linux-gnu/gazebo-11/plugins:/home/mi/catkin_ws/devel/lib:/usr/lib/x86_64-linux-gnu/gazebo-11/plugins:/usr/share/gazebo/../../lib/x86_64-linux-gnu/gazebo-11/plugins PYTHONPATH=/home/mi/FishRos/chapter4/chapt4_ws/build/demo_python_service/prefix_override:/usr/lib/python3/dist-packages/colcon_core/task/python/colcon_distutils_commands:/home/mi/FishRos/chapter4/chapt4_ws/install/demo_python_service/lib/python3.10/site-packages:${PYTHONPATH} /usr/bin/python3 -W ignore:setup.py install is deprecated -W ignore:easy_install command is deprecated setup.py egg_info --egg-base ../../build/demo_python_service build --build-base /home/mi/FishRos/chapter4/chapt4_ws/build/demo_python_service/build install --record /home/mi/FishRos/chapter4/chapt4_ws/build/demo_python_service/install.log --single-version-externally-managed install_data
