[0.069s] [34mcolcon[0m [1;30mDEBUG[0m [32mCommand line arguments: ['/usr/bin/colcon', 'build'][0m
[0.069s] [34mcolcon[0m [1;30mDEBUG[0m [32mParsed command line arguments: Namespace(log_base=None, log_level=None, verb_name='build', build_base='build', install_base='install', merge_install=False, symlink_install=False, test_result_base=None, continue_on_error=False, executor='parallel', parallel_workers=20, event_handlers=None, ignore_user_meta=False, metas=['./colcon.meta'], base_paths=['.'], packages_ignore=None, packages_ignore_regex=None, paths=None, packages_up_to=None, packages_up_to_regex=None, packages_above=None, packages_above_and_dependencies=None, packages_above_depth=None, packages_select_by_dep=None, packages_skip_by_dep=None, packages_skip_up_to=None, packages_select_build_failed=False, packages_skip_build_finished=False, packages_select_test_failures=False, packages_skip_test_passed=False, packages_select=None, packages_skip=None, packages_select_regex=None, packages_skip_regex=None, packages_start=None, packages_end=None, allow_overriding=[], cmake_args=None, cmake_target=None, cmake_target_skip_unavailable=False, cmake_clean_cache=False, cmake_clean_first=False, cmake_force_configure=False, ament_cmake_args=None, catkin_cmake_args=None, catkin_skip_building_tests=False, mixin_files=None, mixin=None, verb_parser=<colcon_mixin.mixin.mixin_argument.MixinArgumentDecorator object at 0x7d1e2b45f0d0>, verb_extension=<colcon_core.verb.build.BuildVerb object at 0x7d1e2b45eb30>, main=<bound method BuildVerb.main of <colcon_core.verb.build.BuildVerb object at 0x7d1e2b45eb30>>, mixin_verb=('build',))[0m
[0.089s] [34mcolcon.colcon_core.package_discovery[0m [1;30mLevel 1[0m discover_packages(colcon_meta) check parameters
[0.090s] [34mcolcon.colcon_core.package_discovery[0m [1;30mLevel 1[0m discover_packages(recursive) check parameters
[0.090s] [34mcolcon.colcon_core.package_discovery[0m [1;30mLevel 1[0m discover_packages(ignore) check parameters
[0.090s] [34mcolcon.colcon_core.package_discovery[0m [1;30mLevel 1[0m discover_packages(path) check parameters
[0.090s] [34mcolcon.colcon_core.package_discovery[0m [1;30mLevel 1[0m discover_packages(colcon_meta) discover
[0.090s] [34mcolcon.colcon_core.package_discovery[0m [1;30mLevel 1[0m discover_packages(recursive) discover
[0.090s] [34mcolcon.colcon_core.package_discovery[0m [1;30mINFO[0m Crawling recursively for packages in '/home/mi/FishRos/chapt6/chapt6_ws'
[0.090s] [34mcolcon.colcon_core.package_identification[0m [1;30mLevel 1[0m _identify(.) by extensions ['ignore', 'ignore_ament_install']
[0.090s] [34mcolcon.colcon_core.package_identification[0m [1;30mLevel 1[0m _identify(.) by extension 'ignore'
[0.090s] [34mcolcon.colcon_core.package_identification[0m [1;30mLevel 1[0m _identify(.) by extension 'ignore_ament_install'
[0.090s] [34mcolcon.colcon_core.package_identification[0m [1;30mLevel 1[0m _identify(.) by extensions ['colcon_pkg']
[0.090s] [34mcolcon.colcon_core.package_identification[0m [1;30mLevel 1[0m _identify(.) by extension 'colcon_pkg'
[0.090s] [34mcolcon.colcon_core.package_identification[0m [1;30mLevel 1[0m _identify(.) by extensions ['colcon_meta']
[0.090s] [34mcolcon.colcon_core.package_identification[0m [1;30mLevel 1[0m _identify(.) by extension 'colcon_meta'
[0.090s] [34mcolcon.colcon_core.package_identification[0m [1;30mLevel 1[0m _identify(.) by extensions ['ros']
[0.090s] [34mcolcon.colcon_core.package_identification[0m [1;30mLevel 1[0m _identify(.) by extension 'ros'
[0.098s] [34mcolcon.colcon_core.package_identification[0m [1;30mLevel 1[0m _identify(.) by extensions ['cmake', 'python']
[0.098s] [34mcolcon.colcon_core.package_identification[0m [1;30mLevel 1[0m _identify(.) by extension 'cmake'
[0.098s] [34mcolcon.colcon_core.package_identification[0m [1;30mLevel 1[0m _identify(.) by extension 'python'
[0.098s] [34mcolcon.colcon_core.package_identification[0m [1;30mLevel 1[0m _identify(.) by extensions ['python_setup_py']
[0.098s] [34mcolcon.colcon_core.package_identification[0m [1;30mLevel 1[0m _identify(.) by extension 'python_setup_py'
[0.099s] [34mcolcon.colcon_core.package_identification[0m [1;30mLevel 1[0m _identify(build) by extensions ['ignore', 'ignore_ament_install']
[0.099s] [34mcolcon.colcon_core.package_identification[0m [1;30mLevel 1[0m _identify(build) by extension 'ignore'
[0.099s] [34mcolcon.colcon_core.package_identification[0m [1;30mLevel 1[0m _identify(build) ignored
[0.099s] [34mcolcon.colcon_core.package_identification[0m [1;30mLevel 1[0m _identify(install) by extensions ['ignore', 'ignore_ament_install']
[0.099s] [34mcolcon.colcon_core.package_identification[0m [1;30mLevel 1[0m _identify(install) by extension 'ignore'
[0.099s] [34mcolcon.colcon_core.package_identification[0m [1;30mLevel 1[0m _identify(install) ignored
[0.099s] [34mcolcon.colcon_core.package_identification[0m [1;30mLevel 1[0m _identify(log) by extensions ['ignore', 'ignore_ament_install']
[0.099s] [34mcolcon.colcon_core.package_identification[0m [1;30mLevel 1[0m _identify(log) by extension 'ignore'
[0.099s] [34mcolcon.colcon_core.package_identification[0m [1;30mLevel 1[0m _identify(log) ignored
[0.099s] [34mcolcon.colcon_core.package_identification[0m [1;30mLevel 1[0m _identify(src) by extensions ['ignore', 'ignore_ament_install']
[0.099s] [34mcolcon.colcon_core.package_identification[0m [1;30mLevel 1[0m _identify(src) by extension 'ignore'
[0.099s] [34mcolcon.colcon_core.package_identification[0m [1;30mLevel 1[0m _identify(src) by extension 'ignore_ament_install'
[0.099s] [34mcolcon.colcon_core.package_identification[0m [1;30mLevel 1[0m _identify(src) by extensions ['colcon_pkg']
[0.099s] [34mcolcon.colcon_core.package_identification[0m [1;30mLevel 1[0m _identify(src) by extension 'colcon_pkg'
[0.099s] [34mcolcon.colcon_core.package_identification[0m [1;30mLevel 1[0m _identify(src) by extensions ['colcon_meta']
[0.099s] [34mcolcon.colcon_core.package_identification[0m [1;30mLevel 1[0m _identify(src) by extension 'colcon_meta'
[0.099s] [34mcolcon.colcon_core.package_identification[0m [1;30mLevel 1[0m _identify(src) by extensions ['ros']
[0.099s] [34mcolcon.colcon_core.package_identification[0m [1;30mLevel 1[0m _identify(src) by extension 'ros'
[0.099s] [34mcolcon.colcon_core.package_identification[0m [1;30mLevel 1[0m _identify(src) by extensions ['cmake', 'python']
[0.099s] [34mcolcon.colcon_core.package_identification[0m [1;30mLevel 1[0m _identify(src) by extension 'cmake'
[0.099s] [34mcolcon.colcon_core.package_identification[0m [1;30mLevel 1[0m _identify(src) by extension 'python'
[0.099s] [34mcolcon.colcon_core.package_identification[0m [1;30mLevel 1[0m _identify(src) by extensions ['python_setup_py']
[0.099s] [34mcolcon.colcon_core.package_identification[0m [1;30mLevel 1[0m _identify(src) by extension 'python_setup_py'
[0.099s] [34mcolcon.colcon_core.package_identification[0m [1;30mLevel 1[0m _identify(src/fishbot_description) by extensions ['ignore', 'ignore_ament_install']
[0.099s] [34mcolcon.colcon_core.package_identification[0m [1;30mLevel 1[0m _identify(src/fishbot_description) by extension 'ignore'
[0.099s] [34mcolcon.colcon_core.package_identification[0m [1;30mLevel 1[0m _identify(src/fishbot_description) by extension 'ignore_ament_install'
[0.099s] [34mcolcon.colcon_core.package_identification[0m [1;30mLevel 1[0m _identify(src/fishbot_description) by extensions ['colcon_pkg']
[0.099s] [34mcolcon.colcon_core.package_identification[0m [1;30mLevel 1[0m _identify(src/fishbot_description) by extension 'colcon_pkg'
[0.099s] [34mcolcon.colcon_core.package_identification[0m [1;30mLevel 1[0m _identify(src/fishbot_description) by extensions ['colcon_meta']
[0.099s] [34mcolcon.colcon_core.package_identification[0m [1;30mLevel 1[0m _identify(src/fishbot_description) by extension 'colcon_meta'
[0.099s] [34mcolcon.colcon_core.package_identification[0m [1;30mLevel 1[0m _identify(src/fishbot_description) by extensions ['ros']
[0.099s] [34mcolcon.colcon_core.package_identification[0m [1;30mLevel 1[0m _identify(src/fishbot_description) by extension 'ros'
[0.101s] [34mcolcon.colcon_core.package_identification[0m [1;30mDEBUG[0m [32mPackage 'src/fishbot_description' with type 'ros.ament_cmake' and name 'fishbot_description'[0m
[0.101s] [34mcolcon.colcon_core.package_discovery[0m [1;30mLevel 1[0m discover_packages(recursive) using defaults
[0.101s] [34mcolcon.colcon_core.package_discovery[0m [1;30mLevel 1[0m discover_packages(ignore) discover
[0.101s] [34mcolcon.colcon_core.package_discovery[0m [1;30mLevel 1[0m discover_packages(ignore) using defaults
[0.101s] [34mcolcon.colcon_core.package_discovery[0m [1;30mLevel 1[0m discover_packages(path) discover
[0.101s] [34mcolcon.colcon_core.package_discovery[0m [1;30mLevel 1[0m discover_packages(path) using defaults
[0.110s] [34mcolcon.colcon_core.package_discovery[0m [1;30mLevel 1[0m discover_packages(prefix_path) check parameters
[0.110s] [34mcolcon.colcon_core.package_discovery[0m [1;30mLevel 1[0m discover_packages(prefix_path) discover
[0.111s] [34mcolcon.colcon_installed_package_information.package_discovery[0m [1;30mDEBUG[0m [32mFound 1 installed packages in /home/mi/FishRos/chapt6/chapt6_ws/install[0m
[0.112s] [34mcolcon.colcon_installed_package_information.package_discovery[0m [1;30mDEBUG[0m [32mFound 21 installed packages in /home/mi/dev_ws/install[0m
[0.112s] [34mcolcon.colcon_installed_package_information.package_discovery[0m [1;30mDEBUG[0m [32mFound 362 installed packages in /opt/ros/humble[0m
[0.113s] [34mcolcon.colcon_core.package_discovery[0m [1;30mLevel 1[0m discover_packages(prefix_path) using defaults
[0.135s] [34mcolcon.colcon_core.verb[0m [1;30mLevel 5[0m set package 'fishbot_description' build argument 'cmake_args' from command line to 'None'
[0.136s] [34mcolcon.colcon_core.verb[0m [1;30mLevel 5[0m set package 'fishbot_description' build argument 'cmake_target' from command line to 'None'
[0.136s] [34mcolcon.colcon_core.verb[0m [1;30mLevel 5[0m set package 'fishbot_description' build argument 'cmake_target_skip_unavailable' from command line to 'False'
[0.136s] [34mcolcon.colcon_core.verb[0m [1;30mLevel 5[0m set package 'fishbot_description' build argument 'cmake_clean_cache' from command line to 'False'
[0.136s] [34mcolcon.colcon_core.verb[0m [1;30mLevel 5[0m set package 'fishbot_description' build argument 'cmake_clean_first' from command line to 'False'
[0.136s] [34mcolcon.colcon_core.verb[0m [1;30mLevel 5[0m set package 'fishbot_description' build argument 'cmake_force_configure' from command line to 'False'
[0.136s] [34mcolcon.colcon_core.verb[0m [1;30mLevel 5[0m set package 'fishbot_description' build argument 'ament_cmake_args' from command line to 'None'
[0.136s] [34mcolcon.colcon_core.verb[0m [1;30mLevel 5[0m set package 'fishbot_description' build argument 'catkin_cmake_args' from command line to 'None'
[0.136s] [34mcolcon.colcon_core.verb[0m [1;30mLevel 5[0m set package 'fishbot_description' build argument 'catkin_skip_building_tests' from command line to 'False'
[0.136s] [34mcolcon.colcon_core.verb[0m [1;30mDEBUG[0m [32mBuilding package 'fishbot_description' with the following arguments: {'ament_cmake_args': None, 'build_base': '/home/mi/FishRos/chapt6/chapt6_ws/build/fishbot_description', 'catkin_cmake_args': None, 'catkin_skip_building_tests': False, 'cmake_args': None, 'cmake_clean_cache': False, 'cmake_clean_first': False, 'cmake_force_configure': False, 'cmake_target': None, 'cmake_target_skip_unavailable': False, 'install_base': '/home/mi/FishRos/chapt6/chapt6_ws/install/fishbot_description', 'merge_install': False, 'path': '/home/mi/FishRos/chapt6/chapt6_ws/src/fishbot_description', 'symlink_install': False, 'test_result_base': None}[0m
[0.136s] [34mcolcon.colcon_core.executor[0m [1;30mINFO[0m Executing jobs using 'parallel' executor
[0.136s] [34mcolcon.colcon_parallel_executor.executor.parallel[0m [1;30mDEBUG[0m [32mrun_until_complete[0m
[0.137s] [34mcolcon.colcon_ros.task.ament_cmake.build[0m [1;30mINFO[0m Building ROS package in '/home/mi/FishRos/chapt6/chapt6_ws/src/fishbot_description' with build type 'ament_cmake'
[0.137s] [34mcolcon.colcon_cmake.task.cmake.build[0m [1;30mINFO[0m Building CMake package in '/home/mi/FishRos/chapt6/chapt6_ws/src/fishbot_description'
[0.138s] [34mcolcon.colcon_core.plugin_system[0m [1;30mINFO[0m Skipping extension 'colcon_core.shell.bat': Not used on non-Windows systems
[0.138s] [34mcolcon.colcon_core.shell[0m [1;30mINFO[0m Skip shell extension 'powershell' for command environment: Not usable outside of PowerShell
[0.138s] [34mcolcon.colcon_core.shell[0m [1;30mDEBUG[0m [32mSkip shell extension 'dsv' for command environment[0m
[0.144s] [34mcolcon.colcon_core.event_handler.log_command[0m [1;30mDEBUG[0m [32mInvoking command in '/home/mi/FishRos/chapt6/chapt6_ws/build/fishbot_description': CMAKE_PREFIX_PATH=${CMAKE_PREFIX_PATH}:/opt/ros/humble:/home/mi/dev_ws/install/learning_urdf:/home/mi/dev_ws/install/learning_topic:/home/mi/dev_ws/install/learning_tf:/home/mi/dev_ws/install/learning_service:/home/mi/dev_ws/install/learning_qos:/home/mi/dev_ws/install/learning_pkg_python:/home/mi/dev_ws/install/learning_parameter:/home/mi/dev_ws/install/learning_node:/home/mi/dev_ws/install/learning_launch:/home/mi/dev_ws/install/learning_action:/home/mi/dev_ws/install/learning_gazebo_harmonic:/home/mi/dev_ws/install/learning_gazebo:/home/mi/dev_ws/install/learning_cv /usr/bin/cmake --build /home/mi/FishRos/chapt6/chapt6_ws/build/fishbot_description -- -j20 -l20[0m
[0.171s] [34mcolcon.colcon_core.event_handler.log_command[0m [1;30mDEBUG[0m [32mInvoked command in '/home/mi/FishRos/chapt6/chapt6_ws/build/fishbot_description' returned '0': CMAKE_PREFIX_PATH=${CMAKE_PREFIX_PATH}:/opt/ros/humble:/home/mi/dev_ws/install/learning_urdf:/home/mi/dev_ws/install/learning_topic:/home/mi/dev_ws/install/learning_tf:/home/mi/dev_ws/install/learning_service:/home/mi/dev_ws/install/learning_qos:/home/mi/dev_ws/install/learning_pkg_python:/home/mi/dev_ws/install/learning_parameter:/home/mi/dev_ws/install/learning_node:/home/mi/dev_ws/install/learning_launch:/home/mi/dev_ws/install/learning_action:/home/mi/dev_ws/install/learning_gazebo_harmonic:/home/mi/dev_ws/install/learning_gazebo:/home/mi/dev_ws/install/learning_cv /usr/bin/cmake --build /home/mi/FishRos/chapt6/chapt6_ws/build/fishbot_description -- -j20 -l20[0m
[0.177s] [34mcolcon.colcon_core.event_handler.log_command[0m [1;30mDEBUG[0m [32mInvoking command in '/home/mi/FishRos/chapt6/chapt6_ws/build/fishbot_description': CMAKE_PREFIX_PATH=${CMAKE_PREFIX_PATH}:/opt/ros/humble:/home/mi/dev_ws/install/learning_urdf:/home/mi/dev_ws/install/learning_topic:/home/mi/dev_ws/install/learning_tf:/home/mi/dev_ws/install/learning_service:/home/mi/dev_ws/install/learning_qos:/home/mi/dev_ws/install/learning_pkg_python:/home/mi/dev_ws/install/learning_parameter:/home/mi/dev_ws/install/learning_node:/home/mi/dev_ws/install/learning_launch:/home/mi/dev_ws/install/learning_action:/home/mi/dev_ws/install/learning_gazebo_harmonic:/home/mi/dev_ws/install/learning_gazebo:/home/mi/dev_ws/install/learning_cv /usr/bin/cmake --install /home/mi/FishRos/chapt6/chapt6_ws/build/fishbot_description[0m
[0.184s] [34mcolcon.colcon_core.environment[0m [1;30mLevel 1[0m create_environment_scripts_only(fishbot_description)
[0.184s] [34mcolcon.colcon_core.event_handler.log_command[0m [1;30mDEBUG[0m [32mInvoked command in '/home/mi/FishRos/chapt6/chapt6_ws/build/fishbot_description' returned '0': CMAKE_PREFIX_PATH=${CMAKE_PREFIX_PATH}:/opt/ros/humble:/home/mi/dev_ws/install/learning_urdf:/home/mi/dev_ws/install/learning_topic:/home/mi/dev_ws/install/learning_tf:/home/mi/dev_ws/install/learning_service:/home/mi/dev_ws/install/learning_qos:/home/mi/dev_ws/install/learning_pkg_python:/home/mi/dev_ws/install/learning_parameter:/home/mi/dev_ws/install/learning_node:/home/mi/dev_ws/install/learning_launch:/home/mi/dev_ws/install/learning_action:/home/mi/dev_ws/install/learning_gazebo_harmonic:/home/mi/dev_ws/install/learning_gazebo:/home/mi/dev_ws/install/learning_cv /usr/bin/cmake --install /home/mi/FishRos/chapt6/chapt6_ws/build/fishbot_description[0m
[0.185s] [34mcolcon.colcon_core.environment[0m [1;30mLevel 1[0m checking '/home/mi/FishRos/chapt6/chapt6_ws/install/fishbot_description' for CMake module files
[0.185s] [34mcolcon.colcon_core.environment[0m [1;30mLevel 1[0m checking '/home/mi/FishRos/chapt6/chapt6_ws/install/fishbot_description' for CMake config files
[0.185s] [34mcolcon.colcon_core.shell[0m [1;30mLevel 1[0m create_environment_hook('fishbot_description', 'cmake_prefix_path')
[0.186s] [34mcolcon.colcon_core.shell[0m [1;30mINFO[0m Creating environment hook '/home/mi/FishRos/chapt6/chapt6_ws/install/fishbot_description/share/fishbot_description/hook/cmake_prefix_path.ps1'
[0.186s] [34mcolcon.colcon_core.shell[0m [1;30mINFO[0m Creating environment descriptor '/home/mi/FishRos/chapt6/chapt6_ws/install/fishbot_description/share/fishbot_description/hook/cmake_prefix_path.dsv'
[0.186s] [34mcolcon.colcon_core.shell[0m [1;30mINFO[0m Creating environment hook '/home/mi/FishRos/chapt6/chapt6_ws/install/fishbot_description/share/fishbot_description/hook/cmake_prefix_path.sh'
[0.187s] [34mcolcon.colcon_core.environment[0m [1;30mLevel 1[0m checking '/home/mi/FishRos/chapt6/chapt6_ws/install/fishbot_description/bin'
[0.187s] [34mcolcon.colcon_core.environment[0m [1;30mLevel 1[0m checking '/home/mi/FishRos/chapt6/chapt6_ws/install/fishbot_description/lib/pkgconfig/fishbot_description.pc'
[0.187s] [34mcolcon.colcon_core.environment[0m [1;30mLevel 1[0m checking '/home/mi/FishRos/chapt6/chapt6_ws/install/fishbot_description/lib/python3.10/site-packages'
[0.187s] [34mcolcon.colcon_core.environment[0m [1;30mLevel 1[0m checking '/home/mi/FishRos/chapt6/chapt6_ws/install/fishbot_description/bin'
[0.187s] [34mcolcon.colcon_core.shell[0m [1;30mINFO[0m Creating package script '/home/mi/FishRos/chapt6/chapt6_ws/install/fishbot_description/share/fishbot_description/package.ps1'
[0.187s] [34mcolcon.colcon_core.shell[0m [1;30mINFO[0m Creating package descriptor '/home/mi/FishRos/chapt6/chapt6_ws/install/fishbot_description/share/fishbot_description/package.dsv'
[0.188s] [34mcolcon.colcon_core.shell[0m [1;30mINFO[0m Creating package script '/home/mi/FishRos/chapt6/chapt6_ws/install/fishbot_description/share/fishbot_description/package.sh'
[0.188s] [34mcolcon.colcon_core.shell[0m [1;30mINFO[0m Creating package script '/home/mi/FishRos/chapt6/chapt6_ws/install/fishbot_description/share/fishbot_description/package.bash'
[0.188s] [34mcolcon.colcon_core.shell[0m [1;30mINFO[0m Creating package script '/home/mi/FishRos/chapt6/chapt6_ws/install/fishbot_description/share/fishbot_description/package.zsh'
[0.189s] [34mcolcon.colcon_core.environment[0m [1;30mLevel 1[0m create_file_with_runtime_dependencies(/home/mi/FishRos/chapt6/chapt6_ws/install/fishbot_description/share/colcon-core/packages/fishbot_description)
[0.189s] [34mcolcon.colcon_core.environment[0m [1;30mLevel 1[0m create_environment_scripts_only(fishbot_description)
[0.189s] [34mcolcon.colcon_core.environment[0m [1;30mLevel 1[0m checking '/home/mi/FishRos/chapt6/chapt6_ws/install/fishbot_description' for CMake module files
[0.189s] [34mcolcon.colcon_core.environment[0m [1;30mLevel 1[0m checking '/home/mi/FishRos/chapt6/chapt6_ws/install/fishbot_description' for CMake config files
[0.189s] [34mcolcon.colcon_core.shell[0m [1;30mLevel 1[0m create_environment_hook('fishbot_description', 'cmake_prefix_path')
[0.189s] [34mcolcon.colcon_core.shell[0m [1;30mINFO[0m Creating environment hook '/home/mi/FishRos/chapt6/chapt6_ws/install/fishbot_description/share/fishbot_description/hook/cmake_prefix_path.ps1'
[0.190s] [34mcolcon.colcon_core.shell[0m [1;30mINFO[0m Creating environment descriptor '/home/mi/FishRos/chapt6/chapt6_ws/install/fishbot_description/share/fishbot_description/hook/cmake_prefix_path.dsv'
[0.190s] [34mcolcon.colcon_core.shell[0m [1;30mINFO[0m Creating environment hook '/home/mi/FishRos/chapt6/chapt6_ws/install/fishbot_description/share/fishbot_description/hook/cmake_prefix_path.sh'
[0.190s] [34mcolcon.colcon_core.environment[0m [1;30mLevel 1[0m checking '/home/mi/FishRos/chapt6/chapt6_ws/install/fishbot_description/bin'
[0.190s] [34mcolcon.colcon_core.environment[0m [1;30mLevel 1[0m checking '/home/mi/FishRos/chapt6/chapt6_ws/install/fishbot_description/lib/pkgconfig/fishbot_description.pc'
[0.190s] [34mcolcon.colcon_core.environment[0m [1;30mLevel 1[0m checking '/home/mi/FishRos/chapt6/chapt6_ws/install/fishbot_description/lib/python3.10/site-packages'
[0.190s] [34mcolcon.colcon_core.environment[0m [1;30mLevel 1[0m checking '/home/mi/FishRos/chapt6/chapt6_ws/install/fishbot_description/bin'
[0.190s] [34mcolcon.colcon_core.shell[0m [1;30mINFO[0m Creating package script '/home/mi/FishRos/chapt6/chapt6_ws/install/fishbot_description/share/fishbot_description/package.ps1'
[0.191s] [34mcolcon.colcon_core.shell[0m [1;30mINFO[0m Creating package descriptor '/home/mi/FishRos/chapt6/chapt6_ws/install/fishbot_description/share/fishbot_description/package.dsv'
[0.191s] [34mcolcon.colcon_core.shell[0m [1;30mINFO[0m Creating package script '/home/mi/FishRos/chapt6/chapt6_ws/install/fishbot_description/share/fishbot_description/package.sh'
[0.191s] [34mcolcon.colcon_core.shell[0m [1;30mINFO[0m Creating package script '/home/mi/FishRos/chapt6/chapt6_ws/install/fishbot_description/share/fishbot_description/package.bash'
[0.191s] [34mcolcon.colcon_core.shell[0m [1;30mINFO[0m Creating package script '/home/mi/FishRos/chapt6/chapt6_ws/install/fishbot_description/share/fishbot_description/package.zsh'
[0.191s] [34mcolcon.colcon_core.environment[0m [1;30mLevel 1[0m create_file_with_runtime_dependencies(/home/mi/FishRos/chapt6/chapt6_ws/install/fishbot_description/share/colcon-core/packages/fishbot_description)
[0.192s] [34mcolcon.colcon_parallel_executor.executor.parallel[0m [1;30mDEBUG[0m [32mclosing loop[0m
[0.192s] [34mcolcon.colcon_parallel_executor.executor.parallel[0m [1;30mDEBUG[0m [32mloop closed[0m
[0.192s] [34mcolcon.colcon_parallel_executor.executor.parallel[0m [1;30mDEBUG[0m [32mrun_until_complete finished with '0'[0m
[0.192s] [34mcolcon.colcon_core.event_reactor[0m [1;30mDEBUG[0m [32mjoining thread[0m
[0.195s] [34mcolcon.colcon_core.plugin_system[0m [1;30mINFO[0m Skipping extension 'colcon_notification.desktop_notification.terminal_notifier': Not used on non-Darwin systems
[0.195s] [34mcolcon.colcon_core.plugin_system[0m [1;30mINFO[0m Skipping extension 'colcon_notification.desktop_notification.win32': Not used on non-Windows systems
[0.195s] [34mcolcon.colcon_notification.desktop_notification[0m [1;30mINFO[0m Sending desktop notification using 'notify2'
[0.203s] [34mcolcon.colcon_core.event_reactor[0m [1;30mDEBUG[0m [32mjoined thread[0m
[0.203s] [34mcolcon.colcon_core.shell[0m [1;30mINFO[0m Creating prefix script '/home/mi/FishRos/chapt6/chapt6_ws/install/local_setup.ps1'
[0.204s] [34mcolcon.colcon_core.shell[0m [1;30mINFO[0m Creating prefix util module '/home/mi/FishRos/chapt6/chapt6_ws/install/_local_setup_util_ps1.py'
[0.204s] [34mcolcon.colcon_core.shell[0m [1;30mINFO[0m Creating prefix chain script '/home/mi/FishRos/chapt6/chapt6_ws/install/setup.ps1'
[0.206s] [34mcolcon.colcon_core.shell[0m [1;30mINFO[0m Creating prefix script '/home/mi/FishRos/chapt6/chapt6_ws/install/local_setup.sh'
[0.206s] [34mcolcon.colcon_core.shell[0m [1;30mINFO[0m Creating prefix util module '/home/mi/FishRos/chapt6/chapt6_ws/install/_local_setup_util_sh.py'
[0.207s] [34mcolcon.colcon_core.shell[0m [1;30mINFO[0m Creating prefix chain script '/home/mi/FishRos/chapt6/chapt6_ws/install/setup.sh'
[0.208s] [34mcolcon.colcon_core.shell[0m [1;30mINFO[0m Creating prefix script '/home/mi/FishRos/chapt6/chapt6_ws/install/local_setup.bash'
[0.208s] [34mcolcon.colcon_core.shell[0m [1;30mINFO[0m Creating prefix chain script '/home/mi/FishRos/chapt6/chapt6_ws/install/setup.bash'
[0.217s] [34mcolcon.colcon_core.shell[0m [1;30mINFO[0m Creating prefix script '/home/mi/FishRos/chapt6/chapt6_ws/install/local_setup.zsh'
[0.217s] [34mcolcon.colcon_core.shell[0m [1;30mINFO[0m Creating prefix chain script '/home/mi/FishRos/chapt6/chapt6_ws/install/setup.zsh'
