[0.555s] Invoking command in '/home/mi/FishRos/chapter3/topic_ws/src/demo_python_topic': CONDA_PROMPT_MODIFIER=(base) PYTHONPATH=/home/mi/FishRos/chapter3/topic_ws/build/demo_python_topic/prefix_override:/usr/lib/python3/dist-packages/colcon_core/task/python/colcon_distutils_commands:/home/mi/FishRos/chapter3/topic_ws/install/demo_python_topic/lib/python3.10/site-packages:${PYTHONPATH} /usr/bin/python3 -W ignore:setup.py install is deprecated -W ignore:easy_install command is deprecated setup.py egg_info --egg-base ../../build/demo_python_topic build --build-base /home/mi/FishRos/chapter3/topic_ws/build/demo_python_topic/build install --record /home/mi/FishRos/chapter3/topic_ws/build/demo_python_topic/install.log --single-version-externally-managed install_data
[0.703s] running egg_info
[0.703s] creating ../../build/demo_python_topic/demo_python_topic.egg-info
[0.713s] writing ../../build/demo_python_topic/demo_python_topic.egg-info/PKG-INFO
[0.713s] writing dependency_links to ../../build/demo_python_topic/demo_python_topic.egg-info/dependency_links.txt
[0.713s] writing requirements to ../../build/demo_python_topic/demo_python_topic.egg-info/requires.txt
[0.713s] writing top-level names to ../../build/demo_python_topic/demo_python_topic.egg-info/top_level.txt
[0.713s] writing manifest file '../../build/demo_python_topic/demo_python_topic.egg-info/SOURCES.txt'
[0.732s] reading manifest file '../../build/demo_python_topic/demo_python_topic.egg-info/SOURCES.txt'
[0.732s] adding license file 'LICENSE'
[0.733s] writing manifest file '../../build/demo_python_topic/demo_python_topic.egg-info/SOURCES.txt'
[0.733s] running build
[0.733s] running build_py
[0.733s] creating /home/mi/FishRos/chapter3/topic_ws/build/demo_python_topic/build
[0.733s] creating /home/mi/FishRos/chapter3/topic_ws/build/demo_python_topic/build/lib
[0.733s] creating /home/mi/FishRos/chapter3/topic_ws/build/demo_python_topic/build/lib/demo_python_topic
[0.733s] copying demo_python_topic/__init__.py -> /home/mi/FishRos/chapter3/topic_ws/build/demo_python_topic/build/lib/demo_python_topic
[0.733s] running install
[0.736s] running install_lib
[0.746s] creating /home/mi/FishRos/chapter3/topic_ws/install/demo_python_topic/lib/python3.10/site-packages/demo_python_topic
[0.746s] copying /home/mi/FishRos/chapter3/topic_ws/build/demo_python_topic/build/lib/demo_python_topic/__init__.py -> /home/mi/FishRos/chapter3/topic_ws/install/demo_python_topic/lib/python3.10/site-packages/demo_python_topic
[0.746s] byte-compiling /home/mi/FishRos/chapter3/topic_ws/install/demo_python_topic/lib/python3.10/site-packages/demo_python_topic/__init__.py to __init__.cpython-310.pyc
[0.746s] running install_data
[0.746s] creating /home/mi/FishRos/chapter3/topic_ws/install/demo_python_topic/share/ament_index
[0.746s] creating /home/mi/FishRos/chapter3/topic_ws/install/demo_python_topic/share/ament_index/resource_index
[0.747s] creating /home/mi/FishRos/chapter3/topic_ws/install/demo_python_topic/share/ament_index/resource_index/packages
[0.747s] copying resource/demo_python_topic -> /home/mi/FishRos/chapter3/topic_ws/install/demo_python_topic/share/ament_index/resource_index/packages
[0.747s] copying package.xml -> /home/mi/FishRos/chapter3/topic_ws/install/demo_python_topic/share/demo_python_topic
[0.747s] running install_egg_info
[0.757s] Copying ../../build/demo_python_topic/demo_python_topic.egg-info to /home/mi/FishRos/chapter3/topic_ws/install/demo_python_topic/lib/python3.10/site-packages/demo_python_topic-0.0.0-py3.10.egg-info
[0.757s] running install_scripts
[0.853s] writing list of installed files to '/home/mi/FishRos/chapter3/topic_ws/build/demo_python_topic/install.log'
[0.870s] Invoked command in '/home/mi/FishRos/chapter3/topic_ws/src/demo_python_topic' returned '0': CONDA_PROMPT_MODIFIER=(base) PYTHONPATH=/home/mi/FishRos/chapter3/topic_ws/build/demo_python_topic/prefix_override:/usr/lib/python3/dist-packages/colcon_core/task/python/colcon_distutils_commands:/home/mi/FishRos/chapter3/topic_ws/install/demo_python_topic/lib/python3.10/site-packages:${PYTHONPATH} /usr/bin/python3 -W ignore:setup.py install is deprecated -W ignore:easy_install command is deprecated setup.py egg_info --egg-base ../../build/demo_python_topic build --build-base /home/mi/FishRos/chapter3/topic_ws/build/demo_python_topic/build install --record /home/mi/FishRos/chapter3/topic_ws/build/demo_python_topic/install.log --single-version-externally-managed install_data
