[0.547s] Invoking command in '/home/mi/FishRos/chapter5/chapt5_ws/src/demo_python_tf': CONDA_PROMPT_MODIFIER=(base) PYTHONPATH=/home/mi/FishRos/chapter5/chapt5_ws/build/demo_python_tf/prefix_override:/usr/lib/python3/dist-packages/colcon_core/task/python/colcon_distutils_commands:/home/mi/FishRos/chapter5/chapt5_ws/install/demo_python_tf/lib/python3.10/site-packages:${PYTHONPATH} /usr/bin/python3 -W ignore:setup.py install is deprecated -W ignore:easy_install command is deprecated setup.py egg_info --egg-base ../../build/demo_python_tf build --build-base /home/mi/FishRos/chapter5/chapt5_ws/build/demo_python_tf/build install --record /home/mi/FishRos/chapter5/chapt5_ws/build/demo_python_tf/install.log --single-version-externally-managed install_data
[0.681s] running egg_info
[0.690s] writing ../../build/demo_python_tf/demo_python_tf.egg-info/PKG-INFO
[0.690s] writing dependency_links to ../../build/demo_python_tf/demo_python_tf.egg-info/dependency_links.txt
[0.690s] writing entry points to ../../build/demo_python_tf/demo_python_tf.egg-info/entry_points.txt
[0.690s] writing requirements to ../../build/demo_python_tf/demo_python_tf.egg-info/requires.txt
[0.691s] writing top-level names to ../../build/demo_python_tf/demo_python_tf.egg-info/top_level.txt
[0.709s] reading manifest file '../../build/demo_python_tf/demo_python_tf.egg-info/SOURCES.txt'
[0.710s] adding license file 'LICENSE'
[0.710s] writing manifest file '../../build/demo_python_tf/demo_python_tf.egg-info/SOURCES.txt'
[0.710s] running build
[0.710s] running build_py
[0.710s] copying demo_python_tf/static_tf_broadcaster.py -> /home/mi/FishRos/chapter5/chapt5_ws/build/demo_python_tf/build/lib/demo_python_tf
[0.710s] running install
[0.714s] running install_lib
[0.723s] copying /home/mi/FishRos/chapter5/chapt5_ws/build/demo_python_tf/build/lib/demo_python_tf/static_tf_broadcaster.py -> /home/mi/FishRos/chapter5/chapt5_ws/install/demo_python_tf/lib/python3.10/site-packages/demo_python_tf
[0.724s] byte-compiling /home/mi/FishRos/chapter5/chapt5_ws/install/demo_python_tf/lib/python3.10/site-packages/demo_python_tf/static_tf_broadcaster.py to static_tf_broadcaster.cpython-310.pyc
[0.724s] running install_data
[0.724s] running install_egg_info
[0.734s] removing '/home/mi/FishRos/chapter5/chapt5_ws/install/demo_python_tf/lib/python3.10/site-packages/demo_python_tf-0.0.0-py3.10.egg-info' (and everything under it)
[0.734s] Copying ../../build/demo_python_tf/demo_python_tf.egg-info to /home/mi/FishRos/chapter5/chapt5_ws/install/demo_python_tf/lib/python3.10/site-packages/demo_python_tf-0.0.0-py3.10.egg-info
[0.735s] running install_scripts
[0.837s] Installing static_tf_broadcaster script to /home/mi/FishRos/chapter5/chapt5_ws/install/demo_python_tf/lib/demo_python_tf
[0.837s] writing list of installed files to '/home/mi/FishRos/chapter5/chapt5_ws/build/demo_python_tf/install.log'
[0.851s] Invoked command in '/home/mi/FishRos/chapter5/chapt5_ws/src/demo_python_tf' returned '0': CONDA_PROMPT_MODIFIER=(base) PYTHONPATH=/home/mi/FishRos/chapter5/chapt5_ws/build/demo_python_tf/prefix_override:/usr/lib/python3/dist-packages/colcon_core/task/python/colcon_distutils_commands:/home/mi/FishRos/chapter5/chapt5_ws/install/demo_python_tf/lib/python3.10/site-packages:${PYTHONPATH} /usr/bin/python3 -W ignore:setup.py install is deprecated -W ignore:easy_install command is deprecated setup.py egg_info --egg-base ../../build/demo_python_tf build --build-base /home/mi/FishRos/chapter5/chapt5_ws/build/demo_python_tf/build install --record /home/mi/FishRos/chapter5/chapt5_ws/build/demo_python_tf/install.log --single-version-externally-managed install_data
