[0.075s] [34mcolcon[0m [1;30mDEBUG[0m [32mCommand line arguments: ['/usr/bin/colcon', 'build'][0m
[0.075s] [34mcolcon[0m [1;30mDEBUG[0m [32mParsed command line arguments: Namespace(log_base=None, log_level=None, verb_name='build', build_base='build', install_base='install', merge_install=False, symlink_install=False, test_result_base=None, continue_on_error=False, executor='parallel', parallel_workers=20, event_handlers=None, ignore_user_meta=False, metas=['./colcon.meta'], base_paths=['.'], packages_ignore=None, packages_ignore_regex=None, paths=None, packages_up_to=None, packages_up_to_regex=None, packages_above=None, packages_above_and_dependencies=None, packages_above_depth=None, packages_select_by_dep=None, packages_skip_by_dep=None, packages_skip_up_to=None, packages_select_build_failed=False, packages_skip_build_finished=False, packages_select_test_failures=False, packages_skip_test_passed=False, packages_select=None, packages_skip=None, packages_select_regex=None, packages_skip_regex=None, packages_start=None, packages_end=None, allow_overriding=[], cmake_args=None, cmake_target=None, cmake_target_skip_unavailable=False, cmake_clean_cache=False, cmake_clean_first=False, cmake_force_configure=False, ament_cmake_args=None, catkin_cmake_args=None, catkin_skip_building_tests=False, mixin_files=None, mixin=None, verb_parser=<colcon_mixin.mixin.mixin_argument.MixinArgumentDecorator object at 0x7d9bd1a5f4c0>, verb_extension=<colcon_core.verb.build.BuildVerb object at 0x7d9bd1a5ef20>, main=<bound method BuildVerb.main of <colcon_core.verb.build.BuildVerb object at 0x7d9bd1a5ef20>>, mixin_verb=('build',))[0m
[0.097s] [34mcolcon.colcon_core.package_discovery[0m [1;30mLevel 1[0m discover_packages(colcon_meta) check parameters
[0.097s] [34mcolcon.colcon_core.package_discovery[0m [1;30mLevel 1[0m discover_packages(recursive) check parameters
[0.097s] [34mcolcon.colcon_core.package_discovery[0m [1;30mLevel 1[0m discover_packages(ignore) check parameters
[0.097s] [34mcolcon.colcon_core.package_discovery[0m [1;30mLevel 1[0m discover_packages(path) check parameters
[0.097s] [34mcolcon.colcon_core.package_discovery[0m [1;30mLevel 1[0m discover_packages(colcon_meta) discover
[0.097s] [34mcolcon.colcon_core.package_discovery[0m [1;30mLevel 1[0m discover_packages(recursive) discover
[0.097s] [34mcolcon.colcon_core.package_discovery[0m [1;30mINFO[0m Crawling recursively for packages in '/home/mi/FishRos/chapter5/chapt5_ws'
[0.097s] [34mcolcon.colcon_core.package_identification[0m [1;30mLevel 1[0m _identify(.) by extensions ['ignore', 'ignore_ament_install']
[0.097s] [34mcolcon.colcon_core.package_identification[0m [1;30mLevel 1[0m _identify(.) by extension 'ignore'
[0.097s] [34mcolcon.colcon_core.package_identification[0m [1;30mLevel 1[0m _identify(.) by extension 'ignore_ament_install'
[0.097s] [34mcolcon.colcon_core.package_identification[0m [1;30mLevel 1[0m _identify(.) by extensions ['colcon_pkg']
[0.097s] [34mcolcon.colcon_core.package_identification[0m [1;30mLevel 1[0m _identify(.) by extension 'colcon_pkg'
[0.097s] [34mcolcon.colcon_core.package_identification[0m [1;30mLevel 1[0m _identify(.) by extensions ['colcon_meta']
[0.097s] [34mcolcon.colcon_core.package_identification[0m [1;30mLevel 1[0m _identify(.) by extension 'colcon_meta'
[0.097s] [34mcolcon.colcon_core.package_identification[0m [1;30mLevel 1[0m _identify(.) by extensions ['ros']
[0.097s] [34mcolcon.colcon_core.package_identification[0m [1;30mLevel 1[0m _identify(.) by extension 'ros'
[0.106s] [34mcolcon.colcon_core.package_identification[0m [1;30mLevel 1[0m _identify(.) by extensions ['cmake', 'python']
[0.106s] [34mcolcon.colcon_core.package_identification[0m [1;30mLevel 1[0m _identify(.) by extension 'cmake'
[0.106s] [34mcolcon.colcon_core.package_identification[0m [1;30mLevel 1[0m _identify(.) by extension 'python'
[0.106s] [34mcolcon.colcon_core.package_identification[0m [1;30mLevel 1[0m _identify(.) by extensions ['python_setup_py']
[0.106s] [34mcolcon.colcon_core.package_identification[0m [1;30mLevel 1[0m _identify(.) by extension 'python_setup_py'
[0.106s] [34mcolcon.colcon_core.package_identification[0m [1;30mLevel 1[0m _identify(build) by extensions ['ignore', 'ignore_ament_install']
[0.106s] [34mcolcon.colcon_core.package_identification[0m [1;30mLevel 1[0m _identify(build) by extension 'ignore'
[0.106s] [34mcolcon.colcon_core.package_identification[0m [1;30mLevel 1[0m _identify(build) ignored
[0.106s] [34mcolcon.colcon_core.package_identification[0m [1;30mLevel 1[0m _identify(install) by extensions ['ignore', 'ignore_ament_install']
[0.106s] [34mcolcon.colcon_core.package_identification[0m [1;30mLevel 1[0m _identify(install) by extension 'ignore'
[0.106s] [34mcolcon.colcon_core.package_identification[0m [1;30mLevel 1[0m _identify(install) ignored
[0.107s] [34mcolcon.colcon_core.package_identification[0m [1;30mLevel 1[0m _identify(log) by extensions ['ignore', 'ignore_ament_install']
[0.107s] [34mcolcon.colcon_core.package_identification[0m [1;30mLevel 1[0m _identify(log) by extension 'ignore'
[0.107s] [34mcolcon.colcon_core.package_identification[0m [1;30mLevel 1[0m _identify(log) ignored
[0.107s] [34mcolcon.colcon_core.package_identification[0m [1;30mLevel 1[0m _identify(src) by extensions ['ignore', 'ignore_ament_install']
[0.107s] [34mcolcon.colcon_core.package_identification[0m [1;30mLevel 1[0m _identify(src) by extension 'ignore'
[0.107s] [34mcolcon.colcon_core.package_identification[0m [1;30mLevel 1[0m _identify(src) by extension 'ignore_ament_install'
[0.107s] [34mcolcon.colcon_core.package_identification[0m [1;30mLevel 1[0m _identify(src) by extensions ['colcon_pkg']
[0.107s] [34mcolcon.colcon_core.package_identification[0m [1;30mLevel 1[0m _identify(src) by extension 'colcon_pkg'
[0.107s] [34mcolcon.colcon_core.package_identification[0m [1;30mLevel 1[0m _identify(src) by extensions ['colcon_meta']
[0.107s] [34mcolcon.colcon_core.package_identification[0m [1;30mLevel 1[0m _identify(src) by extension 'colcon_meta'
[0.107s] [34mcolcon.colcon_core.package_identification[0m [1;30mLevel 1[0m _identify(src) by extensions ['ros']
[0.107s] [34mcolcon.colcon_core.package_identification[0m [1;30mLevel 1[0m _identify(src) by extension 'ros'
[0.107s] [34mcolcon.colcon_core.package_identification[0m [1;30mLevel 1[0m _identify(src) by extensions ['cmake', 'python']
[0.107s] [34mcolcon.colcon_core.package_identification[0m [1;30mLevel 1[0m _identify(src) by extension 'cmake'
[0.107s] [34mcolcon.colcon_core.package_identification[0m [1;30mLevel 1[0m _identify(src) by extension 'python'
[0.107s] [34mcolcon.colcon_core.package_identification[0m [1;30mLevel 1[0m _identify(src) by extensions ['python_setup_py']
[0.107s] [34mcolcon.colcon_core.package_identification[0m [1;30mLevel 1[0m _identify(src) by extension 'python_setup_py'
[0.107s] [34mcolcon.colcon_core.package_identification[0m [1;30mLevel 1[0m _identify(src/demo_python_tf) by extensions ['ignore', 'ignore_ament_install']
[0.107s] [34mcolcon.colcon_core.package_identification[0m [1;30mLevel 1[0m _identify(src/demo_python_tf) by extension 'ignore'
[0.107s] [34mcolcon.colcon_core.package_identification[0m [1;30mLevel 1[0m _identify(src/demo_python_tf) by extension 'ignore_ament_install'
[0.107s] [34mcolcon.colcon_core.package_identification[0m [1;30mLevel 1[0m _identify(src/demo_python_tf) by extensions ['colcon_pkg']
[0.107s] [34mcolcon.colcon_core.package_identification[0m [1;30mLevel 1[0m _identify(src/demo_python_tf) by extension 'colcon_pkg'
[0.107s] [34mcolcon.colcon_core.package_identification[0m [1;30mLevel 1[0m _identify(src/demo_python_tf) by extensions ['colcon_meta']
[0.107s] [34mcolcon.colcon_core.package_identification[0m [1;30mLevel 1[0m _identify(src/demo_python_tf) by extension 'colcon_meta'
[0.107s] [34mcolcon.colcon_core.package_identification[0m [1;30mLevel 1[0m _identify(src/demo_python_tf) by extensions ['ros']
[0.107s] [34mcolcon.colcon_core.package_identification[0m [1;30mLevel 1[0m _identify(src/demo_python_tf) by extension 'ros'
[0.109s] [34mcolcon.colcon_core.package_identification[0m [1;30mDEBUG[0m [32mPackage 'src/demo_python_tf' with type 'ros.ament_python' and name 'demo_python_tf'[0m
[0.109s] [34mcolcon.colcon_core.package_discovery[0m [1;30mLevel 1[0m discover_packages(recursive) using defaults
[0.109s] [34mcolcon.colcon_core.package_discovery[0m [1;30mLevel 1[0m discover_packages(ignore) discover
[0.109s] [34mcolcon.colcon_core.package_discovery[0m [1;30mLevel 1[0m discover_packages(ignore) using defaults
[0.109s] [34mcolcon.colcon_core.package_discovery[0m [1;30mLevel 1[0m discover_packages(path) discover
[0.109s] [34mcolcon.colcon_core.package_discovery[0m [1;30mLevel 1[0m discover_packages(path) using defaults
[0.119s] [34mcolcon.colcon_core.package_discovery[0m [1;30mLevel 1[0m discover_packages(prefix_path) check parameters
[0.119s] [34mcolcon.colcon_core.package_discovery[0m [1;30mLevel 1[0m discover_packages(prefix_path) discover
[0.120s] [34mcolcon.colcon_installed_package_information.package_discovery[0m [1;30mDEBUG[0m [32mFound 1 installed packages in /home/mi/FishRos/chapter5/chapt5_ws/install[0m
[0.120s] [34mcolcon.colcon_installed_package_information.package_discovery[0m [1;30mDEBUG[0m [32mFound 21 installed packages in /home/mi/dev_ws/install[0m
[0.121s] [34mcolcon.colcon_installed_package_information.package_discovery[0m [1;30mDEBUG[0m [32mFound 347 installed packages in /opt/ros/humble[0m
[0.122s] [34mcolcon.colcon_core.package_discovery[0m [1;30mLevel 1[0m discover_packages(prefix_path) using defaults
[0.144s] [34mcolcon.colcon_core.verb[0m [1;30mLevel 5[0m set package 'demo_python_tf' build argument 'cmake_args' from command line to 'None'
[0.144s] [34mcolcon.colcon_core.verb[0m [1;30mLevel 5[0m set package 'demo_python_tf' build argument 'cmake_target' from command line to 'None'
[0.144s] [34mcolcon.colcon_core.verb[0m [1;30mLevel 5[0m set package 'demo_python_tf' build argument 'cmake_target_skip_unavailable' from command line to 'False'
[0.144s] [34mcolcon.colcon_core.verb[0m [1;30mLevel 5[0m set package 'demo_python_tf' build argument 'cmake_clean_cache' from command line to 'False'
[0.144s] [34mcolcon.colcon_core.verb[0m [1;30mLevel 5[0m set package 'demo_python_tf' build argument 'cmake_clean_first' from command line to 'False'
[0.144s] [34mcolcon.colcon_core.verb[0m [1;30mLevel 5[0m set package 'demo_python_tf' build argument 'cmake_force_configure' from command line to 'False'
[0.144s] [34mcolcon.colcon_core.verb[0m [1;30mLevel 5[0m set package 'demo_python_tf' build argument 'ament_cmake_args' from command line to 'None'
[0.144s] [34mcolcon.colcon_core.verb[0m [1;30mLevel 5[0m set package 'demo_python_tf' build argument 'catkin_cmake_args' from command line to 'None'
[0.144s] [34mcolcon.colcon_core.verb[0m [1;30mLevel 5[0m set package 'demo_python_tf' build argument 'catkin_skip_building_tests' from command line to 'False'
[0.144s] [34mcolcon.colcon_core.verb[0m [1;30mDEBUG[0m [32mBuilding package 'demo_python_tf' with the following arguments: {'ament_cmake_args': None, 'build_base': '/home/mi/FishRos/chapter5/chapt5_ws/build/demo_python_tf', 'catkin_cmake_args': None, 'catkin_skip_building_tests': False, 'cmake_args': None, 'cmake_clean_cache': False, 'cmake_clean_first': False, 'cmake_force_configure': False, 'cmake_target': None, 'cmake_target_skip_unavailable': False, 'install_base': '/home/mi/FishRos/chapter5/chapt5_ws/install/demo_python_tf', 'merge_install': False, 'path': '/home/mi/FishRos/chapter5/chapt5_ws/src/demo_python_tf', 'symlink_install': False, 'test_result_base': None}[0m
[0.144s] [34mcolcon.colcon_core.executor[0m [1;30mINFO[0m Executing jobs using 'parallel' executor
[0.145s] [34mcolcon.colcon_parallel_executor.executor.parallel[0m [1;30mDEBUG[0m [32mrun_until_complete[0m
[0.146s] [34mcolcon.colcon_ros.task.ament_python.build[0m [1;30mINFO[0m Building ROS package in '/home/mi/FishRos/chapter5/chapt5_ws/src/demo_python_tf' with build type 'ament_python'
[0.146s] [34mcolcon.colcon_core.shell[0m [1;30mLevel 1[0m create_environment_hook('demo_python_tf', 'ament_prefix_path')
[0.147s] [34mcolcon.colcon_core.plugin_system[0m [1;30mINFO[0m Skipping extension 'colcon_core.shell.bat': Not used on non-Windows systems
[0.147s] [34mcolcon.colcon_core.shell[0m [1;30mINFO[0m Creating environment hook '/home/mi/FishRos/chapter5/chapt5_ws/install/demo_python_tf/share/demo_python_tf/hook/ament_prefix_path.ps1'
[0.147s] [34mcolcon.colcon_core.shell[0m [1;30mINFO[0m Creating environment descriptor '/home/mi/FishRos/chapter5/chapt5_ws/install/demo_python_tf/share/demo_python_tf/hook/ament_prefix_path.dsv'
[0.148s] [34mcolcon.colcon_core.shell[0m [1;30mINFO[0m Creating environment hook '/home/mi/FishRos/chapter5/chapt5_ws/install/demo_python_tf/share/demo_python_tf/hook/ament_prefix_path.sh'
[0.148s] [34mcolcon.colcon_core.shell[0m [1;30mINFO[0m Skip shell extension 'powershell' for command environment: Not usable outside of PowerShell
[0.148s] [34mcolcon.colcon_core.shell[0m [1;30mDEBUG[0m [32mSkip shell extension 'dsv' for command environment[0m
[0.284s] [34mcolcon.colcon_core.task.python.build[0m [1;30mINFO[0m Building Python package in '/home/mi/FishRos/chapter5/chapt5_ws/src/demo_python_tf'
[0.284s] [34mcolcon.colcon_core.shell[0m [1;30mINFO[0m Skip shell extension 'powershell' for command environment: Not usable outside of PowerShell
[0.284s] [34mcolcon.colcon_core.shell[0m [1;30mDEBUG[0m [32mSkip shell extension 'dsv' for command environment[0m
[0.729s] [34mcolcon.colcon_core.event_handler.log_command[0m [1;30mDEBUG[0m [32mInvoking command in '/home/mi/FishRos/chapter5/chapt5_ws/src/demo_python_tf': CONDA_PROMPT_MODIFIER=(base) PYTHONPATH=/home/mi/FishRos/chapter5/chapt5_ws/build/demo_python_tf/prefix_override:/usr/lib/python3/dist-packages/colcon_core/task/python/colcon_distutils_commands:/home/mi/FishRos/chapter5/chapt5_ws/install/demo_python_tf/lib/python3.10/site-packages:${PYTHONPATH} /usr/bin/python3 -W ignore:setup.py install is deprecated -W ignore:easy_install command is deprecated setup.py egg_info --egg-base ../../build/demo_python_tf build --build-base /home/mi/FishRos/chapter5/chapt5_ws/build/demo_python_tf/build install --record /home/mi/FishRos/chapter5/chapt5_ws/build/demo_python_tf/install.log --single-version-externally-managed install_data[0m
[1.068s] [34mcolcon.colcon_core.event_handler.log_command[0m [1;30mDEBUG[0m [32mInvoked command in '/home/mi/FishRos/chapter5/chapt5_ws/src/demo_python_tf' returned '0': CONDA_PROMPT_MODIFIER=(base) PYTHONPATH=/home/mi/FishRos/chapter5/chapt5_ws/build/demo_python_tf/prefix_override:/usr/lib/python3/dist-packages/colcon_core/task/python/colcon_distutils_commands:/home/mi/FishRos/chapter5/chapt5_ws/install/demo_python_tf/lib/python3.10/site-packages:${PYTHONPATH} /usr/bin/python3 -W ignore:setup.py install is deprecated -W ignore:easy_install command is deprecated setup.py egg_info --egg-base ../../build/demo_python_tf build --build-base /home/mi/FishRos/chapter5/chapt5_ws/build/demo_python_tf/build install --record /home/mi/FishRos/chapter5/chapt5_ws/build/demo_python_tf/install.log --single-version-externally-managed install_data[0m
[1.070s] [34mcolcon.colcon_core.environment[0m [1;30mLevel 1[0m checking '/home/mi/FishRos/chapter5/chapt5_ws/install/demo_python_tf' for CMake module files
[1.070s] [34mcolcon.colcon_core.environment[0m [1;30mLevel 1[0m checking '/home/mi/FishRos/chapter5/chapt5_ws/install/demo_python_tf' for CMake config files
[1.070s] [34mcolcon.colcon_core.environment[0m [1;30mLevel 1[0m checking '/home/mi/FishRos/chapter5/chapt5_ws/install/demo_python_tf/lib'
[1.071s] [34mcolcon.colcon_core.environment[0m [1;30mLevel 1[0m checking '/home/mi/FishRos/chapter5/chapt5_ws/install/demo_python_tf/bin'
[1.071s] [34mcolcon.colcon_core.environment[0m [1;30mLevel 1[0m checking '/home/mi/FishRos/chapter5/chapt5_ws/install/demo_python_tf/lib/pkgconfig/demo_python_tf.pc'
[1.071s] [34mcolcon.colcon_core.environment[0m [1;30mLevel 1[0m checking '/home/mi/FishRos/chapter5/chapt5_ws/install/demo_python_tf/lib/python3.10/site-packages'
[1.071s] [34mcolcon.colcon_core.shell[0m [1;30mLevel 1[0m create_environment_hook('demo_python_tf', 'pythonpath')
[1.071s] [34mcolcon.colcon_core.shell[0m [1;30mINFO[0m Creating environment hook '/home/mi/FishRos/chapter5/chapt5_ws/install/demo_python_tf/share/demo_python_tf/hook/pythonpath.ps1'
[1.071s] [34mcolcon.colcon_core.shell[0m [1;30mINFO[0m Creating environment descriptor '/home/mi/FishRos/chapter5/chapt5_ws/install/demo_python_tf/share/demo_python_tf/hook/pythonpath.dsv'
[1.071s] [34mcolcon.colcon_core.shell[0m [1;30mINFO[0m Creating environment hook '/home/mi/FishRos/chapter5/chapt5_ws/install/demo_python_tf/share/demo_python_tf/hook/pythonpath.sh'
[1.072s] [34mcolcon.colcon_core.environment[0m [1;30mLevel 1[0m checking '/home/mi/FishRos/chapter5/chapt5_ws/install/demo_python_tf/bin'
[1.072s] [34mcolcon.colcon_core.environment[0m [1;30mLevel 1[0m create_environment_scripts_only(demo_python_tf)
[1.072s] [34mcolcon.colcon_core.shell[0m [1;30mINFO[0m Creating package script '/home/mi/FishRos/chapter5/chapt5_ws/install/demo_python_tf/share/demo_python_tf/package.ps1'
[1.072s] [34mcolcon.colcon_core.shell[0m [1;30mINFO[0m Creating package descriptor '/home/mi/FishRos/chapter5/chapt5_ws/install/demo_python_tf/share/demo_python_tf/package.dsv'
[1.073s] [34mcolcon.colcon_core.shell[0m [1;30mINFO[0m Creating package script '/home/mi/FishRos/chapter5/chapt5_ws/install/demo_python_tf/share/demo_python_tf/package.sh'
[1.073s] [34mcolcon.colcon_core.shell[0m [1;30mINFO[0m Creating package script '/home/mi/FishRos/chapter5/chapt5_ws/install/demo_python_tf/share/demo_python_tf/package.bash'
[1.074s] [34mcolcon.colcon_core.shell[0m [1;30mINFO[0m Creating package script '/home/mi/FishRos/chapter5/chapt5_ws/install/demo_python_tf/share/demo_python_tf/package.zsh'
[1.074s] [34mcolcon.colcon_core.environment[0m [1;30mLevel 1[0m create_file_with_runtime_dependencies(/home/mi/FishRos/chapter5/chapt5_ws/install/demo_python_tf/share/colcon-core/packages/demo_python_tf)
[1.074s] [34mcolcon.colcon_parallel_executor.executor.parallel[0m [1;30mDEBUG[0m [32mclosing loop[0m
[1.075s] [34mcolcon.colcon_parallel_executor.executor.parallel[0m [1;30mDEBUG[0m [32mloop closed[0m
[1.075s] [34mcolcon.colcon_parallel_executor.executor.parallel[0m [1;30mDEBUG[0m [32mrun_until_complete finished with '0'[0m
[1.075s] [34mcolcon.colcon_core.event_reactor[0m [1;30mDEBUG[0m [32mjoining thread[0m
[1.078s] [34mcolcon.colcon_core.plugin_system[0m [1;30mINFO[0m Skipping extension 'colcon_notification.desktop_notification.terminal_notifier': Not used on non-Darwin systems
[1.078s] [34mcolcon.colcon_core.plugin_system[0m [1;30mINFO[0m Skipping extension 'colcon_notification.desktop_notification.win32': Not used on non-Windows systems
[1.078s] [34mcolcon.colcon_notification.desktop_notification[0m [1;30mINFO[0m Sending desktop notification using 'notify2'
[1.087s] [34mcolcon.colcon_core.event_reactor[0m [1;30mDEBUG[0m [32mjoined thread[0m
[1.088s] [34mcolcon.colcon_core.shell[0m [1;30mINFO[0m Creating prefix script '/home/mi/FishRos/chapter5/chapt5_ws/install/local_setup.ps1'
[1.090s] [34mcolcon.colcon_core.shell[0m [1;30mINFO[0m Creating prefix util module '/home/mi/FishRos/chapter5/chapt5_ws/install/_local_setup_util_ps1.py'
[1.092s] [34mcolcon.colcon_core.shell[0m [1;30mINFO[0m Creating prefix chain script '/home/mi/FishRos/chapter5/chapt5_ws/install/setup.ps1'
[1.096s] [34mcolcon.colcon_core.shell[0m [1;30mINFO[0m Creating prefix script '/home/mi/FishRos/chapter5/chapt5_ws/install/local_setup.sh'
[1.097s] [34mcolcon.colcon_core.shell[0m [1;30mINFO[0m Creating prefix util module '/home/mi/FishRos/chapter5/chapt5_ws/install/_local_setup_util_sh.py'
[1.098s] [34mcolcon.colcon_core.shell[0m [1;30mINFO[0m Creating prefix chain script '/home/mi/FishRos/chapter5/chapt5_ws/install/setup.sh'
[1.100s] [34mcolcon.colcon_core.shell[0m [1;30mINFO[0m Creating prefix script '/home/mi/FishRos/chapter5/chapt5_ws/install/local_setup.bash'
[1.101s] [34mcolcon.colcon_core.shell[0m [1;30mINFO[0m Creating prefix chain script '/home/mi/FishRos/chapter5/chapt5_ws/install/setup.bash'
[1.103s] [34mcolcon.colcon_core.shell[0m [1;30mINFO[0m Creating prefix script '/home/mi/FishRos/chapter5/chapt5_ws/install/local_setup.zsh'
[1.104s] [34mcolcon.colcon_core.shell[0m [1;30mINFO[0m Creating prefix chain script '/home/mi/FishRos/chapter5/chapt5_ws/install/setup.zsh'
