running egg_info
writing ../../build/demo_python_service/demo_python_service.egg-info/PKG-INFO
writing dependency_links to ../../build/demo_python_service/demo_python_service.egg-info/dependency_links.txt
writing entry points to ../../build/demo_python_service/demo_python_service.egg-info/entry_points.txt
writing requirements to ../../build/demo_python_service/demo_python_service.egg-info/requires.txt
writing top-level names to ../../build/demo_python_service/demo_python_service.egg-info/top_level.txt
reading manifest file '../../build/demo_python_service/demo_python_service.egg-info/SOURCES.txt'
adding license file 'LICENSE'
writing manifest file '../../build/demo_python_service/demo_python_service.egg-info/SOURCES.txt'
running build
running build_py
copying demo_python_service/face_detect_node.py -> /home/mi/FishRos/chapter4/chapt4_ws/build/demo_python_service/build/lib/demo_python_service
running install
running install_lib
creating /home/mi/FishRos/chapter4/chapt4_ws/install/demo_python_service/lib/python3.10/site-packages/demo_python_service
copying /home/mi/FishRos/chapter4/chapt4_ws/build/demo_python_service/build/lib/demo_python_service/learn_face_detect.py -> /home/mi/FishRos/chapter4/chapt4_ws/install/demo_python_service/lib/python3.10/site-packages/demo_python_service
copying /home/mi/FishRos/chapter4/chapt4_ws/build/demo_python_service/build/lib/demo_python_service/__init__.py -> /home/mi/FishRos/chapter4/chapt4_ws/install/demo_python_service/lib/python3.10/site-packages/demo_python_service
copying /home/mi/FishRos/chapter4/chapt4_ws/build/demo_python_service/build/lib/demo_python_service/face_detect_node.py -> /home/mi/FishRos/chapter4/chapt4_ws/install/demo_python_service/lib/python3.10/site-packages/demo_python_service
byte-compiling /home/mi/FishRos/chapter4/chapt4_ws/install/demo_python_service/lib/python3.10/site-packages/demo_python_service/learn_face_detect.py to learn_face_detect.cpython-310.pyc
byte-compiling /home/mi/FishRos/chapter4/chapt4_ws/install/demo_python_service/lib/python3.10/site-packages/demo_python_service/__init__.py to __init__.cpython-310.pyc
byte-compiling /home/mi/FishRos/chapter4/chapt4_ws/install/demo_python_service/lib/python3.10/site-packages/demo_python_service/face_detect_node.py to face_detect_node.cpython-310.pyc
running install_data
creating /home/mi/FishRos/chapter4/chapt4_ws/install/demo_python_service/share/ament_index
creating /home/mi/FishRos/chapter4/chapt4_ws/install/demo_python_service/share/ament_index/resource_index
creating /home/mi/FishRos/chapter4/chapt4_ws/install/demo_python_service/share/ament_index/resource_index/packages
copying resource/demo_python_service -> /home/mi/FishRos/chapter4/chapt4_ws/install/demo_python_service/share/ament_index/resource_index/packages
copying package.xml -> /home/mi/FishRos/chapter4/chapt4_ws/install/demo_python_service/share/demo_python_service
creating /home/mi/FishRos/chapter4/chapt4_ws/install/demo_python_service/share/demo_python_service/resource
copying resource/default.jpg -> /home/mi/FishRos/chapter4/chapt4_ws/install/demo_python_service/share/demo_python_service/resource
running install_egg_info
Copying ../../build/demo_python_service/demo_python_service.egg-info to /home/mi/FishRos/chapter4/chapt4_ws/install/demo_python_service/lib/python3.10/site-packages/demo_python_service-0.0.0-py3.10.egg-info
running install_scripts
Installing face_detect_node script to /home/mi/FishRos/chapter4/chapt4_ws/install/demo_python_service/lib/demo_python_service
Installing learn_face_detect script to /home/mi/FishRos/chapter4/chapt4_ws/install/demo_python_service/lib/demo_python_service
writing list of installed files to '/home/mi/FishRos/chapter4/chapt4_ws/build/demo_python_service/install.log'
