[0.586s] Invoking command in '/home/mi/FishRos/chapter4/chapt4_ws/src/demo_python_service': CONDA_PROMPT_MODIFIER=(base) LD_LIBRARY_PATH=/home/mi/FishRos/chapter4/chapt4_ws/install/chapt4_interfaces/lib:/home/mi/catkin_ws/devel/lib:/usr/local/cuda/lib64:/opt/ros/humble/opt/rviz_ogre_vendor/lib:/opt/ros/humble/lib/x86_64-linux-gnu:/opt/ros/humble/lib:/home/mi/catkin_ws/devel/lib:/usr/local/cuda/lib64:/home/mi/dev_ws/install/learning_interface/lib:/usr/share/gazebo/../../lib/x86_64-linux-gnu/gazebo-11/plugins:/usr/lib/x86_64-linux-gnu/gazebo-11/plugins:/usr/share/gazebo/../../lib/x86_64-linux-gnu/gazebo-11/plugins:/usr/share/gazebo/../../lib/x86_64-linux-gnu/gazebo-11/plugins:/home/mi/catkin_ws/devel/lib:/usr/lib/x86_64-linux-gnu/gazebo-11/plugins:/usr/share/gazebo/../../lib/x86_64-linux-gnu/gazebo-11/plugins:/usr/lib/x86_64-linux-gnu/gazebo-11/plugins:/usr/share/gazebo/../../lib/x86_64-linux-gnu/gazebo-11/plugins:/home/mi/catkin_ws/devel/lib:/usr/lib/x86_64-linux-gnu/gazebo-11/plugins:/usr/share/gazebo/../../lib/x86_64-linux-gnu/gazebo-11/plugins PYTHONPATH=/home/mi/FishRos/chapter4/chapt4_ws/build/demo_python_service/prefix_override:/usr/lib/python3/dist-packages/colcon_core/task/python/colcon_distutils_commands:/home/mi/FishRos/chapter4/chapt4_ws/install/demo_python_service/lib/python3.10/site-packages:${PYTHONPATH} /usr/bin/python3 -W ignore:setup.py install is deprecated -W ignore:easy_install command is deprecated setup.py egg_info --egg-base ../../build/demo_python_service build --build-base /home/mi/FishRos/chapter4/chapt4_ws/build/demo_python_service/build install --record /home/mi/FishRos/chapter4/chapt4_ws/build/demo_python_service/install.log --single-version-externally-managed install_data
[0.741s] running egg_info
[0.750s] writing ../../build/demo_python_service/demo_python_service.egg-info/PKG-INFO
[0.751s] writing dependency_links to ../../build/demo_python_service/demo_python_service.egg-info/dependency_links.txt
[0.751s] writing entry points to ../../build/demo_python_service/demo_python_service.egg-info/entry_points.txt
[0.751s] writing requirements to ../../build/demo_python_service/demo_python_service.egg-info/requires.txt
[0.751s] writing top-level names to ../../build/demo_python_service/demo_python_service.egg-info/top_level.txt
[0.769s] reading manifest file '../../build/demo_python_service/demo_python_service.egg-info/SOURCES.txt'
[0.770s] adding license file 'LICENSE'
[0.770s] writing manifest file '../../build/demo_python_service/demo_python_service.egg-info/SOURCES.txt'
[0.770s] running build
[0.770s] running build_py
[0.770s] copying demo_python_service/face_detect_node.py -> /home/mi/FishRos/chapter4/chapt4_ws/build/demo_python_service/build/lib/demo_python_service
[0.770s] running install
[0.773s] running install_lib
[0.783s] creating /home/mi/FishRos/chapter4/chapt4_ws/install/demo_python_service/lib/python3.10/site-packages/demo_python_service
[0.783s] copying /home/mi/FishRos/chapter4/chapt4_ws/build/demo_python_service/build/lib/demo_python_service/learn_face_detect.py -> /home/mi/FishRos/chapter4/chapt4_ws/install/demo_python_service/lib/python3.10/site-packages/demo_python_service
[0.783s] copying /home/mi/FishRos/chapter4/chapt4_ws/build/demo_python_service/build/lib/demo_python_service/__init__.py -> /home/mi/FishRos/chapter4/chapt4_ws/install/demo_python_service/lib/python3.10/site-packages/demo_python_service
[0.783s] copying /home/mi/FishRos/chapter4/chapt4_ws/build/demo_python_service/build/lib/demo_python_service/face_detect_node.py -> /home/mi/FishRos/chapter4/chapt4_ws/install/demo_python_service/lib/python3.10/site-packages/demo_python_service
[0.784s] byte-compiling /home/mi/FishRos/chapter4/chapt4_ws/install/demo_python_service/lib/python3.10/site-packages/demo_python_service/learn_face_detect.py to learn_face_detect.cpython-310.pyc
[0.784s] byte-compiling /home/mi/FishRos/chapter4/chapt4_ws/install/demo_python_service/lib/python3.10/site-packages/demo_python_service/__init__.py to __init__.cpython-310.pyc
[0.784s] byte-compiling /home/mi/FishRos/chapter4/chapt4_ws/install/demo_python_service/lib/python3.10/site-packages/demo_python_service/face_detect_node.py to face_detect_node.cpython-310.pyc
[0.784s] running install_data
[0.785s] creating /home/mi/FishRos/chapter4/chapt4_ws/install/demo_python_service/share/ament_index
[0.785s] creating /home/mi/FishRos/chapter4/chapt4_ws/install/demo_python_service/share/ament_index/resource_index
[0.785s] creating /home/mi/FishRos/chapter4/chapt4_ws/install/demo_python_service/share/ament_index/resource_index/packages
[0.785s] copying resource/demo_python_service -> /home/mi/FishRos/chapter4/chapt4_ws/install/demo_python_service/share/ament_index/resource_index/packages
[0.785s] copying package.xml -> /home/mi/FishRos/chapter4/chapt4_ws/install/demo_python_service/share/demo_python_service
[0.785s] creating /home/mi/FishRos/chapter4/chapt4_ws/install/demo_python_service/share/demo_python_service/resource
[0.785s] copying resource/default.jpg -> /home/mi/FishRos/chapter4/chapt4_ws/install/demo_python_service/share/demo_python_service/resource
[0.785s] running install_egg_info
[0.796s] Copying ../../build/demo_python_service/demo_python_service.egg-info to /home/mi/FishRos/chapter4/chapt4_ws/install/demo_python_service/lib/python3.10/site-packages/demo_python_service-0.0.0-py3.10.egg-info
[0.796s] running install_scripts
[0.891s] Installing face_detect_node script to /home/mi/FishRos/chapter4/chapt4_ws/install/demo_python_service/lib/demo_python_service
[0.891s] Installing learn_face_detect script to /home/mi/FishRos/chapter4/chapt4_ws/install/demo_python_service/lib/demo_python_service
[0.891s] writing list of installed files to '/home/mi/FishRos/chapter4/chapt4_ws/build/demo_python_service/install.log'
[0.909s] Invoked command in '/home/mi/FishRos/chapter4/chapt4_ws/src/demo_python_service' returned '0': CONDA_PROMPT_MODIFIER=(base) LD_LIBRARY_PATH=/home/mi/FishRos/chapter4/chapt4_ws/install/chapt4_interfaces/lib:/home/mi/catkin_ws/devel/lib:/usr/local/cuda/lib64:/opt/ros/humble/opt/rviz_ogre_vendor/lib:/opt/ros/humble/lib/x86_64-linux-gnu:/opt/ros/humble/lib:/home/mi/catkin_ws/devel/lib:/usr/local/cuda/lib64:/home/mi/dev_ws/install/learning_interface/lib:/usr/share/gazebo/../../lib/x86_64-linux-gnu/gazebo-11/plugins:/usr/lib/x86_64-linux-gnu/gazebo-11/plugins:/usr/share/gazebo/../../lib/x86_64-linux-gnu/gazebo-11/plugins:/usr/share/gazebo/../../lib/x86_64-linux-gnu/gazebo-11/plugins:/home/mi/catkin_ws/devel/lib:/usr/lib/x86_64-linux-gnu/gazebo-11/plugins:/usr/share/gazebo/../../lib/x86_64-linux-gnu/gazebo-11/plugins:/usr/lib/x86_64-linux-gnu/gazebo-11/plugins:/usr/share/gazebo/../../lib/x86_64-linux-gnu/gazebo-11/plugins:/home/mi/catkin_ws/devel/lib:/usr/lib/x86_64-linux-gnu/gazebo-11/plugins:/usr/share/gazebo/../../lib/x86_64-linux-gnu/gazebo-11/plugins PYTHONPATH=/home/mi/FishRos/chapter4/chapt4_ws/build/demo_python_service/prefix_override:/usr/lib/python3/dist-packages/colcon_core/task/python/colcon_distutils_commands:/home/mi/FishRos/chapter4/chapt4_ws/install/demo_python_service/lib/python3.10/site-packages:${PYTHONPATH} /usr/bin/python3 -W ignore:setup.py install is deprecated -W ignore:easy_install command is deprecated setup.py egg_info --egg-base ../../build/demo_python_service build --build-base /home/mi/FishRos/chapter4/chapt4_ws/build/demo_python_service/build install --record /home/mi/FishRos/chapter4/chapt4_ws/build/demo_python_service/install.log --single-version-externally-managed install_data
