[0.777s] Invoking command in '/home/mi/FishRos/chapter4/chapt4_ws/src/demo_python_service': CONDA_PROMPT_MODIFIER=(base) LD_LIBRARY_PATH=/home/mi/FishRos/chapter4/chapt4_ws/install/chapt4_interfaces/lib:/home/mi/catkin_ws/devel/lib:/usr/local/cuda/lib64:/opt/ros/humble/opt/rviz_ogre_vendor/lib:/opt/ros/humble/lib/x86_64-linux-gnu:/opt/ros/humble/lib:/home/mi/catkin_ws/devel/lib:/usr/local/cuda/lib64:/home/mi/dev_ws/install/learning_interface/lib:/usr/share/gazebo/../../lib/x86_64-linux-gnu/gazebo-11/plugins:/usr/lib/x86_64-linux-gnu/gazebo-11/plugins:/usr/share/gazebo/../../lib/x86_64-linux-gnu/gazebo-11/plugins:/usr/share/gazebo/../../lib/x86_64-linux-gnu/gazebo-11/plugins:/home/mi/catkin_ws/devel/lib:/usr/lib/x86_64-linux-gnu/gazebo-11/plugins:/usr/share/gazebo/../../lib/x86_64-linux-gnu/gazebo-11/plugins:/usr/lib/x86_64-linux-gnu/gazebo-11/plugins:/usr/share/gazebo/../../lib/x86_64-linux-gnu/gazebo-11/plugins:/home/mi/catkin_ws/devel/lib:/usr/lib/x86_64-linux-gnu/gazebo-11/plugins:/usr/share/gazebo/../../lib/x86_64-linux-gnu/gazebo-11/plugins PYTHONPATH=/home/mi/FishRos/chapter4/chapt4_ws/build/demo_python_service/prefix_override:/usr/lib/python3/dist-packages/colcon_core/task/python/colcon_distutils_commands:/home/mi/FishRos/chapter4/chapt4_ws/install/demo_python_service/lib/python3.10/site-packages:${PYTHONPATH} /usr/bin/python3 -W ignore:setup.py install is deprecated -W ignore:easy_install command is deprecated setup.py egg_info --egg-base ../../build/demo_python_service build --build-base /home/mi/FishRos/chapter4/chapt4_ws/build/demo_python_service/build install --record /home/mi/FishRos/chapter4/chapt4_ws/build/demo_python_service/install.log --single-version-externally-managed install_data
[0.943s] running egg_info
[0.955s] writing ../../build/demo_python_service/demo_python_service.egg-info/PKG-INFO
[0.955s] writing dependency_links to ../../build/demo_python_service/demo_python_service.egg-info/dependency_links.txt
[0.955s] writing entry points to ../../build/demo_python_service/demo_python_service.egg-info/entry_points.txt
[0.955s] writing requirements to ../../build/demo_python_service/demo_python_service.egg-info/requires.txt
[0.955s] writing top-level names to ../../build/demo_python_service/demo_python_service.egg-info/top_level.txt
[0.977s] reading manifest file '../../build/demo_python_service/demo_python_service.egg-info/SOURCES.txt'
[0.977s] adding license file 'LICENSE'
[0.978s] writing manifest file '../../build/demo_python_service/demo_python_service.egg-info/SOURCES.txt'
[0.978s] running build
[0.978s] running build_py
[0.978s] running install
[0.982s] running install_lib
[0.994s] running install_data
[0.994s] running install_egg_info
[1.005s] removing '/home/mi/FishRos/chapter4/chapt4_ws/install/demo_python_service/lib/python3.10/site-packages/demo_python_service-0.0.0-py3.10.egg-info' (and everything under it)
[1.005s] Copying ../../build/demo_python_service/demo_python_service.egg-info to /home/mi/FishRos/chapter4/chapt4_ws/install/demo_python_service/lib/python3.10/site-packages/demo_python_service-0.0.0-py3.10.egg-info
[1.006s] running install_scripts
[1.118s] Installing face_detect_client_node script to /home/mi/FishRos/chapter4/chapt4_ws/install/demo_python_service/lib/demo_python_service
[1.118s] Installing face_detect_node script to /home/mi/FishRos/chapter4/chapt4_ws/install/demo_python_service/lib/demo_python_service
[1.118s] Installing kimi_face_detect script to /home/mi/FishRos/chapter4/chapt4_ws/install/demo_python_service/lib/demo_python_service
[1.118s] Installing learn_face_detect script to /home/mi/FishRos/chapter4/chapt4_ws/install/demo_python_service/lib/demo_python_service
[1.119s] writing list of installed files to '/home/mi/FishRos/chapter4/chapt4_ws/build/demo_python_service/install.log'
[1.167s] Invoked command in '/home/mi/FishRos/chapter4/chapt4_ws/src/demo_python_service' returned '0': CONDA_PROMPT_MODIFIER=(base) LD_LIBRARY_PATH=/home/mi/FishRos/chapter4/chapt4_ws/install/chapt4_interfaces/lib:/home/mi/catkin_ws/devel/lib:/usr/local/cuda/lib64:/opt/ros/humble/opt/rviz_ogre_vendor/lib:/opt/ros/humble/lib/x86_64-linux-gnu:/opt/ros/humble/lib:/home/mi/catkin_ws/devel/lib:/usr/local/cuda/lib64:/home/mi/dev_ws/install/learning_interface/lib:/usr/share/gazebo/../../lib/x86_64-linux-gnu/gazebo-11/plugins:/usr/lib/x86_64-linux-gnu/gazebo-11/plugins:/usr/share/gazebo/../../lib/x86_64-linux-gnu/gazebo-11/plugins:/usr/share/gazebo/../../lib/x86_64-linux-gnu/gazebo-11/plugins:/home/mi/catkin_ws/devel/lib:/usr/lib/x86_64-linux-gnu/gazebo-11/plugins:/usr/share/gazebo/../../lib/x86_64-linux-gnu/gazebo-11/plugins:/usr/lib/x86_64-linux-gnu/gazebo-11/plugins:/usr/share/gazebo/../../lib/x86_64-linux-gnu/gazebo-11/plugins:/home/mi/catkin_ws/devel/lib:/usr/lib/x86_64-linux-gnu/gazebo-11/plugins:/usr/share/gazebo/../../lib/x86_64-linux-gnu/gazebo-11/plugins PYTHONPATH=/home/mi/FishRos/chapter4/chapt4_ws/build/demo_python_service/prefix_override:/usr/lib/python3/dist-packages/colcon_core/task/python/colcon_distutils_commands:/home/mi/FishRos/chapter4/chapt4_ws/install/demo_python_service/lib/python3.10/site-packages:${PYTHONPATH} /usr/bin/python3 -W ignore:setup.py install is deprecated -W ignore:easy_install command is deprecated setup.py egg_info --egg-base ../../build/demo_python_service build --build-base /home/mi/FishRos/chapter4/chapt4_ws/build/demo_python_service/build install --record /home/mi/FishRos/chapter4/chapt4_ws/build/demo_python_service/install.log --single-version-externally-managed install_data
