[0.006s] Invoking command in '/home/mi/FishRos/chapter4/chapt4_ws/build/chapt4_interfaces': CMAKE_PREFIX_PATH=${CMAKE_PREFIX_PATH}:/opt/ros/humble:/home/mi/dev_ws/install/learning_urdf:/home/mi/dev_ws/install/learning_topic:/home/mi/dev_ws/install/learning_tf:/home/mi/dev_ws/install/learning_service:/home/mi/dev_ws/install/learning_qos:/home/mi/dev_ws/install/learning_pkg_python:/home/mi/dev_ws/install/learning_parameter:/home/mi/dev_ws/install/learning_node:/home/mi/dev_ws/install/learning_launch:/home/mi/dev_ws/install/learning_action:/home/mi/dev_ws/install/learning_gazebo_harmonic:/home/mi/dev_ws/install/learning_gazebo:/home/mi/dev_ws/install/learning_cv CONDA_PROMPT_MODIFIER=(base) /usr/bin/cmake /home/mi/FishRos/chapter4/chapt4_ws/src/chapt4_interfaces -DCMAKE_INSTALL_PREFIX=/home/mi/FishRos/chapter4/chapt4_ws/install/chapt4_interfaces
[0.016s] -- Found ament_cmake: 1.3.11 (/opt/ros/humble/share/ament_cmake/cmake)
[0.109s] -- Found sensor_msgs: 4.2.4 (/opt/ros/humble/share/sensor_msgs/cmake)
[0.123s] -- Found rosidl_generator_c: 3.1.6 (/opt/ros/humble/share/rosidl_generator_c/cmake)
[0.124s] -- Found rosidl_adapter: 3.1.6 (/opt/ros/humble/share/rosidl_adapter/cmake)
[0.127s] -- Found rosidl_generator_cpp: 3.1.6 (/opt/ros/humble/share/rosidl_generator_cpp/cmake)
[0.133s] -- Using all available rosidl_typesupport_c: rosidl_typesupport_fastrtps_c;rosidl_typesupport_introspection_c
[0.140s] -- Using all available rosidl_typesupport_cpp: rosidl_typesupport_fastrtps_cpp;rosidl_typesupport_introspection_cpp
[0.170s] -- Found rosidl_default_generators: 1.2.0 (/opt/ros/humble/share/rosidl_default_generators/cmake)
[0.248s] [31mCMake Error at /opt/ros/humble/share/rosidl_adapter/cmake/rosidl_adapt_interfaces.cmake:59 (message):
[0.248s]   execute_process(/home/mi/miniconda3/bin/python3 -m rosidl_adapter
[0.248s]   --package-name chapt4_interfaces --arguments-file
[0.248s]   /home/mi/FishRos/chapter4/chapt4_ws/build/chapt4_interfaces/rosidl_adapter__arguments__chapt4_interfaces.json
[0.249s]   --output-dir
[0.249s]   /home/mi/FishRos/chapter4/chapt4_ws/build/chapt4_interfaces/rosidl_adapter/chapt4_interfaces
[0.249s]   --output-file
[0.249s]   /home/mi/FishRos/chapter4/chapt4_ws/build/chapt4_interfaces/rosidl_adapter/chapt4_interfaces.idls)
[0.249s]   returned error code 1:
[0.249s] 
[0.249s]   Error processing 'init16 number' of
[0.249s]   'chapt4_interfaces/FaceDetector_Response': ''init16' is an invalid message
[0.249s]   name.  It should have the pattern '^[A-Z][A-Za-z0-9]*$''
[0.249s] 
[0.249s]   Traceback (most recent call last):
[0.249s] 
[0.249s]     File "<frozen runpy>", line 198, in _run_module_as_main
[0.249s]     File "<frozen runpy>", line 88, in _run_code
[0.249s]     File "/opt/ros/humble/local/lib/python3.10/dist-packages/rosidl_adapter/__main__.py", line 19, in <module>
[0.249s]       sys.exit(main())
[0.249s]                ^^^^^^
[0.249s]     File "/opt/ros/humble/local/lib/python3.10/dist-packages/rosidl_adapter/main.py", line 53, in main
[0.249s]       abs_idl_file = convert_to_idl(
[0.249s]                      ^^^^^^^^^^^^^^^
[0.249s]     File "/opt/ros/humble/local/lib/python3.10/dist-packages/rosidl_adapter/__init__.py", line 24, in convert_to_idl
[0.249s]       return convert_srv_to_idl(
[0.249s]              ^^^^^^^^^^^^^^^^^^^
[0.249s]     File "/opt/ros/humble/local/lib/python3.10/dist-packages/rosidl_adapter/srv/__init__.py", line 28, in convert_srv_to_idl
[0.249s]       srv = parse_service_string(package_name, input_file.stem, content)
[0.249s]             ^^^^^^^^^^^^^^^^^^^^^^^^^^^^^^^^^^^^^^^^^^^^^^^^^^^^^^^^^^^^
[0.249s]     File "/opt/ros/humble/local/lib/python3.10/dist-packages/rosidl_adapter/parser.py", line 863, in parse_service_string
[0.249s]       response_message = parse_message_string(
[0.249s]                          ^^^^^^^^^^^^^^^^^^^^^
[0.249s]     File "/opt/ros/humble/local/lib/python3.10/dist-packages/rosidl_adapter/parser.py", line 520, in parse_message_string
[0.249s]       Type(type_string, context_package_name=pkg_name),
[0.249s]       ^^^^^^^^^^^^^^^^^^^^^^^^^^^^^^^^^^^^^^^^^^^^^^^^
[0.249s]     File "/opt/ros/humble/local/lib/python3.10/dist-packages/rosidl_adapter/parser.py", line 277, in __init__
[0.249s]       super(Type, self).__init__(
[0.249s]     File "/opt/ros/humble/local/lib/python3.10/dist-packages/rosidl_adapter/parser.py", line 205, in __init__
[0.249s]       raise InvalidResourceName(
[0.249s] 
[0.249s]   rosidl_adapter.parser.InvalidResourceName: 'init16' is an invalid message
[0.249s]   name.  It should have the pattern '^[A-Z][A-Za-z0-9]*$'
[0.249s] 
[0.249s] Call Stack (most recent call first):
[0.249s]   /opt/ros/humble/share/rosidl_cmake/cmake/rosidl_generate_interfaces.cmake:130 (rosidl_adapt_interfaces)
[0.249s]   CMakeLists.txt:13 (rosidl_generate_interfaces)
[0.249s] 
[0.249s] [0m
[0.250s] -- Configuring incomplete, errors occurred!
[0.250s] See also "/home/mi/FishRos/chapter4/chapt4_ws/build/chapt4_interfaces/CMakeFiles/CMakeOutput.log".
[0.252s] Invoked command in '/home/mi/FishRos/chapter4/chapt4_ws/build/chapt4_interfaces' returned '1': CMAKE_PREFIX_PATH=${CMAKE_PREFIX_PATH}:/opt/ros/humble:/home/mi/dev_ws/install/learning_urdf:/home/mi/dev_ws/install/learning_topic:/home/mi/dev_ws/install/learning_tf:/home/mi/dev_ws/install/learning_service:/home/mi/dev_ws/install/learning_qos:/home/mi/dev_ws/install/learning_pkg_python:/home/mi/dev_ws/install/learning_parameter:/home/mi/dev_ws/install/learning_node:/home/mi/dev_ws/install/learning_launch:/home/mi/dev_ws/install/learning_action:/home/mi/dev_ws/install/learning_gazebo_harmonic:/home/mi/dev_ws/install/learning_gazebo:/home/mi/dev_ws/install/learning_cv CONDA_PROMPT_MODIFIER=(base) /usr/bin/cmake /home/mi/FishRos/chapter4/chapt4_ws/src/chapt4_interfaces -DCMAKE_INSTALL_PREFIX=/home/mi/FishRos/chapter4/chapt4_ws/install/chapt4_interfaces
