[0.647s] Invoking command in '/home/mi/FishRos/chapter5/chapt5_ws/src/demo_python_tf': CONDA_PROMPT_MODIFIER=(base) PYTHONPATH=/home/mi/FishRos/chapter5/chapt5_ws/build/demo_python_tf/prefix_override:/usr/lib/python3/dist-packages/colcon_core/task/python/colcon_distutils_commands:/home/mi/FishRos/chapter5/chapt5_ws/install/demo_python_tf/lib/python3.10/site-packages:${PYTHONPATH} /usr/bin/python3 -W ignore:setup.py install is deprecated -W ignore:easy_install command is deprecated setup.py egg_info --egg-base ../../build/demo_python_tf build --build-base /home/mi/FishRos/chapter5/chapt5_ws/build/demo_python_tf/build install --record /home/mi/FishRos/chapter5/chapt5_ws/build/demo_python_tf/install.log --single-version-externally-managed install_data
[0.795s] running egg_info
[0.795s] creating ../../build/demo_python_tf/demo_python_tf.egg-info
[0.804s] writing ../../build/demo_python_tf/demo_python_tf.egg-info/PKG-INFO
[0.805s] writing dependency_links to ../../build/demo_python_tf/demo_python_tf.egg-info/dependency_links.txt
[0.805s] writing entry points to ../../build/demo_python_tf/demo_python_tf.egg-info/entry_points.txt
[0.805s] writing requirements to ../../build/demo_python_tf/demo_python_tf.egg-info/requires.txt
[0.805s] writing top-level names to ../../build/demo_python_tf/demo_python_tf.egg-info/top_level.txt
[0.805s] writing manifest file '../../build/demo_python_tf/demo_python_tf.egg-info/SOURCES.txt'
[0.825s] reading manifest file '../../build/demo_python_tf/demo_python_tf.egg-info/SOURCES.txt'
[0.825s] adding license file 'LICENSE'
[0.826s] writing manifest file '../../build/demo_python_tf/demo_python_tf.egg-info/SOURCES.txt'
[0.826s] running build
[0.826s] running build_py
[0.826s] creating /home/mi/FishRos/chapter5/chapt5_ws/build/demo_python_tf/build
[0.826s] creating /home/mi/FishRos/chapter5/chapt5_ws/build/demo_python_tf/build/lib
[0.826s] creating /home/mi/FishRos/chapter5/chapt5_ws/build/demo_python_tf/build/lib/demo_python_tf
[0.826s] copying demo_python_tf/__init__.py -> /home/mi/FishRos/chapter5/chapt5_ws/build/demo_python_tf/build/lib/demo_python_tf
[0.826s] copying demo_python_tf/static_tf_broadcaster.py -> /home/mi/FishRos/chapter5/chapt5_ws/build/demo_python_tf/build/lib/demo_python_tf
[0.826s] running install
[0.829s] running install_lib
[0.839s] creating /home/mi/FishRos/chapter5/chapt5_ws/install/demo_python_tf/lib/python3.10/site-packages/demo_python_tf
[0.839s] copying /home/mi/FishRos/chapter5/chapt5_ws/build/demo_python_tf/build/lib/demo_python_tf/__init__.py -> /home/mi/FishRos/chapter5/chapt5_ws/install/demo_python_tf/lib/python3.10/site-packages/demo_python_tf
[0.839s] copying /home/mi/FishRos/chapter5/chapt5_ws/build/demo_python_tf/build/lib/demo_python_tf/static_tf_broadcaster.py -> /home/mi/FishRos/chapter5/chapt5_ws/install/demo_python_tf/lib/python3.10/site-packages/demo_python_tf
[0.840s] byte-compiling /home/mi/FishRos/chapter5/chapt5_ws/install/demo_python_tf/lib/python3.10/site-packages/demo_python_tf/__init__.py to __init__.cpython-310.pyc
[0.840s] byte-compiling /home/mi/FishRos/chapter5/chapt5_ws/install/demo_python_tf/lib/python3.10/site-packages/demo_python_tf/static_tf_broadcaster.py to static_tf_broadcaster.cpython-310.pyc
[0.840s] running install_data
[0.840s] creating /home/mi/FishRos/chapter5/chapt5_ws/install/demo_python_tf/share/ament_index
[0.840s] creating /home/mi/FishRos/chapter5/chapt5_ws/install/demo_python_tf/share/ament_index/resource_index
[0.840s] creating /home/mi/FishRos/chapter5/chapt5_ws/install/demo_python_tf/share/ament_index/resource_index/packages
[0.840s] copying resource/demo_python_tf -> /home/mi/FishRos/chapter5/chapt5_ws/install/demo_python_tf/share/ament_index/resource_index/packages
[0.840s] copying package.xml -> /home/mi/FishRos/chapter5/chapt5_ws/install/demo_python_tf/share/demo_python_tf
[0.840s] running install_egg_info
[0.851s] Copying ../../build/demo_python_tf/demo_python_tf.egg-info to /home/mi/FishRos/chapter5/chapt5_ws/install/demo_python_tf/lib/python3.10/site-packages/demo_python_tf-0.0.0-py3.10.egg-info
[0.851s] running install_scripts
[0.956s] Installing static_tf_broadcaster script to /home/mi/FishRos/chapter5/chapt5_ws/install/demo_python_tf/lib/demo_python_tf
[0.956s] writing list of installed files to '/home/mi/FishRos/chapter5/chapt5_ws/build/demo_python_tf/install.log'
[0.971s] Invoked command in '/home/mi/FishRos/chapter5/chapt5_ws/src/demo_python_tf' returned '0': CONDA_PROMPT_MODIFIER=(base) PYTHONPATH=/home/mi/FishRos/chapter5/chapt5_ws/build/demo_python_tf/prefix_override:/usr/lib/python3/dist-packages/colcon_core/task/python/colcon_distutils_commands:/home/mi/FishRos/chapter5/chapt5_ws/install/demo_python_tf/lib/python3.10/site-packages:${PYTHONPATH} /usr/bin/python3 -W ignore:setup.py install is deprecated -W ignore:easy_install command is deprecated setup.py egg_info --egg-base ../../build/demo_python_tf build --build-base /home/mi/FishRos/chapter5/chapt5_ws/build/demo_python_tf/build install --record /home/mi/FishRos/chapter5/chapt5_ws/build/demo_python_tf/install.log --single-version-externally-managed install_data
