[0.668s] Invoking command in '/home/mi/FishRos/chapter2/chapt2_ws/src/demo_python_pkg': AMENT_PREFIX_PATH=/home/mi/FishRos/chapter2/chapt2_ws/install/demo_cpp_pkg:${AMENT_PREFIX_PATH} CMAKE_PREFIX_PATH=/home/mi/FishRos/chapter2/chapt2_ws/install/demo_cpp_pkg:${CMAKE_PREFIX_PATH} PYTHONPATH=/home/mi/FishRos/chapter2/chapt2_ws/build/demo_python_pkg/prefix_override:/usr/lib/python3/dist-packages/colcon_core/task/python/colcon_distutils_commands:/home/mi/FishRos/chapter2/chapt2_ws/install/demo_python_pkg/lib/python3.10/site-packages:${PYTHONPATH} /usr/bin/python3 -W ignore:setup.py install is deprecated -W ignore:easy_install command is deprecated setup.py egg_info --egg-base ../../build/demo_python_pkg build --build-base /home/mi/FishRos/chapter2/chapt2_ws/build/demo_python_pkg/build install --record /home/mi/FishRos/chapter2/chapt2_ws/build/demo_python_pkg/install.log --single-version-externally-managed install_data
[0.814s] running egg_info
[0.814s] creating ../../build/demo_python_pkg/demo_python_pkg.egg-info
[0.824s] writing ../../build/demo_python_pkg/demo_python_pkg.egg-info/PKG-INFO
[0.824s] writing dependency_links to ../../build/demo_python_pkg/demo_python_pkg.egg-info/dependency_links.txt
[0.824s] writing entry points to ../../build/demo_python_pkg/demo_python_pkg.egg-info/entry_points.txt
[0.824s] writing requirements to ../../build/demo_python_pkg/demo_python_pkg.egg-info/requires.txt
[0.824s] writing top-level names to ../../build/demo_python_pkg/demo_python_pkg.egg-info/top_level.txt
[0.825s] writing manifest file '../../build/demo_python_pkg/demo_python_pkg.egg-info/SOURCES.txt'
[0.844s] reading manifest file '../../build/demo_python_pkg/demo_python_pkg.egg-info/SOURCES.txt'
[0.844s] adding license file 'LICENSE'
[0.844s] writing manifest file '../../build/demo_python_pkg/demo_python_pkg.egg-info/SOURCES.txt'
[0.844s] running build
[0.844s] running build_py
[0.844s] creating /home/mi/FishRos/chapter2/chapt2_ws/build/demo_python_pkg/build
[0.844s] creating /home/mi/FishRos/chapter2/chapt2_ws/build/demo_python_pkg/build/lib
[0.845s] creating /home/mi/FishRos/chapter2/chapt2_ws/build/demo_python_pkg/build/lib/demo_python_pkg
[0.845s] copying demo_python_pkg/write_node.py -> /home/mi/FishRos/chapter2/chapt2_ws/build/demo_python_pkg/build/lib/demo_python_pkg
[0.845s] copying demo_python_pkg/learn_thread.py -> /home/mi/FishRos/chapter2/chapt2_ws/build/demo_python_pkg/build/lib/demo_python_pkg
[0.845s] copying demo_python_pkg/__init__.py -> /home/mi/FishRos/chapter2/chapt2_ws/build/demo_python_pkg/build/lib/demo_python_pkg
[0.845s] copying demo_python_pkg/person_node.py -> /home/mi/FishRos/chapter2/chapt2_ws/build/demo_python_pkg/build/lib/demo_python_pkg
[0.845s] copying demo_python_pkg/python_node.py -> /home/mi/FishRos/chapter2/chapt2_ws/build/demo_python_pkg/build/lib/demo_python_pkg
[0.845s] running install
[0.848s] running install_lib
[0.858s] creating /home/mi/FishRos/chapter2/chapt2_ws/install/demo_python_pkg/lib/python3.10/site-packages/demo_python_pkg
[0.858s] copying /home/mi/FishRos/chapter2/chapt2_ws/build/demo_python_pkg/build/lib/demo_python_pkg/write_node.py -> /home/mi/FishRos/chapter2/chapt2_ws/install/demo_python_pkg/lib/python3.10/site-packages/demo_python_pkg
[0.858s] copying /home/mi/FishRos/chapter2/chapt2_ws/build/demo_python_pkg/build/lib/demo_python_pkg/learn_thread.py -> /home/mi/FishRos/chapter2/chapt2_ws/install/demo_python_pkg/lib/python3.10/site-packages/demo_python_pkg
[0.858s] copying /home/mi/FishRos/chapter2/chapt2_ws/build/demo_python_pkg/build/lib/demo_python_pkg/__init__.py -> /home/mi/FishRos/chapter2/chapt2_ws/install/demo_python_pkg/lib/python3.10/site-packages/demo_python_pkg
[0.858s] copying /home/mi/FishRos/chapter2/chapt2_ws/build/demo_python_pkg/build/lib/demo_python_pkg/person_node.py -> /home/mi/FishRos/chapter2/chapt2_ws/install/demo_python_pkg/lib/python3.10/site-packages/demo_python_pkg
[0.858s] copying /home/mi/FishRos/chapter2/chapt2_ws/build/demo_python_pkg/build/lib/demo_python_pkg/python_node.py -> /home/mi/FishRos/chapter2/chapt2_ws/install/demo_python_pkg/lib/python3.10/site-packages/demo_python_pkg
[0.858s] byte-compiling /home/mi/FishRos/chapter2/chapt2_ws/install/demo_python_pkg/lib/python3.10/site-packages/demo_python_pkg/write_node.py to write_node.cpython-310.pyc
[0.859s] byte-compiling /home/mi/FishRos/chapter2/chapt2_ws/install/demo_python_pkg/lib/python3.10/site-packages/demo_python_pkg/learn_thread.py to learn_thread.cpython-310.pyc
[0.859s] byte-compiling /home/mi/FishRos/chapter2/chapt2_ws/install/demo_python_pkg/lib/python3.10/site-packages/demo_python_pkg/__init__.py to __init__.cpython-310.pyc
[0.859s] byte-compiling /home/mi/FishRos/chapter2/chapt2_ws/install/demo_python_pkg/lib/python3.10/site-packages/demo_python_pkg/person_node.py to person_node.cpython-310.pyc
[0.860s] byte-compiling /home/mi/FishRos/chapter2/chapt2_ws/install/demo_python_pkg/lib/python3.10/site-packages/demo_python_pkg/python_node.py to python_node.cpython-310.pyc
[0.860s] running install_data
[0.860s] creating /home/mi/FishRos/chapter2/chapt2_ws/install/demo_python_pkg/share/ament_index
[0.860s] creating /home/mi/FishRos/chapter2/chapt2_ws/install/demo_python_pkg/share/ament_index/resource_index
[0.860s] creating /home/mi/FishRos/chapter2/chapt2_ws/install/demo_python_pkg/share/ament_index/resource_index/packages
[0.860s] copying resource/demo_python_pkg -> /home/mi/FishRos/chapter2/chapt2_ws/install/demo_python_pkg/share/ament_index/resource_index/packages
[0.860s] copying package.xml -> /home/mi/FishRos/chapter2/chapt2_ws/install/demo_python_pkg/share/demo_python_pkg
[0.860s] running install_egg_info
[0.870s] Copying ../../build/demo_python_pkg/demo_python_pkg.egg-info to /home/mi/FishRos/chapter2/chapt2_ws/install/demo_python_pkg/lib/python3.10/site-packages/demo_python_pkg-0.0.0-py3.10.egg-info
[0.871s] running install_scripts
[0.967s] Installing learn_thread script to /home/mi/FishRos/chapter2/chapt2_ws/install/demo_python_pkg/lib/demo_python_pkg
[0.967s] Installing person_node script to /home/mi/FishRos/chapter2/chapt2_ws/install/demo_python_pkg/lib/demo_python_pkg
[0.967s] Installing python_node script to /home/mi/FishRos/chapter2/chapt2_ws/install/demo_python_pkg/lib/demo_python_pkg
[0.967s] Installing write_node script to /home/mi/FishRos/chapter2/chapt2_ws/install/demo_python_pkg/lib/demo_python_pkg
[0.967s] writing list of installed files to '/home/mi/FishRos/chapter2/chapt2_ws/build/demo_python_pkg/install.log'
[0.985s] Invoked command in '/home/mi/FishRos/chapter2/chapt2_ws/src/demo_python_pkg' returned '0': AMENT_PREFIX_PATH=/home/mi/FishRos/chapter2/chapt2_ws/install/demo_cpp_pkg:${AMENT_PREFIX_PATH} CMAKE_PREFIX_PATH=/home/mi/FishRos/chapter2/chapt2_ws/install/demo_cpp_pkg:${CMAKE_PREFIX_PATH} PYTHONPATH=/home/mi/FishRos/chapter2/chapt2_ws/build/demo_python_pkg/prefix_override:/usr/lib/python3/dist-packages/colcon_core/task/python/colcon_distutils_commands:/home/mi/FishRos/chapter2/chapt2_ws/install/demo_python_pkg/lib/python3.10/site-packages:${PYTHONPATH} /usr/bin/python3 -W ignore:setup.py install is deprecated -W ignore:easy_install command is deprecated setup.py egg_info --egg-base ../../build/demo_python_pkg build --build-base /home/mi/FishRos/chapter2/chapt2_ws/build/demo_python_pkg/build install --record /home/mi/FishRos/chapter2/chapt2_ws/build/demo_python_pkg/install.log --single-version-externally-managed install_data
